Component: ARM Compiler 5.06 update 1 (build 61) Tool: armlink [4d35a8]

==============================================================================

Section Cross References

    startup_stm32f10x_md.o(RESET) refers to startup_stm32f10x_md.o(STACK) for __initial_sp
    startup_stm32f10x_md.o(RESET) refers to startup_stm32f10x_md.o(.text) for Reset_Handler
    startup_stm32f10x_md.o(RESET) refers to stm32f10x_it.o(i.NMI_Handler) for NMI_Handler
    startup_stm32f10x_md.o(RESET) refers to stm32f10x_it.o(i.HardFault_Handler) for HardFault_Handler
    startup_stm32f10x_md.o(RESET) refers to stm32f10x_it.o(i.MemManage_Handler) for MemManage_Handler
    startup_stm32f10x_md.o(RESET) refers to stm32f10x_it.o(i.BusFault_Handler) for BusFault_Handler
    startup_stm32f10x_md.o(RESET) refers to stm32f10x_it.o(i.UsageFault_Handler) for UsageFault_Handler
    startup_stm32f10x_md.o(RESET) refers to stm32f10x_it.o(i.SVC_Handler) for SVC_Handler
    startup_stm32f10x_md.o(RESET) refers to stm32f10x_it.o(i.DebugMon_Handler) for DebugMon_Handler
    startup_stm32f10x_md.o(RESET) refers to stm32f10x_it.o(i.PendSV_Handler) for PendSV_Handler
    startup_stm32f10x_md.o(RESET) refers to stm32f10x_it.o(i.SysTick_Handler) for SysTick_Handler
    startup_stm32f10x_md.o(RESET) refers to stm32f10x_it.o(i.USART1_IRQHandler) for USART1_IRQHandler
    startup_stm32f10x_md.o(.text) refers to system_stm32f10x.o(i.SystemInit) for SystemInit
    startup_stm32f10x_md.o(.text) refers to entry.o(.ARM.Collect$$$$00000000) for __main
    system_stm32f10x.o(i.SetSysClock) refers to system_stm32f10x.o(i.SetSysClockTo72) for SetSysClockTo72
    system_stm32f10x.o(i.SystemCoreClockUpdate) refers to system_stm32f10x.o(.data) for SystemCoreClock
    system_stm32f10x.o(i.SystemInit) refers to system_stm32f10x.o(i.SetSysClock) for SetSysClock
    stm32f10x_adc.o(i.ADC_DeInit) refers to stm32f10x_rcc.o(i.RCC_APB2PeriphResetCmd) for RCC_APB2PeriphResetCmd
    stm32f10x_bkp.o(i.BKP_DeInit) refers to stm32f10x_rcc.o(i.RCC_BackupResetCmd) for RCC_BackupResetCmd
    stm32f10x_can.o(i.CAN_DeInit) refers to stm32f10x_rcc.o(i.RCC_APB1PeriphResetCmd) for RCC_APB1PeriphResetCmd
    stm32f10x_can.o(i.CAN_GetITStatus) refers to stm32f10x_can.o(i.CheckITStatus) for CheckITStatus
    stm32f10x_cec.o(i.CEC_DeInit) refers to stm32f10x_rcc.o(i.RCC_APB1PeriphResetCmd) for RCC_APB1PeriphResetCmd
    stm32f10x_dac.o(i.DAC_DeInit) refers to stm32f10x_rcc.o(i.RCC_APB1PeriphResetCmd) for RCC_APB1PeriphResetCmd
    stm32f10x_flash.o(i.FLASH_EnableWriteProtection) refers to stm32f10x_flash.o(i.FLASH_WaitForLastOperation) for FLASH_WaitForLastOperation
    stm32f10x_flash.o(i.FLASH_EraseAllBank1Pages) refers to stm32f10x_flash.o(i.FLASH_WaitForLastBank1Operation) for FLASH_WaitForLastBank1Operation
    stm32f10x_flash.o(i.FLASH_EraseAllPages) refers to stm32f10x_flash.o(i.FLASH_WaitForLastOperation) for FLASH_WaitForLastOperation
    stm32f10x_flash.o(i.FLASH_EraseOptionBytes) refers to stm32f10x_flash.o(i.FLASH_GetReadOutProtectionStatus) for FLASH_GetReadOutProtectionStatus
    stm32f10x_flash.o(i.FLASH_EraseOptionBytes) refers to stm32f10x_flash.o(i.FLASH_WaitForLastOperation) for FLASH_WaitForLastOperation
    stm32f10x_flash.o(i.FLASH_ErasePage) refers to stm32f10x_flash.o(i.FLASH_WaitForLastOperation) for FLASH_WaitForLastOperation
    stm32f10x_flash.o(i.FLASH_ProgramHalfWord) refers to stm32f10x_flash.o(i.FLASH_WaitForLastOperation) for FLASH_WaitForLastOperation
    stm32f10x_flash.o(i.FLASH_ProgramOptionByteData) refers to stm32f10x_flash.o(i.FLASH_WaitForLastOperation) for FLASH_WaitForLastOperation
    stm32f10x_flash.o(i.FLASH_ProgramWord) refers to stm32f10x_flash.o(i.FLASH_WaitForLastOperation) for FLASH_WaitForLastOperation
    stm32f10x_flash.o(i.FLASH_ReadOutProtection) refers to stm32f10x_flash.o(i.FLASH_WaitForLastOperation) for FLASH_WaitForLastOperation
    stm32f10x_flash.o(i.FLASH_UserOptionByteConfig) refers to stm32f10x_flash.o(i.FLASH_WaitForLastOperation) for FLASH_WaitForLastOperation
    stm32f10x_flash.o(i.FLASH_WaitForLastBank1Operation) refers to stm32f10x_flash.o(i.FLASH_GetBank1Status) for FLASH_GetBank1Status
    stm32f10x_flash.o(i.FLASH_WaitForLastOperation) refers to stm32f10x_flash.o(i.FLASH_GetBank1Status) for FLASH_GetBank1Status
    stm32f10x_gpio.o(i.GPIO_AFIODeInit) refers to stm32f10x_rcc.o(i.RCC_APB2PeriphResetCmd) for RCC_APB2PeriphResetCmd
    stm32f10x_gpio.o(i.GPIO_DeInit) refers to stm32f10x_rcc.o(i.RCC_APB2PeriphResetCmd) for RCC_APB2PeriphResetCmd
    stm32f10x_i2c.o(i.I2C_DeInit) refers to stm32f10x_rcc.o(i.RCC_APB1PeriphResetCmd) for RCC_APB1PeriphResetCmd
    stm32f10x_i2c.o(i.I2C_Init) refers to stm32f10x_rcc.o(i.RCC_GetClocksFreq) for RCC_GetClocksFreq
    stm32f10x_pwr.o(i.PWR_DeInit) refers to stm32f10x_rcc.o(i.RCC_APB1PeriphResetCmd) for RCC_APB1PeriphResetCmd
    stm32f10x_rcc.o(i.RCC_GetClocksFreq) refers to stm32f10x_rcc.o(.data) for APBAHBPrescTable
[...]
    i.TIM_SetCompare1                        0x0800376a   Section        0  stm32f10x_tim.o(i.TIM_SetCompare1)
    i.TIM_SetCompare2                        0x0800376e   Section        0  stm32f10x_tim.o(i.TIM_SetCompare2)
    i.TIM_SetCompare3                        0x08003772   Section        0  stm32f10x_tim.o(i.TIM_SetCompare3)
    i.TIM_SetCompare4                        0x08003776   Section        0  stm32f10x_tim.o(i.TIM_SetCompare4)
    i.TIM_TimeBaseInit                       0x0800377c   Section        0  stm32f10x_tim.o(i.TIM_TimeBaseInit)
    i.TaskScheduler_Init                     0x08003820   Section        0  task_scheduler.o(i.TaskScheduler_Init)
    i.TaskScheduler_Register                 0x0800385c   Section        0  task_scheduler.o(i.TaskScheduler_Register)
    i.TaskScheduler_Run                      0x080038ec   Section        0  task_scheduler.o(i.TaskScheduler_Run)
    i.TaskScheduler_Start                    0x08003978   Section        0  task_scheduler.o(i.TaskScheduler_Start)
    i.Task_Face_Update                       0x08003984   Section        0  system_manager.o(i.Task_Face_Update)
    Task_Face_Update                         0x08003985   Thumb Code     8  system_manager.o(i.Task_Face_Update)
    i.Task_MPU6050_Update                    0x0800398c   Section        0  system_manager.o(i.Task_MPU6050_Update)
    Task_MPU6050_Update                      0x0800398d   Thumb Code     8  system_manager.o(i.Task_MPU6050_Update)
    i.Task_RandomFace_Update                 0x08003994   Section        0  system_manager.o(i.Task_RandomFace_Update)
    Task_RandomFace_Update                   0x08003995   Thumb Code    26  system_manager.o(i.Task_RandomFace_Update)
    i.Task_Servo_Update                      0x080039b4   Section        0  system_manager.o(i.Task_Servo_Update)
    Task_Servo_Update                        0x080039b5   Thumb Code    12  system_manager.o(i.Task_Servo_Update)
    i.Task_System_Monitor                    0x080039c0   Section        0  system_manager.o(i.Task_System_Monitor)
    Task_System_Monitor                      0x080039c1   Thumb Code     2  system_manager.o(i.Task_System_Monitor)
    i.Task_Touch_Process                     0x080039c2   Section        0  system_manager.o(i.Task_Touch_Process)
    Task_Touch_Process                       0x080039c3   Thumb Code     8  system_manager.o(i.Task_Touch_Process)
    i.Task_Voice_Process                     0x080039ca   Section        0  system_manager.o(i.Task_Voice_Process)
    Task_Voice_Process                       0x080039cb   Thumb Code     8  system_manager.o(i.Task_Voice_Process)
    i.Touch_Init                             0x080039d4   Section        0  touch.o(i.Touch_Init)
    i.Touch_Process                          0x08003a68   Section        0  touch.o(i.Touch_Process)
    i.USART1_Config                          0x08003ba8   Section        0  usart.o(i.USART1_Config)
    i.USART1_IRQHandler                      0x08003c6c   Section        0  stm32f10x_it.o(i.USART1_IRQHandler)
    i.USART1_IRQHandler_Impl                 0x08003c74   Section        0  usart.o(i.USART1_IRQHandler_Impl)
    i.USART_ClearITPendingBit                0x08003ca4   Section        0  stm32f10x_usart.o(i.USART_ClearITPendingBit)
    i.USART_Cmd                              0x08003cc2   Section        0  stm32f10x_usart.o(i.USART_Cmd)
    i.USART_GetFlagStatus                    0x08003cda   Section        0  stm32f10x_usart.o(i.USART_GetFlagStatus)
    i.USART_GetITStatus                      0x08003cf4   Section        0  stm32f10x_usart.o(i.USART_GetITStatus)
    i.USART_ITConfig                         0x08003d48   Section        0  stm32f10x_usart.o(i.USART_ITConfig)
    i.USART_Init                             0x08003d94   Section        0  stm32f10x_usart.o(i.USART_Init)
    i.USART_ProcessVoiceData                 0x08003e6c   Section        0  usart.o(i.USART_ProcessVoiceData)
    i.USART_ReceiveData                      0x08003eac   Section        0  stm32f10x_usart.o(i.USART_ReceiveData)
    i.USART_RegisterVoiceCallback            0x08003eb8   Section        0  usart.o(i.USART_RegisterVoiceCallback)
    i.USART_SendData                         0x08003ec4   Section        0  stm32f10x_usart.o(i.USART_SendData)
    i.UpdateBlinkSpecial                     0x08003ecc   Section        0  face.o(i.UpdateBlinkSpecial)
    UpdateBlinkSpecial                       0x08003ecd   Thumb Code   216  face.o(i.UpdateBlinkSpecial)
    i.UpdateDynamicSequence                  0x08003fb0   Section        0  face.o(i.UpdateDynamicSequence)
    UpdateDynamicSequence                    0x08003fb1   Thumb Code   126  face.o(i.UpdateDynamicSequence)
    i.UpdateSimpleFace                       0x08004034   Section        0  face.o(i.UpdateSimpleFace)
    UpdateSimpleFace                         0x08004035   Thumb Code   290  face.o(i.UpdateSimpleFace)
    i.UpdateSpecialFace                      0x08004164   Section        0  face.o(i.UpdateSpecialFace)
    UpdateSpecialFace                        0x08004165   Thumb Code    26  face.o(i.UpdateSpecialFace)
    i.UsageFault_Handler                     0x08004184   Section        0  stm32f10x_it.o(i.UsageFault_Handler)
    i.VoiceCommandHandler                    0x08004188   Section        0  system_manager.o(i.VoiceCommandHandler)
    VoiceCommandHandler                      0x08004189   Thumb Code   410  system_manager.o(i.VoiceCommandHandler)
    i.VoiceCommand_To_FaceType               0x08004398   Section        0  face.o(i.VoiceCommand_To_FaceType)
    i.W25Q64_Init                            0x08004450   Section        0  w25q64.o(i.W25Q64_Init)
    i.W25Q64_ReadData                        0x08004490   Section        0  w25q64.o(i.W25Q64_ReadData)
    i.W25Q64_ReadID                          0x08004508   Section        0  w25q64.o(i.W25Q64_ReadID)
    i.__0printf                              0x08004558   Section        0  printfa.o(i.__0printf)
    i.__ARM_fpclassifyf                      0x08004578   Section        0  fpclassifyf.o(i.__ARM_fpclassifyf)
    i.__mathlib_flt_infnan2                  0x0800459e   Section        0  funder.o(i.__mathlib_flt_infnan2)
    i.__mathlib_flt_underflow                0x080045a2   Section        0  funder.o(i.__mathlib_flt_underflow)
    i.__scatterload_copy                     0x080045ac   Section       14  handlers.o(i.__scatterload_copy)
    i.__scatterload_null                     0x080045ba   Section        2  handlers.o(i.__scatterload_null)
    i.__scatterload_zeroinit                 0x080045bc   Section       14  handlers.o(i.__scatterload_zeroinit)
    i.__set_errno                            0x080045cc   Section        0  errno.o(i.__set_errno)
    i._fp_digits                             0x080045d8   Section        0  printfa.o(i._fp_digits)
    _fp_digits                               0x080045d9   Thumb Code   334  printfa.o(i._fp_digits)
    i._printf_core                           0x0800473c   Section        0  printfa.o(i._printf_core)
    _printf_core                             0x0800473d   Thumb Code  1744  printfa.o(i._printf_core)
    i._printf_post_padding                   0x08004e18   Section        0  printfa.o(i._printf_post_padding)
    _printf_post_padding                     0x08004e19   Thumb Code    36  printfa.o(i._printf_post_padding)
    i._printf_pre_padding                    0x08004e3c   Section        0  printfa.o(i._printf_pre_padding)
    _printf_pre_padding                      0x08004e3d   Thumb Code    46  printfa.o(i._printf_pre_padding)
    i.angles_update                          0x08004e6c   Section        0  mpu6050.o(i.angles_update)
    angles_update                            0x08004e6d   Thumb Code   410  mpu6050.o(i.angles_update)
    i.atan2f                                 0x0800504c   Section        0  atan2f.o(i.atan2f)
    i.delay                                  0x080052a8   Section        0  si2c.o(i.delay)
    i.fputc                                  0x080052b8   Section        0  usart.o(i.fputc)
    i.is_shaking                             0x080052dc   Section        0  mpu6050.o(i.is_shaking)
    is_shaking                               0x080052dd   Thumb Code   110  mpu6050.o(i.is_shaking)
    i.main                                   0x08005360   Section        0  main.o(i.main)
    i.motion_detection_update                0x08005380   Section        0  mpu6050.o(i.motion_detection_update)
    motion_detection_update                  0x08005381   Thumb Code   484  mpu6050.o(i.motion_detection_update)
    i.reg_read                               0x08005594   Section        0  mpu6050.o(i.reg_read)
    reg_read                                 0x08005595   Thumb Code    26  mpu6050.o(i.reg_read)
    i.reg_write                              0x080055b4   Section        0  mpu6050.o(i.reg_write)
    reg_write                                0x080055b5   Thumb Code    24  mpu6050.o(i.reg_write)
    i.sqrtf                                  0x080055d0   Section        0  sqrtf.o(i.sqrtf)
    i.trigger_action                         0x080055fc   Section        0  mpu6050.o(i.trigger_action)
    trigger_action                           0x080055fd   Thumb Code    20  mpu6050.o(i.trigger_action)
    .constdata                               0x08005614   Section     2764  face.o(.constdata)
    eyeTab                                   0x08005614   Data          12  face.o(.constdata)
    blink_sequence                           0x08005620   Data          56  face.o(.constdata)
    smile_sequence                           0x08005658   Data          16  face.o(.constdata)
    cry_sequence                             0x08005668   Data          32  face.o(.constdata)
    sad_sequence                             0x08005688   Data          56  face.o(.constdata)
    angry_sequence                           0x080056c0   Data          88  face.o(.constdata)
    comfortable_sequence                     0x08005718   Data          48  face.o(.constdata)
    eat_sequence                             0x08005748   Data          32  face.o(.constdata)
    left_sequence                            0x08005768   Data          80  face.o(.constdata)
    right_sequence                           0x080057b8   Data          80  face.o(.constdata)
    leftup_sequence                          0x08005808   Data          96  face.o(.constdata)
    rightup_sequence                         0x08005868   Data          96  face.o(.constdata)
    leftdown_sequence                        0x080058c8   Data          96  face.o(.constdata)
    rightdown_sequence                       0x08005928   Data          96  face.o(.constdata)
    doubt_sequence                           0x08005988   Data          24  face.o(.constdata)
    dizzy_sequence                           0x080059a0   Data         128  face.o(.constdata)
    vomit_sequence                           0x08005a20   Data          96  face.o(.constdata)
    love_sequence                            0x08005a80   Data          16  face.o(.constdata)
    wake_sequence                            0x08005a90   Data          72  face.o(.constdata)
    sleep_sequence                           0x08005ad8   Data          56  face.o(.constdata)
    struggle_sequence                        0x08005b10   Data           8  face.o(.constdata)
    up_sequence                              0x08005b18   Data          56  face.o(.constdata)
    down_sequence                            0x08005b50   Data          56  face.o(.constdata)
    bt_sequence                              0x08005b88   Data          88  face.o(.constdata)
    sing_sequence                            0x08005be0   Data         408  face.o(.constdata)
    dance_sequence                           0x08005d78   Data           8  face.o(.constdata)
    default_face_configs                     0x08005d80   Data         816  face.o(.constdata)
    single_frame_times                       0x080060b0   Data          48  face.o(.constdata)
    .constdata                               0x080060e0   Section      766  pwm.o(.constdata)
    .constdata                               0x080063e0   Section      244  random.o(.constdata)
    default_probability_table                0x080063e0   Data         228  random.o(.constdata)
    default_config                           0x080064c4   Data          16  random.o(.constdata)
    .constdata                               0x080064d4   Section       60  touch.o(.constdata)
    .conststring                             0x08006510   Section       66  system_manager.o(.conststring)
    .ccmram                                  0x20000000   Section     1024  face.o(.ccmram)
    readBuffer1                              0x20000000   Data        1024  face.o(.ccmram)
    .data                                    0x20000400   Section       20  stm32f10x_rcc.o(.data)
    APBAHBPrescTable                         0x20000400   Data          16  stm32f10x_rcc.o(.data)
    ADCPrescTable                            0x20000410   Data           4  stm32f10x_rcc.o(.data)
    .data                                    0x20000414   Section        9  face.o(.data)
    static_mode                              0x20000414   Data           1  face.o(.data)
    static_frame_addr                        0x20000418   Data           4  face.o(.data)
    currentEyeIndex                          0x2000041c   Data           1  face.o(.data)
    .data                                    0x20000420   Section       22  pwm.o(.data)
    g_servoNow                               0x20000420   Data           7  pwm.o(.data)
    g_multiCommandCount                      0x20000427   Data           1  pwm.o(.data)
    g_multiStartTime                         0x20000428   Data           4  pwm.o(.data)
    g_sequence_count                         0x2000042c   Data           1  pwm.o(.data)
    g_sequence_index                         0x2000042d   Data           1  pwm.o(.data)
    g_sequence_start_time                    0x20000430   Data           4  pwm.o(.data)
    g_sequence_running                       0x20000434   Data           1  pwm.o(.data)
    g_sequence_completed                     0x20000435   Data           1  pwm.o(.data)
    .data                                    0x20000436   Section        1  random.o(.data)
    random_face_enabled                      0x20000436   Data           1  random.o(.data)
    .data                                    0x20000438   Section       20  usart.o(.data)
    g_lastVoiceCmd                           0x20000438   Data           1  usart.o(.data)
    g_newVoiceCmdFlag                        0x20000439   Data           1  usart.o(.data)
    g_voiceCallback                          0x2000043c   Data           4  usart.o(.data)
    g_lastCmdTime                            0x20000440   Data           4  usart.o(.data)
    g_uartRxWriteIndex                       0x20000444   Data           2  usart.o(.data)
    g_uartRxReadIndex                        0x20000446   Data           2  usart.o(.data)
    lastProcessTime                          0x20000448   Data           4  usart.o(.data)
    .data                                    0x2000044c   Section       56  touch.o(.data)
    g_touchEvent                             0x2000044c   Data           1  touch.o(.data)
    g_lastTouchTime                          0x20000450   Data           4  touch.o(.data)
    g_isTouching                             0x20000454   Data           1  touch.o(.data)
    g_touchProcessed                         0x20000455   Data           1  touch.o(.data)
    g_touchEndTime                           0x20000458   Data           4  touch.o(.data)
    g_shyActionRunning                       0x2000045c   Data           1  touch.o(.data)
    g_lastShyActionTime                      0x20000460   Data           4  touch.o(.data)
    g_lastStableState                        0x20000464   Data           1  touch.o(.data)
    g_lastStateChangeTime                    0x20000468   Data           4  touch.o(.data)
    g_touch_delay_time                       0x2000046c   Data           4  touch.o(.data)
    g_touchStartCallback                     0x20000470   Data           4  touch.o(.data)
    g_touchEndCallback                       0x20000474   Data           4  touch.o(.data)
    touch_fsm_state                          0x20000478   Data           1  touch.o(.data)
    touch_debounce_timer                     0x2000047c   Data           4  touch.o(.data)
    last_shy_repeat                          0x20000480   Data           4  touch.o(.data)
    .data                                    0x20000484   Section       12  delay.o(.data)
    delay_initialized_flag                   0x20000488   Data           1  delay.o(.data)
    us_per_mini_tick                         0x2000048c   Data           4  delay.o(.data)
    .data                                    0x20000490   Section      125  mpu6050.o(.data)
    ax                                       0x20000490   Data           4  mpu6050.o(.data)
    ay                                       0x20000494   Data           4  mpu6050.o(.data)
    az                                       0x20000498   Data           4  mpu6050.o(.data)
    gx                                       0x2000049c   Data           4  mpu6050.o(.data)
    gy                                       0x200004a0   Data           4  mpu6050.o(.data)
    gz                                       0x200004a4   Data           4  mpu6050.o(.data)
    temp                                     0x200004a8   Data           4  mpu6050.o(.data)
    yaw                                      0x200004ac   Data           4  mpu6050.o(.data)
    roll                                     0x200004b0   Data           4  mpu6050.o(.data)
    pitch                                    0x200004b4   Data           4  mpu6050.o(.data)
    mpu_state                                0x200004b8   Data           1  mpu6050.o(.data)
    shake_start_time                         0x200004bc   Data           4  mpu6050.o(.data)
    stable_start_time                        0x200004c0   Data           4  mpu6050.o(.data)
    last_dizzy_trigger_time                  0x200004c4   Data           4  mpu6050.o(.data)
    dizzy_extend_start_time                  0x200004c8   Data           4  mpu6050.o(.data)
    action_callback                          0x200004cc   Data           4  mpu6050.o(.data)
    action_ignore_until                      0x200004d0   Data           4  mpu6050.o(.data)
    accel_shake_threshold                    0x200004d4   Data           4  mpu6050.o(.data)
    f_gx                                     0x200004d8   Data           4  mpu6050.o(.data)
    f_gy                                     0x200004dc   Data           4  mpu6050.o(.data)
    f_gz                                     0x200004e0   Data           4  mpu6050.o(.data)
    f_ax                                     0x200004e4   Data           4  mpu6050.o(.data)
    f_ay                                     0x200004e8   Data           4  mpu6050.o(.data)
    f_az                                     0x200004ec   Data           4  mpu6050.o(.data)
    shake_confirm_count                      0x200004f0   Data           4  mpu6050.o(.data)
    last_shake_state                         0x200004f4   Data           1  mpu6050.o(.data)
    lie_callback                             0x200004f8   Data           4  mpu6050.o(.data)
    stand_callback                           0x200004fc   Data           4  mpu6050.o(.data)
    lie_state_entered                        0x20000500   Data           1  mpu6050.o(.data)
    shake_threshold                          0x20000504   Data           4  mpu6050.o(.data)
    last_update_time                         0x20000508   Data           4  mpu6050.o(.data)
    first                                    0x2000050c   Data           1  mpu6050.o(.data)
    .data                                    0x20000510   Section       40  system_manager.o(.data)
    system_state                             0x20000510   Data           1  system_manager.o(.data)
    wake_completed                           0x20000511   Data           1  system_manager.o(.data)
    mpu_vomit_playing                        0x20000512   Data           1  system_manager.o(.data)
    mpu_dizzy_playing                        0x20000513   Data           1  system_manager.o(.data)
    last_dizzy_check_time                    0x20000514   Data           4  system_manager.o(.data)
    battery_low_handled                      0x20000518   Data           1  system_manager.o(.data)
    last_battery_warning_time                0x2000051c   Data           4  system_manager.o(.data)
    lying_struggle_active                    0x20000520   Data           1  system_manager.o(.data)
    last_struggle_trigger                    0x20000524   Data           4  system_manager.o(.data)
    sleep_static_mode                        0x20000528   Data           1  system_manager.o(.data)
    sleep_triggered                          0x20000529   Data           1  system_manager.o(.data)
    lastCmd                                  0x2000052a   Data           1  system_manager.o(.data)
    lastSendTime                             0x2000052c   Data           4  system_manager.o(.data)
    lastFace                                 0x20000530   Data           1  system_manager.o(.data)
    lastActionTime                           0x20000534   Data           4  system_manager.o(.data)
    .data                                    0x20000538   Section        2  task_scheduler.o(.data)
    task_count                               0x20000538   Data           1  task_scheduler.o(.data)
    scheduler_running                        0x20000539   Data           1  task_scheduler.o(.data)
    .data                                    0x2000053c   Section        4  stdout.o(.data)
    .data                                    0x20000540   Section        4  errno.o(.data)
    _errno                                   0x20000540   Data           4  errno.o(.data)
    .bss                                     0x20000544   Section      864  face.o(.bss)
    face_state                               0x20000544   Data          48  face.o(.bss)
    face_configs                             0x20000574   Data         816  face.o(.bss)
    .bss                                     0x200008a4   Section      504  pwm.o(.bss)
    g_servoMotions                           0x200008a4   Data          96  pwm.o(.bss)
    g_multiCommands                          0x20000904   Data          24  pwm.o(.bss)
    g_sequence                               0x2000091c   Data         384  pwm.o(.bss)
    .bss                                     0x20000a9c   Section       28  random.o(.bss)
    random_face_state                        0x20000a9c   Data          28  random.o(.bss)
    .bss                                     0x20000ab8   Section       16  usart.o(.bss)
    g_uartRxBuffer                           0x20000ab8   Data          16  usart.o(.bss)
    .bss                                     0x20000ac8   Section       16  mpu6050.o(.bss)
    si2c                                     0x20000ac8   Data          16  mpu6050.o(.bss)
    .bss                                     0x20000ad8   Section      500  task_scheduler.o(.bss)
    task_list                                0x20000ad8   Data         500  task_scheduler.o(.bss)
    .bss                                     0x20000ccc   Section     1152  oled.o(.bss)
    STACK                                    0x20001150   Section     1024  startup_stm32f10x_md.o(STACK)

    Global Symbols

    Symbol Name                              Value     Ov Type        Size  Object(Section)

    BuildAttributes$$THM_ISAv4$P$D$K$B$S$PE$A:L22UL41UL21$X:L11$S22US41US21$IEEE1$IW$USESV6$~STKCKD$USESV7$~SHL$OTIME$ROPI$IEEEX$EBA8$MICROLIB$REQ8$PRES8$EABIv2 0x00000000   Number         0  anon$$obj.o ABSOLUTE
    __ARM_use_no_argv                        0x00000000   Number         0  main.o ABSOLUTE
    _printf_a                                0x00000000   Number         0  stubs.o ABSOLUTE
    _printf_c                                0x00000000   Number         0  stubs.o ABSOLUTE
    _printf_charcount                        0x00000000   Number         0  stubs.o ABSOLUTE
    _printf_d                                0x00000000   Number         0  stubs.o ABSOLUTE
    _printf_e                                0x00000000   Number         0  stubs.o ABSOLUTE
    _printf_f                                0x00000000   Number         0  stubs.o ABSOLUTE
    _printf_flags                            0x00000000   Number         0  stubs.o ABSOLUTE
    _printf_fp_dec                           0x00000000   Number         0  stubs.o ABSOLUTE
    _printf_fp_hex                           0x00000000   Number         0  stubs.o ABSOLUTE
    _printf_g                                0x00000000   Number         0  stubs.o ABSOLUTE
    _printf_i                                0x00000000   Number         0  stubs.o ABSOLUTE
    _printf_int_dec                          0x00000000   Number         0  stubs.o ABSOLUTE
    _printf_l                                0x00000000   Number         0  stubs.o ABSOLUTE
    _printf_lc                               0x00000000   Number         0  stubs.o ABSOLUTE
    _printf_ll                               0x00000000   Number         0  stubs.o ABSOLUTE
    _printf_lld                              0x00000000   Number         0  stubs.o ABSOLUTE
    _printf_lli                              0x00000000   Number         0  stubs.o ABSOLUTE
    _printf_llo                              0x00000000   Number         0  stubs.o ABSOLUTE
    _printf_llu                              0x00000000   Number         0  stubs.o ABSOLUTE
    _printf_llx                              0x00000000   Number         0  stubs.o ABSOLUTE
    _printf_longlong_dec                     0x00000000   Number         0  stubs.o ABSOLUTE
    _printf_longlong_hex                     0x00000000   Number         0  stubs.o ABSOLUTE
    _printf_longlong_oct                     0x00000000   Number         0  stubs.o ABSOLUTE
    _printf_ls                               0x00000000   Number         0  stubs.o ABSOLUTE
    _printf_mbtowc                           0x00000000   Number         0  stubs.o ABSOLUTE
    _printf_n                                0x00000000   Number         0  stubs.o ABSOLUTE
    _printf_o                                0x00000000   Number         0  stubs.o ABSOLUTE
    _printf_p                                0x00000000   Number         0  stubs.o ABSOLUTE
    _printf_percent                          0x00000000   Number         0  stubs.o ABSOLUTE
    _printf_pre_padding                      0x00000000   Number         0  stubs.o ABSOLUTE
    _printf_return_value                     0x00000000   Number         0  stubs.o ABSOLUTE
    _printf_s                                0x00000000   Number         0  stubs.o ABSOLUTE
    _printf_sizespec                         0x00000000   Number         0  stubs.o ABSOLUTE
    _printf_str                              0x00000000   Number         0  stubs.o ABSOLUTE
    _printf_truncate_signed                  0x00000000   Number         0  stubs.o ABSOLUTE
    _printf_truncate_unsigned                0x00000000   Number         0  stubs.o ABSOLUTE
    _printf_u                                0x00000000   Number         0  stubs.o ABSOLUTE
    _printf_wc                               0x00000000   Number         0  stubs.o ABSOLUTE
    _printf_wctomb                           0x00000000   Number         0  stubs.o ABSOLUTE
    _printf_widthprec                        0x00000000   Number         0  stubs.o ABSOLUTE
    _printf_x                                0x00000000   Number         0  stubs.o ABSOLUTE
    __cpp_initialize__aeabi_                  - Undefined Weak Reference
    __cxa_finalize                            - Undefined Weak Reference
    _clock_init                               - Undefined Weak Reference
    _microlib_exit                            - Undefined Weak Reference
    __Vectors_Size                           0x000000ec   Number         0  startup_stm32f10x_md.o ABSOLUTE
    __Vectors                                0x08000000   Data           4  startup_stm32f10x_md.o(RESET)
    __Vectors_End                            0x080000ec   Data           0  startup_stm32f10x_md.o(RESET)
    __main                                   0x080000ed   Thumb Code     0  entry.o(.ARM.Collect$$$$00000000)
    _main_stk                                0x080000ed   Thumb Code     0  entry2.o(.ARM.Collect$$$$00000001)
    _main_scatterload                        0x080000f1   Thumb Code     0  entry5.o(.ARM.Collect$$$$00000004)
    __main_after_scatterload                 0x080000f5   Thumb Code     0  entry5.o(.ARM.Collect$$$$00000004)
    _main_clock                              0x080000f5   Thumb Code     0  entry7b.o(.ARM.Collect$$$$00000008)
    _main_cpp_init                           0x080000f5   Thumb Code     0  entry8b.o(.ARM.Collect$$$$0000000A)
    _main_init                               0x080000f5   Thumb Code     0  entry9a.o(.ARM.Collect$$$$0000000B)
    __rt_final_cpp                           0x080000fd   Thumb Code     0  entry10a.o(.ARM.Collect$$$$0000000D)
    __rt_final_exit                          0x080000fd   Thumb Code     0  entry11a.o(.ARM.Collect$$$$0000000F)
    Reset_Handler                            0x08000101   Thumb Code     8  startup_stm32f10x_md.o(.text)
    ADC1_2_IRQHandler                        0x0800011b   Thumb Code     0  startup_stm32f10x_md.o(.text)
    CAN1_RX1_IRQHandler                      0x0800011b   Thumb Code     0  startup_stm32f10x_md.o(.text)
    CAN1_SCE_IRQHandler                      0x0800011b   Thumb Code     0  startup_stm32f10x_md.o(.text)
    DMA1_Channel1_IRQHandler                 0x0800011b   Thumb Code     0  startup_stm32f10x_md.o(.text)
    DMA1_Channel2_IRQHandler                 0x0800011b   Thumb Code     0  startup_stm32f10x_md.o(.text)
    DMA1_Channel3_IRQHandler                 0x0800011b   Thumb Code     0  startup_stm32f10x_md.o(.text)
    DMA1_Channel4_IRQHandler                 0x0800011b   Thumb Code     0  startup_stm32f10x_md.o(.text)
    DMA1_Channel5_IRQHandler                 0x0800011b   Thumb Code     0  startup_stm32f10x_md.o(.text)
    DMA1_Channel6_IRQHandler                 0x0800011b   Thumb Code     0  startup_stm32f10x_md.o(.text)
    DMA1_Channel7_IRQHandler                 0x0800011b   Thumb Code     0  startup_stm32f10x_md.o(.text)
    EXTI0_IRQHandler                         0x0800011b   Thumb Code     0  startup_stm32f10x_md.o(.text)
    EXTI15_10_IRQHandler                     0x0800011b   Thumb Code     0  startup_stm32f10x_md.o(.text)
    EXTI1_IRQHandler                         0x0800011b   Thumb Code     0  startup_stm32f10x_md.o(.text)
    EXTI2_IRQHandler                         0x0800011b   Thumb Code     0  startup_stm32f10x_md.o(.text)
    EXTI3_IRQHandler                         0x0800011b   Thumb Code     0  startup_stm32f10x_md.o(.text)
    EXTI4_IRQHandler                         0x0800011b   Thumb Code     0  startup_stm32f10x_md.o(.text)
    EXTI9_5_IRQHandler                       0x0800011b   Thumb Code     0  startup_stm32f10x_md.o(.text)
    FLASH_IRQHandler                         0x0800011b   Thumb Code     0  startup_stm32f10x_md.o(.text)
    I2C1_ER_IRQHandler                       0x0800011b   Thumb Code     0  startup_stm32f10x_md.o(.text)
    I2C1_EV_IRQHandler                       0x0800011b   Thumb Code     0  startup_stm32f10x_md.o(.text)
    I2C2_ER_IRQHandler                       0x0800011b   Thumb Code     0  startup_stm32f10x_md.o(.text)
    I2C2_EV_IRQHandler                       0x0800011b   Thumb Code     0  startup_stm32f10x_md.o(.text)
    PVD_IRQHandler                           0x0800011b   Thumb Code     0  startup_stm32f10x_md.o(.text)
    RCC_IRQHandler                           0x0800011b   Thumb Code     0  startup_stm32f10x_md.o(.text)
    RTCAlarm_IRQHandler                      0x0800011b   Thumb Code     0  startup_stm32f10x_md.o(.text)
    RTC_IRQHandler                           0x0800011b   Thumb Code     0  startup_stm32f10x_md.o(.text)
    SPI1_IRQHandler                          0x0800011b   Thumb Code     0  startup_stm32f10x_md.o(.text)
    SPI2_IRQHandler                          0x0800011b   Thumb Code     0  startup_stm32f10x_md.o(.text)
    TAMPER_IRQHandler                        0x0800011b   Thumb Code     0  startup_stm32f10x_md.o(.text)
    TIM1_BRK_IRQHandler                      0x0800011b   Thumb Code     0  startup_stm32f10x_md.o(.text)
    TIM1_CC_IRQHandler                       0x0800011b   Thumb Code     0  startup_stm32f10x_md.o(.text)
    TIM1_TRG_COM_IRQHandler                  0x0800011b   Thumb Code     0  startup_stm32f10x_md.o(.text)
    TIM1_UP_IRQHandler                       0x0800011b   Thumb Code     0  startup_stm32f10x_md.o(.text)
    TIM2_IRQHandler                          0x0800011b   Thumb Code     0  startup_stm32f10x_md.o(.text)
    TIM3_IRQHandler                          0x0800011b   Thumb Code     0  startup_stm32f10x_md.o(.text)
    TIM4_IRQHandler                          0x0800011b   Thumb Code     0  startup_stm32f10x_md.o(.text)
    USART2_IRQHandler                        0x0800011b   Thumb Code     0  startup_stm32f10x_md.o(.text)
    USART3_IRQHandler                        0x0800011b   Thumb Code     0  startup_stm32f10x_md.o(.text)
    USBWakeUp_IRQHandler                     0x0800011b   Thumb Code     0  startup_stm32f10x_md.o(.text)
    USB_HP_CAN1_TX_IRQHandler                0x0800011b   Thumb Code     0  startup_stm32f10x_md.o(.text)
    USB_LP_CAN1_RX0_IRQHandler               0x0800011b   Thumb Code     0  startup_stm32f10x_md.o(.text)
    WWDG_IRQHandler                          0x0800011b   Thumb Code     0  startup_stm32f10x_md.o(.text)
    __aeabi_memcpy                           0x08000125   Thumb Code    36  memcpya.o(.text)
    __aeabi_memcpy4                          0x08000125   Thumb Code     0  memcpya.o(.text)
    __aeabi_memcpy8                          0x08000125   Thumb Code     0  memcpya.o(.text)
    __aeabi_memset                           0x08000149   Thumb Code    14  memseta.o(.text)
    __aeabi_memset4                          0x08000149   Thumb Code     0  memseta.o(.text)
    __aeabi_memset8                          0x08000149   Thumb Code     0  memseta.o(.text)
    __aeabi_memclr                           0x08000157   Thumb Code     4  memseta.o(.text)
    __aeabi_memclr4                          0x08000157   Thumb Code     0  memseta.o(.text)
    __aeabi_memclr8                          0x08000157   Thumb Code     0  memseta.o(.text)
    _memset$wrapper                          0x0800015b   Thumb Code    18  memseta.o(.text)
    __aeabi_fadd                             0x0800016d   Thumb Code   164  fadd.o(.text)
    __aeabi_fsub                             0x08000211   Thumb Code     6  fadd.o(.text)
    __aeabi_frsub                            0x08000217   Thumb Code     6  fadd.o(.text)
    __aeabi_fmul                             0x0800021d   Thumb Code   100  fmul.o(.text)
    __aeabi_fdiv                             0x08000281   Thumb Code   124  fdiv.o(.text)
    __aeabi_ddiv                             0x080002fd   Thumb Code   222  ddiv.o(.text)
    __aeabi_i2f                              0x080003db   Thumb Code    18  fflti.o(.text)
    __aeabi_ui2f                             0x080003ed   Thumb Code    10  ffltui.o(.text)
    __aeabi_ui2d                             0x080003f7   Thumb Code    26  dfltui.o(.text)
    __aeabi_f2uiz                            0x08000411   Thumb Code    40  ffixui.o(.text)
    __aeabi_d2f                              0x08000439   Thumb Code    56  d2f.o(.text)
    __aeabi_cfcmpeq                          0x08000471   Thumb Code     0  cfcmple.o(.text)
    __aeabi_cfcmple                          0x08000471   Thumb Code    20  cfcmple.o(.text)
    __aeabi_cfrcmple                         0x08000485   Thumb Code    20  cfrcmple.o(.text)
    __aeabi_uidiv                            0x08000499   Thumb Code     0  uidiv.o(.text)
    __aeabi_uidivmod                         0x08000499   Thumb Code    44  uidiv.o(.text)
    __aeabi_uldivmod                         0x080004c5   Thumb Code    98  uldiv.o(.text)
    __I$use$fp                               0x08000527   Thumb Code     0  iusefp.o(.text)
    _float_round                             0x08000527   Thumb Code    18  fepilogue.o(.text)
    _float_epilogue                          0x08000539   Thumb Code    92  fepilogue.o(.text)
    _fsqrt                                   0x08000595   Thumb Code    94  fsqrt.o(.text)
    _double_round                            0x080005f3   Thumb Code    30  depilogue.o(.text)
    _double_epilogue                         0x08000611   Thumb Code   156  depilogue.o(.text)
    __aeabi_dadd                             0x080006ad   Thumb Code   322  dadd.o(.text)
    __aeabi_dsub                             0x080007ef   Thumb Code     6  dadd.o(.text)
    __aeabi_drsub                            0x080007f5   Thumb Code     6  dadd.o(.text)
    __aeabi_dmul                             0x080007fb   Thumb Code   228  dmul.o(.text)
    __aeabi_d2ulz                            0x080008df   Thumb Code    48  dfixul.o(.text)
    __aeabi_cdrcmple                         0x08000911   Thumb Code    48  cdrcmple.o(.text)
    __scatterload                            0x08000941   Thumb Code    28  init.o(.text)
    __scatterload_rt2                        0x08000941   Thumb Code     0  init.o(.text)
    __aeabi_llsl                             0x08000965   Thumb Code    30  llshl.o(.text)
    _ll_shift_l                              0x08000965   Thumb Code     0  llshl.o(.text)
    __aeabi_llsr                             0x08000983   Thumb Code    32  llushr.o(.text)
    _ll_ushift_r                             0x08000983   Thumb Code     0  llushr.o(.text)
    __aeabi_lasr                             0x080009a3   Thumb Code    36  llsshr.o(.text)
    _ll_sshift_r                             0x080009a3   Thumb Code     0  llsshr.o(.text)
    __ARM_scalbnf                            0x080009c7   Thumb Code    24  fscalb.o(.text)
    scalbnf                                  0x080009c7   Thumb Code     0  fscalb.o(.text)
    __decompress                             0x080009df   Thumb Code     0  __dczerorl2.o(.text)
    __decompress1                            0x080009df   Thumb Code    86  __dczerorl2.o(.text)
    Action_Comfortable_NonBlocking           0x08000a35   Thumb Code    26  pwm.o(i.Action_Comfortable_NonBlocking)
    Action_Init                              0x08000a55   Thumb Code    58  pwm.o(i.Action_Init)
    Action_Sad_NonBlocking                   0x08000a91   Thumb Code    26  pwm.o(i.Action_Sad_NonBlocking)
    Action_Smile_NonBlocking                 0x08000ab1   Thumb Code    26  pwm.o(i.Action_Smile_NonBlocking)
    Action_Struggle_NonBlocking              0x08000ad1   Thumb Code   208  pwm.o(i.Action_Struggle_NonBlocking)
    App_MPU6050_Init                         0x08000ba5   Thumb Code   128  mpu6050.o(i.App_MPU6050_Init)
    App_MPU6050_Update                       0x08000c51   Thumb Code   506  mpu6050.o(i.App_MPU6050_Update)
    App_PWM_Init                             0x08000e95   Thumb Code   448  pwm.o(i.App_PWM_Init)
    BusFault_Handler                         0x0800106d   Thumb Code     4  stm32f10x_it.o(i.BusFault_Handler)
    Complex_Dance_NonBlocking                0x08001071   Thumb Code   462  pwm.o(i.Complex_Dance_NonBlocking)
    Complex_Eat_NonBlocking                  0x08001245   Thumb Code    26  pwm.o(i.Complex_Eat_NonBlocking)
    DebugMon_Handler                         0x08001265   Thumb Code     2  stm32f10x_it.o(i.DebugMon_Handler)
    Delay_Init                               0x08001295   Thumb Code   192  delay.o(i.Delay_Init)
    Delay_ms                                 0x08001369   Thumb Code    32  delay.o(i.Delay_ms)
    Face_EnterStaticMode                     0x080014d1   Thumb Code    32  face.o(i.Face_EnterStaticMode)
    Face_ExitStaticMode                      0x080014fd   Thumb Code     8  face.o(i.Face_ExitStaticMode)
    Face_GetCurrentExpression                0x08001509   Thumb Code     6  face.o(i.Face_GetCurrentExpression)
    Face_Init                                0x08001515   Thumb Code    54  face.o(i.Face_Init)
    Face_IsStaticMode                        0x08001559   Thumb Code     6  face.o(i.Face_IsStaticMode)
    Face_PlayFlashSequenceRange              0x08001565   Thumb Code   110  face.o(i.Face_PlayFlashSequenceRange)
    Face_RequestExpression                   0x080015d9   Thumb Code   184  face.o(i.Face_RequestExpression)
    Face_Update                              0x0800169d   Thumb Code   104  face.o(i.Face_Update)
    GPIO_Init                                0x0800170d   Thumb Code   278  stm32f10x_gpio.o(i.GPIO_Init)
    GPIO_PinRemapConfig                      0x08001825   Thumb Code   138  stm32f10x_gpio.o(i.GPIO_PinRemapConfig)
    GPIO_ReadInputDataBit                    0x080018b5   Thumb Code    18  stm32f10x_gpio.o(i.GPIO_ReadInputDataBit)
    GPIO_ResetBits                           0x080018c7   Thumb Code     4  stm32f10x_gpio.o(i.GPIO_ResetBits)
    GPIO_SetBits                             0x080018cb   Thumb Code     4  stm32f10x_gpio.o(i.GPIO_SetBits)
    GPIO_WriteBit                            0x080018cf   Thumb Code    10  stm32f10x_gpio.o(i.GPIO_WriteBit)
    GetTick                                  0x080019d5   Thumb Code    12  delay.o(i.GetTick)
    Get_Touch_State                          0x080019e5   Thumb Code    14  touch.o(i.Get_Touch_State)
    HardFault_Handler                        0x080019f9   Thumb Code     4  stm32f10x_it.o(i.HardFault_Handler)
    Head_Around_NonBlocking                  0x080019fd   Thumb Code    26  pwm.o(i.Head_Around_NonBlocking)
    Head_Down_NonBlocking                    0x08001a1d   Thumb Code    26  pwm.o(i.Head_Down_NonBlocking)
    Head_LD_NonBlocking                      0x08001a3d   Thumb Code    26  pwm.o(i.Head_LD_NonBlocking)
    Head_LU_NonBlocking                      0x08001a5d   Thumb Code    26  pwm.o(i.Head_LU_NonBlocking)
    Head_Left_NonBlocking                    0x08001a7d   Thumb Code    26  pwm.o(i.Head_Left_NonBlocking)
    Head_RD_NonBlocking                      0x08001a9d   Thumb Code    26  pwm.o(i.Head_RD_NonBlocking)
    Head_RU_NonBlocking                      0x08001abd   Thumb Code    26  pwm.o(i.Head_RU_NonBlocking)
    Head_Response_NonBlocking                0x08001add   Thumb Code    26  pwm.o(i.Head_Response_NonBlocking)
    Head_Right_NonBlocking                   0x08001afd   Thumb Code    26  pwm.o(i.Head_Right_NonBlocking)
    Head_Shake_NonBlocking                   0x08001b1d   Thumb Code    26  pwm.o(i.Head_Shake_NonBlocking)
    Head_Up_NonBlocking                      0x08001b3d   Thumb Code    26  pwm.o(i.Head_Up_NonBlocking)
    IIC_delay                                0x08001b5d   Thumb Code    16  oled.o(i.IIC_delay)
    IWDG_Enable                              0x08001b6d   Thumb Code    10  stm32f10x_iwdg.o(i.IWDG_Enable)
    IWDG_Init                                0x08001b7d   Thumb Code    34  main.o(i.IWDG_Init)
    IWDG_ReloadCounter                       0x08001ba1   Thumb Code    10  stm32f10x_iwdg.o(i.IWDG_ReloadCounter)
    IWDG_SetPrescaler                        0x08001bb1   Thumb Code     6  stm32f10x_iwdg.o(i.IWDG_SetPrescaler)
    IWDG_SetReload                           0x08001bbd   Thumb Code     6  stm32f10x_iwdg.o(i.IWDG_SetReload)
    IWDG_WriteAccessCmd                      0x08001bc9   Thumb Code     6  stm32f10x_iwdg.o(i.IWDG_WriteAccessCmd)
    Is_Allow_Other_Actions                   0x08001c49   Thumb Code    48  touch.o(i.Is_Allow_Other_Actions)
    Is_Touching                              0x08001c85   Thumb Code     6  touch.o(i.Is_Touching)
    MPU6050_GetCurrentState                  0x08001cdd   Thumb Code     6  mpu6050.o(i.MPU6050_GetCurrentState)
    MPU6050_IgnoreActionsFor                 0x08001ce9   Thumb Code    16  mpu6050.o(i.MPU6050_IgnoreActionsFor)
    MPU6050_IsAllowOtherActions              0x08001cfd   Thumb Code    14  mpu6050.o(i.MPU6050_IsAllowOtherActions)
    MPU6050_NotifyVomitComplete              0x08001d11   Thumb Code    26  mpu6050.o(i.MPU6050_NotifyVomitComplete)
    MPU6050_RegisterActionCallback           0x08001d35   Thumb Code     6  mpu6050.o(i.MPU6050_RegisterActionCallback)
    MPU6050_RegisterLieCallback              0x08001d41   Thumb Code     6  mpu6050.o(i.MPU6050_RegisterLieCallback)
    MPU6050_RegisterStandCallback            0x08001d4d   Thumb Code     6  mpu6050.o(i.MPU6050_RegisterStandCallback)
    MemManage_Handler                        0x08001d59   Thumb Code     4  stm32f10x_it.o(i.MemManage_Handler)
    My_SI2C_Init                             0x08001d5d   Thumb Code   218  si2c.o(i.My_SI2C_Init)
    My_SI2C_RegReadBytes                     0x08001e49   Thumb Code   230  si2c.o(i.My_SI2C_RegReadBytes)
    My_SI2C_RegWriteBytes                    0x08001f2f   Thumb Code   146  si2c.o(i.My_SI2C_RegWriteBytes)
    NMI_Handler                              0x08001fc1   Thumb Code     2  stm32f10x_it.o(i.NMI_Handler)
    NVIC_Init                                0x08001fc5   Thumb Code   100  misc.o(i.NVIC_Init)
    OLED_Clear                               0x08002035   Thumb Code    42  oled.o(i.OLED_Clear)
    OLED_DrawPoint                           0x08002065   Thumb Code   114  oled.o(i.OLED_DrawPoint)
    OLED_I2C_Start                           0x080020dd   Thumb Code    56  oled.o(i.OLED_I2C_Start)
    OLED_I2C_Stop                            0x08002119   Thumb Code    38  oled.o(i.OLED_I2C_Stop)
    OLED_I2C_WaitAck                         0x08002145   Thumb Code    46  oled.o(i.OLED_I2C_WaitAck)
    OLED_Init                                0x08002179   Thumb Code   294  oled.o(i.OLED_Init)
    OLED_Refresh                             0x080022a5   Thumb Code   100  oled.o(i.OLED_Refresh)
    OLED_Send_Byte                           0x0800230d   Thumb Code    78  oled.o(i.OLED_Send_Byte)
    OLED_ShowPicture                         0x08002361   Thumb Code   218  oled.o(i.OLED_ShowPicture)
    OLED_WR_Byte                             0x0800243b   Thumb Code    56  oled.o(i.OLED_WR_Byte)
    PendSV_Handler                           0x08002473   Thumb Code     2  stm32f10x_it.o(i.PendSV_Handler)
    RCC_APB1PeriphClockCmd                   0x0800256d   Thumb Code    26  stm32f10x_rcc.o(i.RCC_APB1PeriphClockCmd)
    RCC_APB2PeriphClockCmd                   0x0800258d   Thumb Code    26  stm32f10x_rcc.o(i.RCC_APB2PeriphClockCmd)
    RCC_GetClocksFreq                        0x080025ad   Thumb Code   192  stm32f10x_rcc.o(i.RCC_GetClocksFreq)
    RandomFace_Init                          0x08002681   Thumb Code    46  random.o(i.RandomFace_Init)
    RandomFace_Update                        0x080026bd   Thumb Code    72  random.o(i.RandomFace_Update)
    SPI1_Init                                0x080027e5   Thumb Code   164  spi.o(i.SPI1_Init)
    SPI_Cmd                                  0x08002895   Thumb Code    24  stm32f10x_spi.o(i.SPI_Cmd)
    SPI_I2S_GetFlagStatus                    0x080028ad   Thumb Code    18  stm32f10x_spi.o(i.SPI_I2S_GetFlagStatus)
    SPI_I2S_ReceiveData                      0x080028bf   Thumb Code     6  stm32f10x_spi.o(i.SPI_I2S_ReceiveData)
    SPI_I2S_SendData                         0x080028c5   Thumb Code     4  stm32f10x_spi.o(i.SPI_I2S_SendData)
    SPI_Init                                 0x080028c9   Thumb Code    60  stm32f10x_spi.o(i.SPI_Init)
    SPI_TransmitReceive                      0x08002905   Thumb Code   158  spi.o(i.SPI_TransmitReceive)
    SVC_Handler                              0x080029ad   Thumb Code     2  stm32f10x_it.o(i.SVC_Handler)
    Servo_ExecuteSequence                    0x08002af5   Thumb Code   112  pwm.o(i.Servo_ExecuteSequence)
    Servo_GetState                           0x08002b7d   Thumb Code    24  pwm.o(i.Servo_GetState)
    Servo_IsSequenceCompleted                0x08002b99   Thumb Code     6  pwm.o(i.Servo_IsSequenceCompleted)
    Servo_Set_NonBlocking                    0x08002ba5   Thumb Code    82  pwm.o(i.Servo_Set_NonBlocking)
    Servo_Set_simple                         0x08002c01   Thumb Code   118  pwm.o(i.Servo_Set_simple)
    Servo_StopSequence                       0x08002c81   Thumb Code    46  pwm.o(i.Servo_StopSequence)
    Servo_UpdateSequence                     0x08002cc1   Thumb Code   218  pwm.o(i.Servo_UpdateSequence)
    Servo_Update_NonBlocking                 0x08002db5   Thumb Code   258  pwm.o(i.Servo_Update_NonBlocking)
    SysTick_Handler                          0x08003049   Thumb Code    24  stm32f10x_it.o(i.SysTick_Handler)
    SystemInit                               0x08003065   Thumb Code    78  system_stm32f10x.o(i.SystemInit)
    SystemManager_Init                       0x080030c5   Thumb Code    88  system_manager.o(i.SystemManager_Init)
    SystemManager_Run                        0x080031b9   Thumb Code    24  system_manager.o(i.SystemManager_Run)
    SystemManager_Start                      0x080031d5   Thumb Code    74  system_manager.o(i.SystemManager_Start)
    SystemManager_UpdateSpecialCases         0x08003229   Thumb Code   334  system_manager.o(i.SystemManager_UpdateSpecialCases)
    TIM_ARRPreloadConfig                     0x0800344d   Thumb Code    24  stm32f10x_tim.o(i.TIM_ARRPreloadConfig)
    TIM_CCPreloadControl                     0x08003465   Thumb Code    24  stm32f10x_tim.o(i.TIM_CCPreloadControl)
    TIM_Cmd                                  0x0800347d   Thumb Code    24  stm32f10x_tim.o(i.TIM_Cmd)
    TIM_CtrlPWMOutputs                       0x08003495   Thumb Code    30  stm32f10x_tim.o(i.TIM_CtrlPWMOutputs)
    TIM_OC1Init                              0x080034b5   Thumb Code   132  stm32f10x_tim.o(i.TIM_OC1Init)
    TIM_OC1PreloadConfig                     0x0800354d   Thumb Code    18  stm32f10x_tim.o(i.TIM_OC1PreloadConfig)
    TIM_OC2Init                              0x08003561   Thumb Code   154  stm32f10x_tim.o(i.TIM_OC2Init)
    TIM_OC2PreloadConfig                     0x08003605   Thumb Code    26  stm32f10x_tim.o(i.TIM_OC2PreloadConfig)
    TIM_OC3Init                              0x08003621   Thumb Code   150  stm32f10x_tim.o(i.TIM_OC3Init)
    TIM_OC3PreloadConfig                     0x080036c1   Thumb Code    18  stm32f10x_tim.o(i.TIM_OC3PreloadConfig)
    TIM_OC4Init                              0x080036d5   Thumb Code   114  stm32f10x_tim.o(i.TIM_OC4Init)
    TIM_OC4PreloadConfig                     0x08003751   Thumb Code    26  stm32f10x_tim.o(i.TIM_OC4PreloadConfig)
    TIM_SetCompare1                          0x0800376b   Thumb Code     4  stm32f10x_tim.o(i.TIM_SetCompare1)
    TIM_SetCompare2                          0x0800376f   Thumb Code     4  stm32f10x_tim.o(i.TIM_SetCompare2)
    TIM_SetCompare3                          0x08003773   Thumb Code     4  stm32f10x_tim.o(i.TIM_SetCompare3)
    TIM_SetCompare4                          0x08003777   Thumb Code     6  stm32f10x_tim.o(i.TIM_SetCompare4)
    TIM_TimeBaseInit                         0x0800377d   Thumb Code   122  stm32f10x_tim.o(i.TIM_TimeBaseInit)
    TaskScheduler_Init                       0x08003821   Thumb Code    48  task_scheduler.o(i.TaskScheduler_Init)
    TaskScheduler_Register                   0x0800385d   Thumb Code   136  task_scheduler.o(i.TaskScheduler_Register)
    TaskScheduler_Run                        0x080038ed   Thumb Code   126  task_scheduler.o(i.TaskScheduler_Run)
    TaskScheduler_Start                      0x08003979   Thumb Code     8  task_scheduler.o(i.TaskScheduler_Start)
    Touch_Init                               0x080039d5   Thumb Code    96  touch.o(i.Touch_Init)
    Touch_Process                            0x08003a69   Thumb Code   276  touch.o(i.Touch_Process)
    USART1_Config                            0x08003ba9   Thumb Code   178  usart.o(i.USART1_Config)
    USART1_IRQHandler                        0x08003c6d   Thumb Code     8  stm32f10x_it.o(i.USART1_IRQHandler)
    USART1_IRQHandler_Impl                   0x08003c75   Thumb Code    42  usart.o(i.USART1_IRQHandler_Impl)
    USART_ClearITPendingBit                  0x08003ca5   Thumb Code    30  stm32f10x_usart.o(i.USART_ClearITPendingBit)
    USART_Cmd                                0x08003cc3   Thumb Code    24  stm32f10x_usart.o(i.USART_Cmd)
    USART_GetFlagStatus                      0x08003cdb   Thumb Code    26  stm32f10x_usart.o(i.USART_GetFlagStatus)
    USART_GetITStatus                        0x08003cf5   Thumb Code    84  stm32f10x_usart.o(i.USART_GetITStatus)
    USART_ITConfig                           0x08003d49   Thumb Code    74  stm32f10x_usart.o(i.USART_ITConfig)
    USART_Init                               0x08003d95   Thumb Code   210  stm32f10x_usart.o(i.USART_Init)
    USART_ProcessVoiceData                   0x08003e6d   Thumb Code    58  usart.o(i.USART_ProcessVoiceData)
    USART_ReceiveData                        0x08003ead   Thumb Code    10  stm32f10x_usart.o(i.USART_ReceiveData)
    USART_RegisterVoiceCallback              0x08003eb9   Thumb Code     6  usart.o(i.USART_RegisterVoiceCallback)
    USART_SendData                           0x08003ec5   Thumb Code     8  stm32f10x_usart.o(i.USART_SendData)
    UsageFault_Handler                       0x08004185   Thumb Code     4  stm32f10x_it.o(i.UsageFault_Handler)
    VoiceCommand_To_FaceType                 0x08004399   Thumb Code   182  face.o(i.VoiceCommand_To_FaceType)
    W25Q64_Init                              0x08004451   Thumb Code    60  w25q64.o(i.W25Q64_Init)
    W25Q64_ReadData                          0x08004491   Thumb Code   110  w25q64.o(i.W25Q64_ReadData)
    W25Q64_ReadID                            0x08004509   Thumb Code    74  w25q64.o(i.W25Q64_ReadID)
    __0printf                                0x08004559   Thumb Code    22  printfa.o(i.__0printf)
    __1printf                                0x08004559   Thumb Code     0  printfa.o(i.__0printf)
    __2printf                                0x08004559   Thumb Code     0  printfa.o(i.__0printf)
    __c89printf                              0x08004559   Thumb Code     0  printfa.o(i.__0printf)
    printf                                   0x08004559   Thumb Code     0  printfa.o(i.__0printf)
    __ARM_fpclassifyf                        0x08004579   Thumb Code    38  fpclassifyf.o(i.__ARM_fpclassifyf)
    __mathlib_flt_infnan2                    0x0800459f   Thumb Code     4  funder.o(i.__mathlib_flt_infnan2)
    __mathlib_flt_underflow                  0x080045a3   Thumb Code    10  funder.o(i.__mathlib_flt_underflow)
    __scatterload_copy                       0x080045ad   Thumb Code    14  handlers.o(i.__scatterload_copy)
    __scatterload_null                       0x080045bb   Thumb Code     2  handlers.o(i.__scatterload_null)
    __scatterload_zeroinit                   0x080045bd   Thumb Code    14  handlers.o(i.__scatterload_zeroinit)
    __set_errno                              0x080045cd   Thumb Code     6  errno.o(i.__set_errno)
    atan2f                                   0x0800504d   Thumb Code   528  atan2f.o(i.atan2f)
    delay                                    0x080052a9   Thumb Code    14  si2c.o(i.delay)
    fputc                                    0x080052b9   Thumb Code    32  usart.o(i.fputc)
    main                                     0x08005361   Thumb Code    30  main.o(i.main)
    sqrtf                                    0x080055d1   Thumb Code    44  sqrtf.o(i.sqrtf)
    Region$$Table$$Base                      0x08006554   Number         0  anon$$obj.o(Region$$Table)
    Region$$Table$$Limit                     0x08006574   Number         0  anon$$obj.o(Region$$Table)
    ulTicks                                  0x20000484   Data           4  delay.o(.data)
    __stdout                                 0x2000053c   Data           4  stdout.o(.data)
    OLED_GRAM                                0x20000ccc   Data        1152  oled.o(.bss)
    __initial_sp                             0x20001550   Data           0  startup_stm32f10x_md.o(STACK)



==============================================================================

Memory Map of the image

  Image Entry point : 0x080000ed

  Load Region LR_IROM1 (Base: 0x08000000, Size: 0x00006ab8, Max: 0x00010000, ABSOLUTE, COMPRESSED[0x000065a8])

    Execution Region ER_IROM1 (Exec base: 0x08000000, Load base: 0x08000000, Size: 0x00006574, Max: 0x00010000, ABSOLUTE)

    Exec Addr    Load Addr    Size         Type   Attr      Idx    E Section Name        Object

    0x08000000   0x08000000   0x000000ec   Data   RO            3    RESET               startup_stm32f10x_md.o
    0x080000ec   0x080000ec   0x00000000   Code   RO         4875  * .ARM.Collect$$$$00000000  mc_w.l(entry.o)
    0x080000ec   0x080000ec   0x00000004   Code   RO         5185    .ARM.Collect$$$$00000001  mc_w.l(entry2.o)
    0x080000f0   0x080000f0   0x00000004   Code   RO         5188    .ARM.Collect$$$$00000004  mc_w.l(entry5.o)
    0x080000f4   0x080000f4   0x00000000   Code   RO         5190    .ARM.Collect$$$$00000008  mc_w.l(entry7b.o)
    0x080000f4   0x080000f4   0x00000000   Code   RO         5192    .ARM.Collect$$$$0000000A  mc_w.l(entry8b.o)
    0x080000f4   0x080000f4   0x00000008   Code   RO         5193    .ARM.Collect$$$$0000000B  mc_w.l(entry9a.o)
    0x080000fc   0x080000fc   0x00000000   Code   RO         5195    .ARM.Collect$$$$0000000D  mc_w.l(entry10a.o)
    0x080000fc   0x080000fc   0x00000000   Code   RO         5197    .ARM.Collect$$$$0000000F  mc_w.l(entry11a.o)
    0x080000fc   0x080000fc   0x00000004   Code   RO         5186    .ARM.Collect$$$$00002712  mc_w.l(entry2.o)
    0x08000100   0x08000100   0x00000024   Code   RO            4    .text               startup_stm32f10x_md.o
    0x08000124   0x08000124   0x00000024   Code   RO         4878    .text               mc_w.l(memcpya.o)
    0x08000148   0x08000148   0x00000024   Code   RO         4880    .text               mc_w.l(memseta.o)
    0x0800016c   0x0800016c   0x000000b0   Code   RO         5145    .text               mf_w.l(fadd.o)
    0x0800021c   0x0800021c   0x00000064   Code   RO         5147    .text               mf_w.l(fmul.o)
    0x08000280   0x08000280   0x0000007c   Code   RO         5149    .text               mf_w.l(fdiv.o)
    0x080002fc   0x080002fc   0x000000de   Code   RO         5151    .text               mf_w.l(ddiv.o)
    0x080003da   0x080003da   0x00000012   Code   RO         5153    .text               mf_w.l(fflti.o)
    0x080003ec   0x080003ec   0x0000000a   Code   RO         5155    .text               mf_w.l(ffltui.o)
    0x080003f6   0x080003f6   0x0000001a   Code   RO         5157    .text               mf_w.l(dfltui.o)
    0x08000410   0x08000410   0x00000028   Code   RO         5159    .text               mf_w.l(ffixui.o)
    0x08000438   0x08000438   0x00000038   Code   RO         5163    .text               mf_w.l(d2f.o)
    0x08000470   0x08000470   0x00000014   Code   RO         5165    .text               mf_w.l(cfcmple.o)
    0x08000484   0x08000484   0x00000014   Code   RO         5167    .text               mf_w.l(cfrcmple.o)
    0x08000498   0x08000498   0x0000002c   Code   RO         5200    .text               mc_w.l(uidiv.o)
    0x080004c4   0x080004c4   0x00000062   Code   RO         5202    .text               mc_w.l(uldiv.o)
    0x08000526   0x08000526   0x00000000   Code   RO         5211    .text               mc_w.l(iusefp.o)
    0x08000526   0x08000526   0x0000006e   Code   RO         5212    .text               mf_w.l(fepilogue.o)
    0x08000594   0x08000594   0x0000005e   Code   RO         5214    .text               mf_w.l(fsqrt.o)
    0x080005f2   0x080005f2   0x000000ba   Code   RO         5216    .text               mf_w.l(depilogue.o)
    0x080006ac   0x080006ac   0x0000014e   Code   RO         5218    .text               mf_w.l(dadd.o)
    0x080007fa   0x080007fa   0x000000e4   Code   RO         5220    .text               mf_w.l(dmul.o)
    0x080008de   0x080008de   0x00000030   Code   RO         5222    .text               mf_w.l(dfixul.o)
    0x0800090e   0x0800090e   0x00000002   PAD
    0x08000910   0x08000910   0x00000030   Code   RO         5224    .text               mf_w.l(cdrcmple.o)
    0x08000940   0x08000940   0x00000024   Code   RO         5226    .text               mc_w.l(init.o)
    0x08000964   0x08000964   0x0000001e   Code   RO         5228    .text               mc_w.l(llshl.o)
    0x08000982   0x08000982   0x00000020   Code   RO         5230    .text               mc_w.l(llushr.o)
    0x080009a2   0x080009a2   0x00000024   Code   RO         5232    .text               mc_w.l(llsshr.o)
    0x080009c6   0x080009c6   0x00000018   Code   RO         5234    .text               mf_w.l(fscalb.o)
    0x080009de   0x080009de   0x00000056   Code   RO         5244    .text               mc_w.l(__dczerorl2.o)
    0x08000a34   0x08000a34   0x00000020   Code   RO         3424    i.Action_Comfortable_NonBlocking  pwm.o
    0x08000a54   0x08000a54   0x0000003a   Code   RO         3425    i.Action_Init       pwm.o
    0x08000a8e   0x08000a8e   0x00000002   PAD
    0x08000a90   0x08000a90   0x00000020   Code   RO         3427    i.Action_Sad_NonBlocking  pwm.o
    0x08000ab0   0x08000ab0   0x00000020   Code   RO         3429    i.Action_Smile_NonBlocking  pwm.o
    0x08000ad0   0x08000ad0   0x000000d4   Code   RO         3430    i.Action_Struggle_NonBlocking  pwm.o
    0x08000ba4   0x08000ba4   0x000000ac   Code   RO         4036    i.App_MPU6050_Init  mpu6050.o
    0x08000c50   0x08000c50   0x00000244   Code   RO         4037    i.App_MPU6050_Update  mpu6050.o
    0x08000e94   0x08000e94   0x000001d8   Code   RO         3431    i.App_PWM_Init      pwm.o
    0x0800106c   0x0800106c   0x00000004   Code   RO         4789    i.BusFault_Handler  stm32f10x_it.o
    0x08001070   0x08001070   0x000001d4   Code   RO         3432    i.Complex_Dance_NonBlocking  pwm.o
    0x08001244   0x08001244   0x00000020   Code   RO         3433    i.Complex_Eat_NonBlocking  pwm.o
    0x08001264   0x08001264   0x00000002   Code   RO         4790    i.DebugMon_Handler  stm32f10x_it.o
    0x08001266   0x08001266   0x00000002   PAD
    0x08001268   0x08001268   0x00000018   Code   RO         3902    i.Default_Touch_End_Handler  touch.o
    0x08001280   0x08001280   0x00000012   Code   RO         3903    i.Default_Touch_Start_Handler  touch.o
    0x08001292   0x08001292   0x00000002   PAD
    0x08001294   0x08001294   0x000000d4   Code   RO         3987    i.Delay_Init        delay.o
    0x08001368   0x08001368   0x00000024   Code   RO         3988    i.Delay_ms          delay.o
    0x0800138c   0x0800138c   0x00000058   Code   RO         3250    i.DisplayFrame      face.o
    0x080013e4   0x080013e4   0x000000ec   Code   RO         4270    i.ExpressionWithServo  system_manager.o
    0x080014d0   0x080014d0   0x0000002c   Code   RO         3252    i.Face_EnterStaticMode  face.o
    0x080014fc   0x080014fc   0x0000000c   Code   RO         3253    i.Face_ExitStaticMode  face.o
    0x08001508   0x08001508   0x0000000c   Code   RO         3254    i.Face_GetCurrentExpression  face.o
    0x08001514   0x08001514   0x00000044   Code   RO         3258    i.Face_Init         face.o
    0x08001558   0x08001558   0x0000000c   Code   RO         3259    i.Face_IsStaticMode  face.o
    0x08001564   0x08001564   0x00000074   Code   RO         3260    i.Face_PlayFlashSequenceRange  face.o
    0x080015d8   0x080015d8   0x000000c4   Code   RO         3261    i.Face_RequestExpression  face.o
    0x0800169c   0x0800169c   0x00000070   Code   RO         3264    i.Face_Update       face.o
    0x0800170c   0x0800170c   0x00000116   Code   RO         1347    i.GPIO_Init         stm32f10x_gpio.o
    0x08001822   0x08001822   0x00000002   PAD
    0x08001824   0x08001824   0x00000090   Code   RO         1349    i.GPIO_PinRemapConfig  stm32f10x_gpio.o
    0x080018b4   0x080018b4   0x00000012   Code   RO         1351    i.GPIO_ReadInputDataBit  stm32f10x_gpio.o
    0x080018c6   0x080018c6   0x00000004   Code   RO         1354    i.GPIO_ResetBits    stm32f10x_gpio.o
    0x080018ca   0x080018ca   0x00000004   Code   RO         1355    i.GPIO_SetBits      stm32f10x_gpio.o
    0x080018ce   0x080018ce   0x0000000a   Code   RO         1358    i.GPIO_WriteBit     stm32f10x_gpio.o
    0x080018d8   0x080018d8   0x00000034   Code   RO         3817    i.GetBuffer         usart.o
    0x0800190c   0x0800190c   0x00000018   Code   RO         3265    i.GetRandomDelay    face.o
    0x08001924   0x08001924   0x00000026   Code   RO         3748    i.GetRandomInRange  random.o
    0x0800194a   0x0800194a   0x0000005c   Code   RO         3266    i.GetSingleFrameAddress  face.o
    0x080019a6   0x080019a6   0x00000002   PAD
    0x080019a8   0x080019a8   0x0000002c   Code   RO         3267    i.GetSingleFrameDisplayTime  face.o
    0x080019d4   0x080019d4   0x00000010   Code   RO         3990    i.GetTick           delay.o
    0x080019e4   0x080019e4   0x00000014   Code   RO         3905    i.Get_Touch_State   touch.o
    0x080019f8   0x080019f8   0x00000004   Code   RO         4791    i.HardFault_Handler  stm32f10x_it.o
    0x080019fc   0x080019fc   0x00000020   Code   RO         3434    i.Head_Around_NonBlocking  pwm.o
    0x08001a1c   0x08001a1c   0x00000020   Code   RO         3435    i.Head_Down_NonBlocking  pwm.o
    0x08001a3c   0x08001a3c   0x00000020   Code   RO         3436    i.Head_LD_NonBlocking  pwm.o
    0x08001a5c   0x08001a5c   0x00000020   Code   RO         3437    i.Head_LU_NonBlocking  pwm.o
    0x08001a7c   0x08001a7c   0x00000020   Code   RO         3438    i.Head_Left_NonBlocking  pwm.o
    0x08001a9c   0x08001a9c   0x00000020   Code   RO         3440    i.Head_RD_NonBlocking  pwm.o
    0x08001abc   0x08001abc   0x00000020   Code   RO         3441    i.Head_RU_NonBlocking  pwm.o
    0x08001adc   0x08001adc   0x00000020   Code   RO         3442    i.Head_Response_NonBlocking  pwm.o
    0x08001afc   0x08001afc   0x00000020   Code   RO         3443    i.Head_Right_NonBlocking  pwm.o
    0x08001b1c   0x08001b1c   0x00000020   Code   RO         3444    i.Head_Shake_NonBlocking  pwm.o
    0x08001b3c   0x08001b3c   0x00000020   Code   RO         3445    i.Head_Up_NonBlocking  pwm.o
    0x08001b5c   0x08001b5c   0x00000010   Code   RO         4605    i.IIC_delay         oled.o
    0x08001b6c   0x08001b6c   0x00000010   Code   RO         1665    i.IWDG_Enable       stm32f10x_iwdg.o
    0x08001b7c   0x08001b7c   0x00000022   Code   RO         4756    i.IWDG_Init         main.o
    0x08001b9e   0x08001b9e   0x00000002   PAD
    0x08001ba0   0x08001ba0   0x00000010   Code   RO         1667    i.IWDG_ReloadCounter  stm32f10x_iwdg.o
    0x08001bb0   0x08001bb0   0x0000000c   Code   RO         1668    i.IWDG_SetPrescaler  stm32f10x_iwdg.o
    0x08001bbc   0x08001bbc   0x0000000c   Code   RO         1669    i.IWDG_SetReload    stm32f10x_iwdg.o
    0x08001bc8   0x08001bc8   0x0000000c   Code   RO         1670    i.IWDG_WriteAccessCmd  stm32f10x_iwdg.o
    0x08001bd4   0x08001bd4   0x0000001c   Code   RO         3818    i.IsBufferEmpty     usart.o
    0x08001bf0   0x08001bf0   0x0000002c   Code   RO         3819    i.IsBufferFull      usart.o
    0x08001c1c   0x08001c1c   0x0000002a   Code   RO         4271    i.IsVoiceCommandAllowed  system_manager.o
    0x08001c46   0x08001c46   0x00000002   PAD
    0x08001c48   0x08001c48   0x0000003c   Code   RO         3906    i.Is_Allow_Other_Actions  touch.o
    0x08001c84   0x08001c84   0x0000000c   Code   RO         3907    i.Is_Touching       touch.o
    0x08001c90   0x08001c90   0x0000004c   Code   RO         4272    i.MPU6050_ActionHandler  system_manager.o
    0x08001cdc   0x08001cdc   0x0000000c   Code   RO         4039    i.MPU6050_GetCurrentState  mpu6050.o
    0x08001ce8   0x08001ce8   0x00000014   Code   RO         4040    i.MPU6050_IgnoreActionsFor  mpu6050.o
    0x08001cfc   0x08001cfc   0x00000014   Code   RO         4041    i.MPU6050_IsAllowOtherActions  mpu6050.o
    0x08001d10   0x08001d10   0x00000024   Code   RO         4042    i.MPU6050_NotifyVomitComplete  mpu6050.o
    0x08001d34   0x08001d34   0x0000000c   Code   RO         4043    i.MPU6050_RegisterActionCallback  mpu6050.o
    0x08001d40   0x08001d40   0x0000000c   Code   RO         4044    i.MPU6050_RegisterLieCallback  mpu6050.o
    0x08001d4c   0x08001d4c   0x0000000c   Code   RO         4045    i.MPU6050_RegisterStandCallback  mpu6050.o
    0x08001d58   0x08001d58   0x00000004   Code   RO         4792    i.MemManage_Handler  stm32f10x_it.o
    0x08001d5c   0x08001d5c   0x000000ec   Code   RO         4212    i.My_SI2C_Init      si2c.o
    0x08001e48   0x08001e48   0x000000e6   Code   RO         4214    i.My_SI2C_RegReadBytes  si2c.o
    0x08001f2e   0x08001f2e   0x00000092   Code   RO         4215    i.My_SI2C_RegWriteBytes  si2c.o
    0x08001fc0   0x08001fc0   0x00000002   Code   RO         4793    i.NMI_Handler       stm32f10x_it.o
    0x08001fc2   0x08001fc2   0x00000002   PAD
    0x08001fc4   0x08001fc4   0x00000070   Code   RO          137    i.NVIC_Init         misc.o
    0x08002034   0x08002034   0x00000030   Code   RO         4606    i.OLED_Clear        oled.o
    0x08002064   0x08002064   0x00000078   Code   RO         4613    i.OLED_DrawPoint    oled.o
    0x080020dc   0x080020dc   0x0000003c   Code   RO         4614    i.OLED_I2C_Start    oled.o
    0x08002118   0x08002118   0x0000002c   Code   RO         4615    i.OLED_I2C_Stop     oled.o
    0x08002144   0x08002144   0x00000034   Code   RO         4616    i.OLED_I2C_WaitAck  oled.o
    0x08002178   0x08002178   0x0000012c   Code   RO         4617    i.OLED_Init         oled.o
    0x080022a4   0x080022a4   0x00000068   Code   RO         4619    i.OLED_Refresh      oled.o
    0x0800230c   0x0800230c   0x00000054   Code   RO         4621    i.OLED_Send_Byte    oled.o
    0x08002360   0x08002360   0x000000da   Code   RO         4625    i.OLED_ShowPicture  oled.o
    0x0800243a   0x0800243a   0x00000038   Code   RO         4627    i.OLED_WR_Byte      oled.o
    0x08002472   0x08002472   0x00000002   Code   RO         4794    i.PendSV_Handler    stm32f10x_it.o
    0x08002474   0x08002474   0x00000070   Code   RO         3749    i.PlayRandomFace    random.o
    0x080024e4   0x080024e4   0x00000054   Code   RO         3820    i.ProcessVoiceCommand  usart.o
    0x08002538   0x08002538   0x00000034   Code   RO         3821    i.PutBuffer         usart.o
    0x0800256c   0x0800256c   0x00000020   Code   RO         1775    i.RCC_APB1PeriphClockCmd  stm32f10x_rcc.o
    0x0800258c   0x0800258c   0x00000020   Code   RO         1777    i.RCC_APB2PeriphClockCmd  stm32f10x_rcc.o
    0x080025ac   0x080025ac   0x000000d4   Code   RO         1785    i.RCC_GetClocksFreq  stm32f10x_rcc.o
    0x08002680   0x08002680   0x0000003c   Code   RO         3751    i.RandomFace_Init   random.o
    0x080026bc   0x080026bc   0x00000050   Code   RO         3755    i.RandomFace_Update  random.o
    0x0800270c   0x0800270c   0x00000088   Code   RO         4217    i.ReceiveByte       si2c.o
    0x08002794   0x08002794   0x00000050   Code   RO         3268    i.ResetFaceState    face.o
    0x080027e4   0x080027e4   0x000000b0   Code   RO         3663    i.SPI1_Init         spi.o
    0x08002894   0x08002894   0x00000018   Code   RO         2263    i.SPI_Cmd           stm32f10x_spi.o
    0x080028ac   0x080028ac   0x00000012   Code   RO         2271    i.SPI_I2S_GetFlagStatus  stm32f10x_spi.o
    0x080028be   0x080028be   0x00000006   Code   RO         2274    i.SPI_I2S_ReceiveData  stm32f10x_spi.o
    0x080028c4   0x080028c4   0x00000004   Code   RO         2275    i.SPI_I2S_SendData  stm32f10x_spi.o
    0x080028c8   0x080028c8   0x0000003c   Code   RO         2276    i.SPI_Init          stm32f10x_spi.o
    0x08002904   0x08002904   0x000000a8   Code   RO         3664    i.SPI_TransmitReceive  spi.o
    0x080029ac   0x080029ac   0x00000002   Code   RO         4795    i.SVC_Handler       stm32f10x_it.o
    0x080029ae   0x080029ae   0x00000002   PAD
    0x080029b0   0x080029b0   0x00000078   Code   RO         3756    i.SelectRandomFace  random.o
    0x08002a28   0x08002a28   0x00000086   Code   RO         4218    i.SendByte          si2c.o
    0x08002aae   0x08002aae   0x00000046   Code   RO         4219    i.SendStop          si2c.o
    0x08002af4   0x08002af4   0x00000088   Code   RO         3448    i.Servo_ExecuteSequence  pwm.o
    0x08002b7c   0x08002b7c   0x0000001c   Code   RO         3450    i.Servo_GetState    pwm.o
    0x08002b98   0x08002b98   0x0000000c   Code   RO         3451    i.Servo_IsSequenceCompleted  pwm.o
    0x08002ba4   0x08002ba4   0x0000005c   Code   RO         3454    i.Servo_Set_NonBlocking  pwm.o
    0x08002c00   0x08002c00   0x00000080   Code   RO         3455    i.Servo_Set_simple  pwm.o
    0x08002c80   0x08002c80   0x00000040   Code   RO         3456    i.Servo_StopSequence  pwm.o
    0x08002cc0   0x08002cc0   0x000000f4   Code   RO         3457    i.Servo_UpdateSequence  pwm.o
    0x08002db4   0x08002db4   0x0000010c   Code   RO         3458    i.Servo_Update_NonBlocking  pwm.o
    0x08002ec0   0x08002ec0   0x00000008   Code   RO           24    i.SetSysClock       system_stm32f10x.o
    0x08002ec8   0x08002ec8   0x000000e0   Code   RO           25    i.SetSysClockTo72   system_stm32f10x.o
    0x08002fa8   0x08002fa8   0x00000064   Code   RO         3757    i.ShouldPlayNewFace  random.o
    0x0800300c   0x0800300c   0x0000003c   Code   RO         3909    i.Start_Shy_Action  touch.o
    0x08003048   0x08003048   0x0000001c   Code   RO         4796    i.SysTick_Handler   stm32f10x_it.o
    0x08003064   0x08003064   0x00000060   Code   RO           27    i.SystemInit        system_stm32f10x.o
    0x080030c4   0x080030c4   0x0000006c   Code   RO         4275    i.SystemManager_Init  system_manager.o
    0x08003130   0x08003130   0x0000004c   Code   RO         4276    i.SystemManager_OnLieDown  system_manager.o
    0x0800317c   0x0800317c   0x0000003c   Code   RO         4277    i.SystemManager_OnStandUp  system_manager.o
    0x080031b8   0x080031b8   0x0000001c   Code   RO         4279    i.SystemManager_Run  system_manager.o
    0x080031d4   0x080031d4   0x00000054   Code   RO         4280    i.SystemManager_Start  system_manager.o
    0x08003228   0x08003228   0x00000170   Code   RO         4281    i.SystemManager_UpdateSpecialCases  system_manager.o
    0x08003398   0x08003398   0x000000b4   Code   RO         4282    i.System_RegisterTasks  system_manager.o
    0x0800344c   0x0800344c   0x00000018   Code   RO         2409    i.TIM_ARRPreloadConfig  stm32f10x_tim.o
    0x08003464   0x08003464   0x00000018   Code   RO         2412    i.TIM_CCPreloadControl  stm32f10x_tim.o
    0x0800347c   0x0800347c   0x00000018   Code   RO         2421    i.TIM_Cmd           stm32f10x_tim.o
    0x08003494   0x08003494   0x0000001e   Code   RO         2423    i.TIM_CtrlPWMOutputs  stm32f10x_tim.o
    0x080034b2   0x080034b2   0x00000002   PAD
    0x080034b4   0x080034b4   0x00000098   Code   RO         2450    i.TIM_OC1Init       stm32f10x_tim.o
    0x0800354c   0x0800354c   0x00000012   Code   RO         2453    i.TIM_OC1PreloadConfig  stm32f10x_tim.o
    0x0800355e   0x0800355e   0x00000002   PAD
    0x08003560   0x08003560   0x000000a4   Code   RO         2455    i.TIM_OC2Init       stm32f10x_tim.o
    0x08003604   0x08003604   0x0000001a   Code   RO         2458    i.TIM_OC2PreloadConfig  stm32f10x_tim.o
    0x0800361e   0x0800361e   0x00000002   PAD
    0x08003620   0x08003620   0x000000a0   Code   RO         2460    i.TIM_OC3Init       stm32f10x_tim.o
    0x080036c0   0x080036c0   0x00000012   Code   RO         2463    i.TIM_OC3PreloadConfig  stm32f10x_tim.o
    0x080036d2   0x080036d2   0x00000002   PAD
    0x080036d4   0x080036d4   0x0000007c   Code   RO         2465    i.TIM_OC4Init       stm32f10x_tim.o
    0x08003750   0x08003750   0x0000001a   Code   RO         2467    i.TIM_OC4PreloadConfig  stm32f10x_tim.o
    0x0800376a   0x0800376a   0x00000004   Code   RO         2482    i.TIM_SetCompare1   stm32f10x_tim.o
    0x0800376e   0x0800376e   0x00000004   Code   RO         2483    i.TIM_SetCompare2   stm32f10x_tim.o
    0x08003772   0x08003772   0x00000004   Code   RO         2484    i.TIM_SetCompare3   stm32f10x_tim.o
    0x08003776   0x08003776   0x00000006   Code   RO         2485    i.TIM_SetCompare4   stm32f10x_tim.o
    0x0800377c   0x0800377c   0x000000a4   Code   RO         2492    i.TIM_TimeBaseInit  stm32f10x_tim.o
    0x08003820   0x08003820   0x0000003c   Code   RO         4417    i.TaskScheduler_Init  task_scheduler.o
    0x0800385c   0x0800385c   0x00000090   Code   RO         4418    i.TaskScheduler_Register  task_scheduler.o
    0x080038ec   0x080038ec   0x0000008c   Code   RO         4419    i.TaskScheduler_Run  task_scheduler.o
    0x08003978   0x08003978   0x0000000c   Code   RO         4421    i.TaskScheduler_Start  task_scheduler.o
    0x08003984   0x08003984   0x00000008   Code   RO         4284    i.Task_Face_Update  system_manager.o
    0x0800398c   0x0800398c   0x00000008   Code   RO         4285    i.Task_MPU6050_Update  system_manager.o
    0x08003994   0x08003994   0x00000020   Code   RO         4286    i.Task_RandomFace_Update  system_manager.o
    0x080039b4   0x080039b4   0x0000000c   Code   RO         4287    i.Task_Servo_Update  system_manager.o
    0x080039c0   0x080039c0   0x00000002   Code   RO         4288    i.Task_System_Monitor  system_manager.o
    0x080039c2   0x080039c2   0x00000008   Code   RO         4289    i.Task_Touch_Process  system_manager.o
    0x080039ca   0x080039ca   0x00000008   Code   RO         4290    i.Task_Voice_Process  system_manager.o
    0x080039d2   0x080039d2   0x00000002   PAD
    0x080039d4   0x080039d4   0x00000094   Code   RO         3911    i.Touch_Init        touch.o
    0x08003a68   0x08003a68   0x00000140   Code   RO         3912    i.Touch_Process     touch.o
    0x08003ba8   0x08003ba8   0x000000c4   Code   RO         3822    i.USART1_Config     usart.o
    0x08003c6c   0x08003c6c   0x00000008   Code   RO         4797    i.USART1_IRQHandler  stm32f10x_it.o
    0x08003c74   0x08003c74   0x00000030   Code   RO         3823    i.USART1_IRQHandler_Impl  usart.o
    0x08003ca4   0x08003ca4   0x0000001e   Code   RO         2957    i.USART_ClearITPendingBit  stm32f10x_usart.o
    0x08003cc2   0x08003cc2   0x00000018   Code   RO         2960    i.USART_Cmd         stm32f10x_usart.o
    0x08003cda   0x08003cda   0x0000001a   Code   RO         2963    i.USART_GetFlagStatus  stm32f10x_usart.o
    0x08003cf4   0x08003cf4   0x00000054   Code   RO         2964    i.USART_GetITStatus  stm32f10x_usart.o
    0x08003d48   0x08003d48   0x0000004a   Code   RO         2966    i.USART_ITConfig    stm32f10x_usart.o
    0x08003d92   0x08003d92   0x00000002   PAD
    0x08003d94   0x08003d94   0x000000d8   Code   RO         2967    i.USART_Init        stm32f10x_usart.o
    0x08003e6c   0x08003e6c   0x00000040   Code   RO         3827    i.USART_ProcessVoiceData  usart.o
    0x08003eac   0x08003eac   0x0000000a   Code   RO         2974    i.USART_ReceiveData  stm32f10x_usart.o
    0x08003eb6   0x08003eb6   0x00000002   PAD
    0x08003eb8   0x08003eb8   0x0000000c   Code   RO         3828    i.USART_RegisterVoiceCallback  usart.o
    0x08003ec4   0x08003ec4   0x00000008   Code   RO         2977    i.USART_SendData    stm32f10x_usart.o
    0x08003ecc   0x08003ecc   0x000000e4   Code   RO         3269    i.UpdateBlinkSpecial  face.o
    0x08003fb0   0x08003fb0   0x00000084   Code   RO         3270    i.UpdateDynamicSequence  face.o
    0x08004034   0x08004034   0x00000130   Code   RO         3271    i.UpdateSimpleFace  face.o
    0x08004164   0x08004164   0x00000020   Code   RO         3272    i.UpdateSpecialFace  face.o
    0x08004184   0x08004184   0x00000004   Code   RO         4798    i.UsageFault_Handler  stm32f10x_it.o
    0x08004188   0x08004188   0x00000210   Code   RO         4291    i.VoiceCommandHandler  system_manager.o
    0x08004398   0x08004398   0x000000b6   Code   RO         3273    i.VoiceCommand_To_FaceType  face.o
    0x0800444e   0x0800444e   0x00000002   PAD
    0x08004450   0x08004450   0x00000040   Code   RO         3688    i.W25Q64_Init       w25q64.o
    0x08004490   0x08004490   0x00000078   Code   RO         3690    i.W25Q64_ReadData   w25q64.o
    0x08004508   0x08004508   0x00000050   Code   RO         3691    i.W25Q64_ReadID     w25q64.o
    0x08004558   0x08004558   0x00000020   Code   RO         5117    i.__0printf         mc_w.l(printfa.o)
    0x08004578   0x08004578   0x00000026   Code   RO         5169    i.__ARM_fpclassifyf  m_ws.l(fpclassifyf.o)
    0x0800459e   0x0800459e   0x00000004   Code   RO         5173    i.__mathlib_flt_infnan2  m_ws.l(funder.o)
    0x080045a2   0x080045a2   0x0000000a   Code   RO         5177    i.__mathlib_flt_underflow  m_ws.l(funder.o)
    0x080045ac   0x080045ac   0x0000000e   Code   RO         5238    i.__scatterload_copy  mc_w.l(handlers.o)
    0x080045ba   0x080045ba   0x00000002   Code   RO         5239    i.__scatterload_null  mc_w.l(handlers.o)
    0x080045bc   0x080045bc   0x0000000e   Code   RO         5240    i.__scatterload_zeroinit  mc_w.l(handlers.o)
    0x080045ca   0x080045ca   0x00000002   PAD
    0x080045cc   0x080045cc   0x0000000c   Code   RO         5206    i.__set_errno       mc_w.l(errno.o)
    0x080045d8   0x080045d8   0x00000164   Code   RO         5124    i._fp_digits        mc_w.l(printfa.o)
    0x0800473c   0x0800473c   0x000006dc   Code   RO         5125    i._printf_core      mc_w.l(printfa.o)
    0x08004e18   0x08004e18   0x00000024   Code   RO         5126    i._printf_post_padding  mc_w.l(printfa.o)
    0x08004e3c   0x08004e3c   0x0000002e   Code   RO         5127    i._printf_pre_padding  mc_w.l(printfa.o)
    0x08004e6a   0x08004e6a   0x00000002   PAD
    0x08004e6c   0x08004e6c   0x000001e0   Code   RO         4048    i.angles_update     mpu6050.o
    0x0800504c   0x0800504c   0x0000025c   Code   RO         4860    i.atan2f            m_ws.l(atan2f.o)
    0x080052a8   0x080052a8   0x0000000e   Code   RO         4220    i.delay             si2c.o
    0x080052b6   0x080052b6   0x00000002   PAD
    0x080052b8   0x080052b8   0x00000024   Code   RO         3829    i.fputc             usart.o
    0x080052dc   0x080052dc   0x00000084   Code   RO         4050    i.is_shaking        mpu6050.o
    0x08005360   0x08005360   0x0000001e   Code   RO         4757    i.main              main.o
    0x0800537e   0x0800537e   0x00000002   PAD
    0x08005380   0x08005380   0x00000214   Code   RO         4051    i.motion_detection_update  mpu6050.o
    0x08005594   0x08005594   0x00000020   Code   RO         4052    i.reg_read          mpu6050.o
    0x080055b4   0x080055b4   0x0000001c   Code   RO         4053    i.reg_write         mpu6050.o
    0x080055d0   0x080055d0   0x0000002c   Code   RO         4868    i.sqrtf             m_ws.l(sqrtf.o)
    0x080055fc   0x080055fc   0x00000018   Code   RO         4054    i.trigger_action    mpu6050.o
    0x08005614   0x08005614   0x00000acc   Data   RO         3276    .constdata          face.o
    0x080060e0   0x080060e0   0x000002fe   Data   RO         3461    .constdata          pwm.o
    0x080063de   0x080063de   0x00000002   PAD
    0x080063e0   0x080063e0   0x000000f4   Data   RO         3759    .constdata          random.o
    0x080064d4   0x080064d4   0x0000003c   Data   RO         3915    .constdata          touch.o
    0x08006510   0x08006510   0x00000042   Data   RO         4292    .conststring        system_manager.o
    0x08006552   0x08006552   0x00000002   PAD
    0x08006554   0x08006554   0x00000020   Data   RO         5236    Region$$Table       anon$$obj.o


    Execution Region RW_IRAM1 (Exec base: 0x20000000, Load base: 0x08006574, Size: 0x00001550, Max: 0x00005000, ABSOLUTE, COMPRESSED[0x00000034])

    Exec Addr    Load Addr    Size         Type   Attr      Idx    E Section Name        Object

    0x20000000   COMPRESSED   0x00000400   Data   RW         3275    .ccmram             face.o
    0x20000400   COMPRESSED   0x00000014   Data   RW         1805    .data               stm32f10x_rcc.o
    0x20000414   COMPRESSED   0x00000009   Data   RW         3277    .data               face.o
    0x2000041d   COMPRESSED   0x00000003   PAD
    0x20000420   COMPRESSED   0x00000016   Data   RW         3462    .data               pwm.o
    0x20000436   COMPRESSED   0x00000001   Data   RW         3760    .data               random.o
    0x20000437   COMPRESSED   0x00000001   PAD
    0x20000438   COMPRESSED   0x00000014   Data   RW         3831    .data               usart.o
    0x2000044c   COMPRESSED   0x00000038   Data   RW         3916    .data               touch.o
    0x20000484   COMPRESSED   0x0000000c   Data   RW         3992    .data               delay.o
    0x20000490   COMPRESSED   0x0000007d   Data   RW         4056    .data               mpu6050.o
    0x2000050d   COMPRESSED   0x00000003   PAD
    0x20000510   COMPRESSED   0x00000028   Data   RW         4293    .data               system_manager.o
    0x20000538   COMPRESSED   0x00000002   Data   RW         4424    .data               task_scheduler.o
    0x2000053a   COMPRESSED   0x00000002   PAD
    0x2000053c   COMPRESSED   0x00000004   Data   RW         5199    .data               mc_w.l(stdout.o)
    0x20000540   COMPRESSED   0x00000004   Data   RW         5207    .data               mc_w.l(errno.o)
    0x20000544        -       0x00000360   Zero   RW         3274    .bss                face.o
    0x200008a4        -       0x000001f8   Zero   RW         3460    .bss                pwm.o
    0x20000a9c        -       0x0000001c   Zero   RW         3758    .bss                random.o
    0x20000ab8        -       0x00000010   Zero   RW         3830    .bss                usart.o
    0x20000ac8        -       0x00000010   Zero   RW         4055    .bss                mpu6050.o
    0x20000ad8        -       0x000001f4   Zero   RW         4423    .bss                task_scheduler.o
    0x20000ccc        -       0x00000480   Zero   RW         4628    .bss                oled.o
    0x2000114c   COMPRESSED   0x00000004   PAD
    0x20001150        -       0x00000400   Zero   RW            1    STACK               startup_stm32f10x_md.o


==============================================================================

Image component sizes


      Code (inc. data)   RO Data    RW Data    ZI Data      Debug   Object Name

         0          0          0          0          0       4496   core_cm3.o
       264         28          0         12          0       2208   delay.o
      1778        160       2764       1033        864      17729   face.o
        64          0          0          0          0        903   main.o
       112         12          0          0          0     204328   misc.o
      2104        322          0        125         16       9852   mpu6050.o
      1102         44          0          0       1152       7664   oled.o
      2662        240        766         22        504      17187   pwm.o
       510         42        244          1         28       4526   random.o
       966         18          0          0          0       5390   si2c.o
       344         22          0          0          0       1842   spi.o
        36          8        236          0       1024        816   startup_stm32f10x_md.o
         0          0          0          0          0       1672   stm32f10x_adc.o
       458          6          0          0          0      13254   stm32f10x_gpio.o
        60          4          0          0          0       4350   stm32f10x_it.o
        68         30          0          0          0       2370   stm32f10x_iwdg.o
       276         32          0         20          0      13066   stm32f10x_rcc.o
       112          0          0          0          0      10594   stm32f10x_spi.o
       972         92          0          0          0      30708   stm32f10x_tim.o
       472          6          0          0          0      12627   stm32f10x_usart.o
      1864        390         66         40          0      12006   system_manager.o
       328         28          0          0          0      52233   system_stm32f10x.o
       356         38          0          2        500       3304   task_scheduler.o
       662        136         60         56          0       6230   touch.o
       616         92          0         20         16       6132   usart.o
       264         20          0          0          0       2144   w25q64.o

    ----------------------------------------------------------------------
     16488       1770       4172       1340       4108     447631   Object Totals
         0          0         32          0          0          0   (incl. Generated)
        38          0          4          9          4          0   (incl. Padding)

    ----------------------------------------------------------------------

      Code (inc. data)   RO Data    RW Data    ZI Data      Debug   Library Member Name

       604         76          0          0          0        116   atan2f.o
        38          0          0          0          0         68   fpclassifyf.o
        14          0          0          0          0        136   funder.o
        44          0          0          0          0         80   sqrtf.o
        86          0          0          0          0          0   __dczerorl2.o
         0          0          0          0          0          0   entry.o
         0          0          0          0          0          0   entry10a.o
         0          0          0          0          0          0   entry11a.o
         8          4          0          0          0          0   entry2.o
         4          0          0          0          0          0   entry5.o
         0          0          0          0          0          0   entry7b.o
         0          0          0          0          0          0   entry8b.o
         8          4          0          0          0          0   entry9a.o
        12          6          0          4          0         68   errno.o
        30          0          0          0          0          0   handlers.o
        36          8          0          0          0         68   init.o
         0          0          0          0          0          0   iusefp.o
        30          0          0          0          0         68   llshl.o
        36          0          0          0          0         68   llsshr.o
        32          0          0          0          0         68   llushr.o
        36          0          0          0          0         68   memcpya.o
        36          0          0          0          0        108   memseta.o
      2226         90          0          0          0        444   printfa.o
         0          0          0          4          0          0   stdout.o
        44          0          0          0          0         80   uidiv.o
        98          0          0          0          0         92   uldiv.o
        48          0          0          0          0         68   cdrcmple.o
        20          0          0          0          0         68   cfcmple.o
        20          0          0          0          0         68   cfrcmple.o
        56          0          0          0          0         88   d2f.o
       334          0          0          0          0        148   dadd.o
       222          0          0          0          0        100   ddiv.o
       186          0          0          0          0        176   depilogue.o
        48          0          0          0          0         68   dfixul.o
        26          0          0          0          0         76   dfltui.o
       228          0          0          0          0         96   dmul.o
       176          0          0          0          0        140   fadd.o
       124          0          0          0          0         88   fdiv.o
       110          0          0          0          0        168   fepilogue.o
        40          0          0          0          0         68   ffixui.o
        18          0          0          0          0         68   fflti.o
        10          0          0          0          0         68   ffltui.o
       100          0          0          0          0         76   fmul.o
        24          0          0          0          0         68   fscalb.o
        94          0          0          0          0         96   fsqrt.o

    ----------------------------------------------------------------------
      5312        188          0          8          0       3328   Library Totals
         6          0          0          0          0          0   (incl. Padding)

    ----------------------------------------------------------------------

      Code (inc. data)   RO Data    RW Data    ZI Data      Debug   Library Name

       700         76          0          0          0        400   m_ws.l
      2722        112          0          8          0       1132   mc_w.l
      1884          0          0          0          0       1796   mf_w.l

    ----------------------------------------------------------------------
      5312        188          0          8          0       3328   Library Totals

    ----------------------------------------------------------------------

==============================================================================


      Code (inc. data)   RO Data    RW Data    ZI Data      Debug   

     21800       1958       4172       1348       4108     439595   Grand Totals
     21800       1958       4172         52       4108     439595   ELF Image Totals (compressed)
     21800       1958       4172         52          0          0   ROM Totals

==============================================================================

    Total RO  Size (Code + RO Data)                25972 (  25.36kB)
    Total RW  Size (RW Data + ZI Data)              5456 (   5.33kB)
    Total ROM Size (Code + RO Data + RW Data)      26024 (  25.41kB)

==============================================================================

