<!doctype html public "-//w3c//dtd html 4.0 transitional//en">
<html><head>
<title>Static Call Graph - [.\Objects\Project.axf]</title></head>
<body><HR>
<H1>Static Call Graph for image .\Objects\Project.axf</H1><HR>
<BR><P>#&#060CALLGRAPH&#062# ARM Linker, 5060061: Last Updated: Tue Aug 04 00:37:33 2026
<BR><P>
<H3>Maximum Stack Usage =        680 bytes + Unknown(Cycles, Untraceable Function Pointers)</H3><H3>
Call chain for Maximum Stack Depth:</H3>
main &rArr; SystemManager_Run &rArr; SystemManager_UpdateSpecialCases &rArr; ExpressionWithServo &rArr; Complex_Dance_NonBlocking &rArr; Servo_ExecuteSequence &rArr; Servo_StopSequence &rArr; Servo_Set_NonBlocking &rArr; GetTick &rArr; Delay_Init &rArr; __aeabi_ui2d &rArr; _double_epilogue &rArr; _double_round
<P>
<H3>
Mutually Recursive functions
</H3> <LI><a href="#[1c]">ADC1_2_IRQHandler</a>&nbsp;&nbsp;&nbsp;&rArr;&nbsp;&nbsp;&nbsp;<a href="#[1c]">ADC1_2_IRQHandler</a><BR>
</UL>
<P>
<H3>
Function Pointers
</H3><UL>
 <LI><a href="#[1c]">ADC1_2_IRQHandler</a> from startup_stm32f10x_md.o(.text) referenced from startup_stm32f10x_md.o(RESET)
 <LI><a href="#[4]">BusFault_Handler</a> from stm32f10x_it.o(i.BusFault_Handler) referenced from startup_stm32f10x_md.o(RESET)
 <LI><a href="#[1f]">CAN1_RX1_IRQHandler</a> from startup_stm32f10x_md.o(.text) referenced from startup_stm32f10x_md.o(RESET)
 <LI><a href="#[20]">CAN1_SCE_IRQHandler</a> from startup_stm32f10x_md.o(.text) referenced from startup_stm32f10x_md.o(RESET)
 <LI><a href="#[15]">DMA1_Channel1_IRQHandler</a> from startup_stm32f10x_md.o(.text) referenced from startup_stm32f10x_md.o(RESET)
 <LI><a href="#[16]">DMA1_Channel2_IRQHandler</a> from startup_stm32f10x_md.o(.text) referenced from startup_stm32f10x_md.o(RESET)
 <LI><a href="#[17]">DMA1_Channel3_IRQHandler</a> from startup_stm32f10x_md.o(.text) referenced from startup_stm32f10x_md.o(RESET)
 <LI><a href="#[18]">DMA1_Channel4_IRQHandler</a> from startup_stm32f10x_md.o(.text) referenced from startup_stm32f10x_md.o(RESET)
 <LI><a href="#[19]">DMA1_Channel5_IRQHandler</a> from startup_stm32f10x_md.o(.text) referenced from startup_stm32f10x_md.o(RESET)
 <LI><a href="#[1a]">DMA1_Channel6_IRQHandler</a> from startup_stm32f10x_md.o(.text) referenced from startup_stm32f10x_md.o(RESET)
 <LI><a href="#[1b]">DMA1_Channel7_IRQHandler</a> from startup_stm32f10x_md.o(.text) referenced from startup_stm32f10x_md.o(RESET)
 <LI><a href="#[7]">DebugMon_Handler</a> from stm32f10x_it.o(i.DebugMon_Handler) referenced from startup_stm32f10x_md.o(RESET)
 <LI><a href="#[44]">Default_Touch_End_Handler</a> from touch.o(i.Default_Touch_End_Handler) referenced from touch.o(i.Touch_Init)
 <LI><a href="#[43]">Default_Touch_Start_Handler</a> from touch.o(i.Default_Touch_Start_Handler) referenced from touch.o(i.Touch_Init)
 <LI><a href="#[43]">Default_Touch_Start_Handler</a> from touch.o(i.Default_Touch_Start_Handler) referenced from touch.o(i.Touch_Process)
 <LI><a href="#[10]">EXTI0_IRQHandler</a> from startup_stm32f10x_md.o(.text) referenced from startup_stm32f10x_md.o(RESET)
 <LI><a href="#[32]">EXTI15_10_IRQHandler</a> from startup_stm32f10x_md.o(.text) referenced from startup_stm32f10x_md.o(RESET)
 <LI><a href="#[11]">EXTI1_IRQHandler</a> from startup_stm32f10x_md.o(.text) referenced from startup_stm32f10x_md.o(RESET)
 <LI><a href="#[12]">EXTI2_IRQHandler</a> from startup_stm32f10x_md.o(.text) referenced from startup_stm32f10x_md.o(RESET)
 <LI><a href="#[13]">EXTI3_IRQHandler</a> from startup_stm32f10x_md.o(.text) referenced from startup_stm32f10x_md.o(RESET)
 <LI><a href="#[14]">EXTI4_IRQHandler</a> from startup_stm32f10x_md.o(.text) referenced from startup_stm32f10x_md.o(RESET)
 <LI><a href="#[21]">EXTI9_5_IRQHandler</a> from startup_stm32f10x_md.o(.text) referenced from startup_stm32f10x_md.o(RESET)
 <LI><a href="#[e]">FLASH_IRQHandler</a> from startup_stm32f10x_md.o(.text) referenced from startup_stm32f10x_md.o(RESET)
 <LI><a href="#[2]">HardFault_Handler</a> from stm32f10x_it.o(i.HardFault_Handler) referenced from startup_stm32f10x_md.o(RESET)
 <LI><a href="#[2a]">I2C1_ER_IRQHandler</a> from startup_stm32f10x_md.o(.text) referenced from startup_stm32f10x_md.o(RESET)
 <LI><a href="#[29]">I2C1_EV_IRQHandler</a> from startup_stm32f10x_md.o(.text) referenced from startup_stm32f10x_md.o(RESET)
 <LI><a href="#[2c]">I2C2_ER_IRQHandler</a> from startup_stm32f10x_md.o(.text) referenced from startup_stm32f10x_md.o(RESET)
 <LI><a href="#[2b]">I2C2_EV_IRQHandler</a> from startup_stm32f10x_md.o(.text) referenced from startup_stm32f10x_md.o(RESET)
 <LI><a href="#[38]">MPU6050_ActionHandler</a> from system_manager.o(i.MPU6050_ActionHandler) referenced from system_manager.o(i.SystemManager_Init)
 <LI><a href="#[3]">MemManage_Handler</a> from stm32f10x_it.o(i.MemManage_Handler) referenced from startup_stm32f10x_md.o(RESET)
 <LI><a href="#[1]">NMI_Handler</a> from stm32f10x_it.o(i.NMI_Handler) referenced from startup_stm32f10x_md.o(RESET)
 <LI><a href="#[b]">PVD_IRQHandler</a> from startup_stm32f10x_md.o(.text) referenced from startup_stm32f10x_md.o(RESET)
 <LI><a href="#[8]">PendSV_Handler</a> from stm32f10x_it.o(i.PendSV_Handler) referenced from startup_stm32f10x_md.o(RESET)
 <LI><a href="#[f]">RCC_IRQHandler</a> from startup_stm32f10x_md.o(.text) referenced from startup_stm32f10x_md.o(RESET)
 <LI><a href="#[33]">RTCAlarm_IRQHandler</a> from startup_stm32f10x_md.o(.text) referenced from startup_stm32f10x_md.o(RESET)
 <LI><a href="#[d]">RTC_IRQHandler</a> from startup_stm32f10x_md.o(.text) referenced from startup_stm32f10x_md.o(RESET)
 <LI><a href="#[0]">Reset_Handler</a> from startup_stm32f10x_md.o(.text) referenced from startup_stm32f10x_md.o(RESET)
 <LI><a href="#[2d]">SPI1_IRQHandler</a> from startup_stm32f10x_md.o(.text) referenced from startup_stm32f10x_md.o(RESET)
 <LI><a href="#[2e]">SPI2_IRQHandler</a> from startup_stm32f10x_md.o(.text) referenced from startup_stm32f10x_md.o(RESET)
 <LI><a href="#[6]">SVC_Handler</a> from stm32f10x_it.o(i.SVC_Handler) referenced from startup_stm32f10x_md.o(RESET)
 <LI><a href="#[9]">SysTick_Handler</a> from stm32f10x_it.o(i.SysTick_Handler) referenced from startup_stm32f10x_md.o(RESET)
 <LI><a href="#[36]">SystemInit</a> from system_stm32f10x.o(i.SystemInit) referenced from startup_stm32f10x_md.o(.text)
 <LI><a href="#[39]">SystemManager_OnLieDown</a> from system_manager.o(i.SystemManager_OnLieDown) referenced from system_manager.o(i.SystemManager_Init)
 <LI><a href="#[3a]">SystemManager_OnStandUp</a> from system_manager.o(i.SystemManager_OnStandUp) referenced from system_manager.o(i.SystemManager_Init)
 <LI><a href="#[c]">TAMPER_IRQHandler</a> from startup_stm32f10x_md.o(.text) referenced from startup_stm32f10x_md.o(RESET)
 <LI><a href="#[22]">TIM1_BRK_IRQHandler</a> from startup_stm32f10x_md.o(.text) referenced from startup_stm32f10x_md.o(RESET)
 <LI><a href="#[25]">TIM1_CC_IRQHandler</a> from startup_stm32f10x_md.o(.text) referenced from startup_stm32f10x_md.o(RESET)
 <LI><a href="#[24]">TIM1_TRG_COM_IRQHandler</a> from startup_stm32f10x_md.o(.text) referenced from startup_stm32f10x_md.o(RESET)
 <LI><a href="#[23]">TIM1_UP_IRQHandler</a> from startup_stm32f10x_md.o(.text) referenced from startup_stm32f10x_md.o(RESET)
 <LI><a href="#[26]">TIM2_IRQHandler</a> from startup_stm32f10x_md.o(.text) referenced from startup_stm32f10x_md.o(RESET)
 <LI><a href="#[27]">TIM3_IRQHandler</a> from startup_stm32f10x_md.o(.text) referenced from startup_stm32f10x_md.o(RESET)
 <LI><a href="#[28]">TIM4_IRQHandler</a> from startup_stm32f10x_md.o(.text) referenced from startup_stm32f10x_md.o(RESET)
 <LI><a href="#[3f]">Task_Face_Update</a> from system_manager.o(i.Task_Face_Update) referenced from system_manager.o(i.System_RegisterTasks)
 <LI><a href="#[3c]">Task_MPU6050_Update</a> from system_manager.o(i.Task_MPU6050_Update) referenced from system_manager.o(i.System_RegisterTasks)
 <LI><a href="#[41]">Task_RandomFace_Update</a> from system_manager.o(i.Task_RandomFace_Update) referenced from system_manager.o(i.System_RegisterTasks)
 <LI><a href="#[40]">Task_Servo_Update</a> from system_manager.o(i.Task_Servo_Update) referenced from system_manager.o(i.System_RegisterTasks)
 <LI><a href="#[42]">Task_System_Monitor</a> from system_manager.o(i.Task_System_Monitor) referenced from system_manager.o(i.System_RegisterTasks)
 <LI><a href="#[3d]">Task_Touch_Process</a> from system_manager.o(i.Task_Touch_Process) referenced from system_manager.o(i.System_RegisterTasks)
 <LI><a href="#[3e]">Task_Voice_Process</a> from system_manager.o(i.Task_Voice_Process) referenced from system_manager.o(i.System_RegisterTasks)
 <LI><a href="#[2f]">USART1_IRQHandler</a> from stm32f10x_it.o(i.USART1_IRQHandler) referenced from startup_stm32f10x_md.o(RESET)
 <LI><a href="#[30]">USART2_IRQHandler</a> from startup_stm32f10x_md.o(.text) referenced from startup_stm32f10x_md.o(RESET)
 <LI><a href="#[31]">USART3_IRQHandler</a> from startup_stm32f10x_md.o(.text) referenced from startup_stm32f10x_md.o(RESET)
 <LI><a href="#[34]">USBWakeUp_IRQHandler</a> from startup_stm32f10x_md.o(.text) referenced from startup_stm32f10x_md.o(RESET)
 <LI><a href="#[1d]">USB_HP_CAN1_TX_IRQHandler</a> from startup_stm32f10x_md.o(.text) referenced from startup_stm32f10x_md.o(RESET)
 <LI><a href="#[1e]">USB_LP_CAN1_RX0_IRQHandler</a> from startup_stm32f10x_md.o(.text) referenced from startup_stm32f10x_md.o(RESET)
 <LI><a href="#[5]">UsageFault_Handler</a> from stm32f10x_it.o(i.UsageFault_Handler) referenced from startup_stm32f10x_md.o(RESET)
 <LI><a href="#[3b]">VoiceCommandHandler</a> from system_manager.o(i.VoiceCommandHandler) referenced from system_manager.o(i.SystemManager_Init)
 <LI><a href="#[a]">WWDG_IRQHandler</a> from startup_stm32f10x_md.o(.text) referenced from startup_stm32f10x_md.o(RESET)
 <LI><a href="#[37]">__main</a> from entry.o(.ARM.Collect$$$$00000000) referenced from startup_stm32f10x_md.o(.text)
 <LI><a href="#[45]">fputc</a> from usart.o(i.fputc) referenced from printfa.o(i.__0printf)
 <LI><a href="#[35]">main</a> from main.o(i.main) referenced from entry9a.o(.ARM.Collect$$$$0000000B)
</UL>
<P>
<H3>
Global Symbols
</H3>
<P><STRONG><a name="[37]"></a>__main</STRONG> (Thumb, 0 bytes, Stack size unknown bytes, entry.o(.ARM.Collect$$$$00000000))
<BR>[Address Reference Count : 1]<UL><LI> startup_stm32f10x_md.o(.text)
</UL>
<P><STRONG><a name="[11e]"></a>_main_stk</STRONG> (Thumb, 0 bytes, Stack size unknown bytes, entry2.o(.ARM.Collect$$$$00000001))

<P><STRONG><a name="[46]"></a>_main_scatterload</STRONG> (Thumb, 0 bytes, Stack size unknown bytes, entry5.o(.ARM.Collect$$$$00000004))
<BR><BR>[Calls]<UL><LI><a href="#[47]">&gt;&gt;</a>&nbsp;&nbsp;&nbsp;__scatterload
</UL>

<P><STRONG><a name="[62]"></a>__main_after_scatterload</STRONG> (Thumb, 0 bytes, Stack size unknown bytes, entry5.o(.ARM.Collect$$$$00000004))
<BR><BR>[Called By]<UL><LI><a href="#[47]">&gt;&gt;</a>&nbsp;&nbsp;&nbsp;__scatterload
</UL>

<P><STRONG><a name="[11f]"></a>_main_clock</STRONG> (Thumb, 0 bytes, Stack size unknown bytes, entry7b.o(.ARM.Collect$$$$00000008))

<P><STRONG><a name="[120]"></a>_main_cpp_init</STRONG> (Thumb, 0 bytes, Stack size unknown bytes, entry8b.o(.ARM.Collect$$$$0000000A))

<P><STRONG><a name="[121]"></a>_main_init</STRONG> (Thumb, 0 bytes, Stack size unknown bytes, entry9a.o(.ARM.Collect$$$$0000000B))

<P><STRONG><a name="[122]"></a>__rt_final_cpp</STRONG> (Thumb, 0 bytes, Stack size unknown bytes, entry10a.o(.ARM.Collect$$$$0000000D))

<P><STRONG><a name="[123]"></a>__rt_final_exit</STRONG> (Thumb, 0 bytes, Stack size unknown bytes, entry11a.o(.ARM.Collect$$$$0000000F))

<P><STRONG><a name="[0]"></a>Reset_Handler</STRONG> (Thumb, 8 bytes, Stack size 0 bytes, startup_stm32f10x_md.o(.text))
<BR>[Address Reference Count : 1]<UL><LI> startup_stm32f10x_md.o(RESET)
</UL>
<P><STRONG><a name="[1c]"></a>ADC1_2_IRQHandler</STRONG> (Thumb, 0 bytes, Stack size 0 bytes, startup_stm32f10x_md.o(.text))
<BR><BR>[Calls]<UL><LI><a href="#[1c]">&gt;&gt;</a>&nbsp;&nbsp;&nbsp;ADC1_2_IRQHandler
</UL>
<BR>[Called By]<UL><LI><a href="#[1c]">&gt;&gt;</a>&nbsp;&nbsp;&nbsp;ADC1_2_IRQHandler
</UL>
<BR>[Address Reference Count : 1]<UL><LI> startup_stm32f10x_md.o(RESET)
</UL>
<P><STRONG><a name="[1f]"></a>CAN1_RX1_IRQHandler</STRONG> (Thumb, 0 bytes, Stack size 0 bytes, startup_stm32f10x_md.o(.text))
<BR>[Address Reference Count : 1]<UL><LI> startup_stm32f10x_md.o(RESET)
</UL>
<P><STRONG><a name="[20]"></a>CAN1_SCE_IRQHandler</STRONG> (Thumb, 0 bytes, Stack size 0 bytes, startup_stm32f10x_md.o(.text))
<BR>[Address Reference Count : 1]<UL><LI> startup_stm32f10x_md.o(RESET)
</UL>
<P><STRONG><a name="[15]"></a>DMA1_Channel1_IRQHandler</STRONG> (Thumb, 0 bytes, Stack size 0 bytes, startup_stm32f10x_md.o(.text))
<BR>[Address Reference Count : 1]<UL><LI> startup_stm32f10x_md.o(RESET)
</UL>
<P><STRONG><a name="[16]"></a>DMA1_Channel2_IRQHandler</STRONG> (Thumb, 0 bytes, Stack size 0 bytes, startup_stm32f10x_md.o(.text))
<BR>[Address Reference Count : 1]<UL><LI> startup_stm32f10x_md.o(RESET)
</UL>
<P><STRONG><a name="[17]"></a>DMA1_Channel3_IRQHandler</STRONG> (Thumb, 0 bytes, Stack size 0 bytes, startup_stm32f10x_md.o(.text))
<BR>[Address Reference Count : 1]<UL><LI> startup_stm32f10x_md.o(RESET)
</UL>
<P><STRONG><a name="[18]"></a>DMA1_Channel4_IRQHandler</STRONG> (Thumb, 0 bytes, Stack size 0 bytes, startup_stm32f10x_md.o(.text))
<BR>[Address Reference Count : 1]<UL><LI> startup_stm32f10x_md.o(RESET)
</UL>
<P><STRONG><a name="[19]"></a>DMA1_Channel5_IRQHandler</STRONG> (Thumb, 0 bytes, Stack size 0 bytes, startup_stm32f10x_md.o(.text))
<BR>[Address Reference Count : 1]<UL><LI> startup_stm32f10x_md.o(RESET)
</UL>
<P><STRONG><a name="[1a]"></a>DMA1_Channel6_IRQHandler</STRONG> (Thumb, 0 bytes, Stack size 0 bytes, startup_stm32f10x_md.o(.text))
<BR>[Address Reference Count : 1]<UL><LI> startup_stm32f10x_md.o(RESET)
</UL>
<P><STRONG><a name="[1b]"></a>DMA1_Channel7_IRQHandler</STRONG> (Thumb, 0 bytes, Stack size 0 bytes, startup_stm32f10x_md.o(.text))
<BR>[Address Reference Count : 1]<UL><LI> startup_stm32f10x_md.o(RESET)
</UL>
<P><STRONG><a name="[10]"></a>EXTI0_IRQHandler</STRONG> (Thumb, 0 bytes, Stack size 0 bytes, startup_stm32f10x_md.o(.text))
<BR>[Address Reference Count : 1]<UL><LI> startup_stm32f10x_md.o(RESET)
</UL>
<P><STRONG><a name="[32]"></a>EXTI15_10_IRQHandler</STRONG> (Thumb, 0 bytes, Stack size 0 bytes, startup_stm32f10x_md.o(.text))
<BR>[Address Reference Count : 1]<UL><LI> startup_stm32f10x_md.o(RESET)
</UL>
<P><STRONG><a name="[11]"></a>EXTI1_IRQHandler</STRONG> (Thumb, 0 bytes, Stack size 0 bytes, startup_stm32f10x_md.o(.text))
<BR>[Address Reference Count : 1]<UL><LI> startup_stm32f10x_md.o(RESET)
</UL>
<P><STRONG><a name="[12]"></a>EXTI2_IRQHandler</STRONG> (Thumb, 0 bytes, Stack size 0 bytes, startup_stm32f10x_md.o(.text))
<BR>[Address Reference Count : 1]<UL><LI> startup_stm32f10x_md.o(RESET)
</UL>
<P><STRONG><a name="[13]"></a>EXTI3_IRQHandler</STRONG> (Thumb, 0 bytes, Stack size 0 bytes, startup_stm32f10x_md.o(.text))
<BR>[Address Reference Count : 1]<UL><LI> startup_stm32f10x_md.o(RESET)
</UL>
<P><STRONG><a name="[14]"></a>EXTI4_IRQHandler</STRONG> (Thumb, 0 bytes, Stack size 0 bytes, startup_stm32f10x_md.o(.text))
<BR>[Address Reference Count : 1]<UL><LI> startup_stm32f10x_md.o(RESET)
</UL>
<P><STRONG><a name="[21]"></a>EXTI9_5_IRQHandler</STRONG> (Thumb, 0 bytes, Stack size 0 bytes, startup_stm32f10x_md.o(.text))
<BR>[Address Reference Count : 1]<UL><LI> startup_stm32f10x_md.o(RESET)
</UL>
<P><STRONG><a name="[e]"></a>FLASH_IRQHandler</STRONG> (Thumb, 0 bytes, Stack size 0 bytes, startup_stm32f10x_md.o(.text))
<BR>[Address Reference Count : 1]<UL><LI> startup_stm32f10x_md.o(RESET)
</UL>
<P><STRONG><a name="[2a]"></a>I2C1_ER_IRQHandler</STRONG> (Thumb, 0 bytes, Stack size 0 bytes, startup_stm32f10x_md.o(.text))
<BR>[Address Reference Count : 1]<UL><LI> startup_stm32f10x_md.o(RESET)
</UL>
<P><STRONG><a name="[29]"></a>I2C1_EV_IRQHandler</STRONG> (Thumb, 0 bytes, Stack size 0 bytes, startup_stm32f10x_md.o(.text))
<BR>[Address Reference Count : 1]<UL><LI> startup_stm32f10x_md.o(RESET)
</UL>
<P><STRONG><a name="[2c]"></a>I2C2_ER_IRQHandler</STRONG> (Thumb, 0 bytes, Stack size 0 bytes, startup_stm32f10x_md.o(.text))
<BR>[Address Reference Count : 1]<UL><LI> startup_stm32f10x_md.o(RESET)
</UL>
<P><STRONG><a name="[2b]"></a>I2C2_EV_IRQHandler</STRONG> (Thumb, 0 bytes, Stack size 0 bytes, startup_stm32f10x_md.o(.text))
<BR>[Address Reference Count : 1]<UL><LI> startup_stm32f10x_md.o(RESET)
</UL>
<P><STRONG><a name="[b]"></a>PVD_IRQHandler</STRONG> (Thumb, 0 bytes, Stack size 0 bytes, startup_stm32f10x_md.o(.text))
<BR>[Address Reference Count : 1]<UL><LI> startup_stm32f10x_md.o(RESET)
</UL>
<P><STRONG><a name="[f]"></a>RCC_IRQHandler</STRONG> (Thumb, 0 bytes, Stack size 0 bytes, startup_stm32f10x_md.o(.text))
<BR>[Address Reference Count : 1]<UL><LI> startup_stm32f10x_md.o(RESET)
</UL>
<P><STRONG><a name="[33]"></a>RTCAlarm_IRQHandler</STRONG> (Thumb, 0 bytes, Stack size 0 bytes, startup_stm32f10x_md.o(.text))
<BR>[Address Reference Count : 1]<UL><LI> startup_stm32f10x_md.o(RESET)
</UL>
<P><STRONG><a name="[d]"></a>RTC_IRQHandler</STRONG> (Thumb, 0 bytes, Stack size 0 bytes, startup_stm32f10x_md.o(.text))
<BR>[Address Reference Count : 1]<UL><LI> startup_stm32f10x_md.o(RESET)
</UL>
<P><STRONG><a name="[2d]"></a>SPI1_IRQHandler</STRONG> (Thumb, 0 bytes, Stack size 0 bytes, startup_stm32f10x_md.o(.text))
<BR>[Address Reference Count : 1]<UL><LI> startup_stm32f10x_md.o(RESET)
</UL>
<P><STRONG><a name="[2e]"></a>SPI2_IRQHandler</STRONG> (Thumb, 0 bytes, Stack size 0 bytes, startup_stm32f10x_md.o(.text))
<BR>[Address Reference Count : 1]<UL><LI> startup_stm32f10x_md.o(RESET)
</UL>
<P><STRONG><a name="[c]"></a>TAMPER_IRQHandler</STRONG> (Thumb, 0 bytes, Stack size 0 bytes, startup_stm32f10x_md.o(.text))
<BR>[Address Reference Count : 1]<UL><LI> startup_stm32f10x_md.o(RESET)
</UL>
<P><STRONG><a name="[22]"></a>TIM1_BRK_IRQHandler</STRONG> (Thumb, 0 bytes, Stack size 0 bytes, startup_stm32f10x_md.o(.text))
<BR>[Address Reference Count : 1]<UL><LI> startup_stm32f10x_md.o(RESET)
</UL>
<P><STRONG><a name="[25]"></a>TIM1_CC_IRQHandler</STRONG> (Thumb, 0 bytes, Stack size 0 bytes, startup_stm32f10x_md.o(.text))
<BR>[Address Reference Count : 1]<UL><LI> startup_stm32f10x_md.o(RESET)
</UL>
<P><STRONG><a name="[24]"></a>TIM1_TRG_COM_IRQHandler</STRONG> (Thumb, 0 bytes, Stack size 0 bytes, startup_stm32f10x_md.o(.text))
<BR>[Address Reference Count : 1]<UL><LI> startup_stm32f10x_md.o(RESET)
</UL>
<P><STRONG><a name="[23]"></a>TIM1_UP_IRQHandler</STRONG> (Thumb, 0 bytes, Stack size 0 bytes, startup_stm32f10x_md.o(.text))
<BR>[Address Reference Count : 1]<UL><LI> startup_stm32f10x_md.o(RESET)
</UL>
<P><STRONG><a name="[26]"></a>TIM2_IRQHandler</STRONG> (Thumb, 0 bytes, Stack size 0 bytes, startup_stm32f10x_md.o(.text))
<BR>[Address Reference Count : 1]<UL><LI> startup_stm32f10x_md.o(RESET)
</UL>
<P><STRONG><a name="[27]"></a>TIM3_IRQHandler</STRONG> (Thumb, 0 bytes, Stack size 0 bytes, startup_stm32f10x_md.o(.text))
<BR>[Address Reference Count : 1]<UL><LI> startup_stm32f10x_md.o(RESET)
</UL>
<P><STRONG><a name="[28]"></a>TIM4_IRQHandler</STRONG> (Thumb, 0 bytes, Stack size 0 bytes, startup_stm32f10x_md.o(.text))
<BR>[Address Reference Count : 1]<UL><LI> startup_stm32f10x_md.o(RESET)
</UL>
<P><STRONG><a name="[30]"></a>USART2_IRQHandler</STRONG> (Thumb, 0 bytes, Stack size 0 bytes, startup_stm32f10x_md.o(.text))
<BR>[Address Reference Count : 1]<UL><LI> startup_stm32f10x_md.o(RESET)
</UL>
<P><STRONG><a name="[31]"></a>USART3_IRQHandler</STRONG> (Thumb, 0 bytes, Stack size 0 bytes, startup_stm32f10x_md.o(.text))
<BR>[Address Reference Count : 1]<UL><LI> startup_stm32f10x_md.o(RESET)
</UL>
<P><STRONG><a name="[34]"></a>USBWakeUp_IRQHandler</STRONG> (Thumb, 0 bytes, Stack size 0 bytes, startup_stm32f10x_md.o(.text))
<BR>[Address Reference Count : 1]<UL><LI> startup_stm32f10x_md.o(RESET)
</UL>
<P><STRONG><a name="[1d]"></a>USB_HP_CAN1_TX_IRQHandler</STRONG> (Thumb, 0 bytes, Stack size 0 bytes, startup_stm32f10x_md.o(.text))
<BR>[Address Reference Count : 1]<UL><LI> startup_stm32f10x_md.o(RESET)
</UL>
<P><STRONG><a name="[1e]"></a>USB_LP_CAN1_RX0_IRQHandler</STRONG> (Thumb, 0 bytes, Stack size 0 bytes, startup_stm32f10x_md.o(.text))
<BR>[Address Reference Count : 1]<UL><LI> startup_stm32f10x_md.o(RESET)
</UL>
<P><STRONG><a name="[a]"></a>WWDG_IRQHandler</STRONG> (Thumb, 0 bytes, Stack size 0 bytes, startup_stm32f10x_md.o(.text))
<BR>[Address Reference Count : 1]<UL><LI> startup_stm32f10x_md.o(RESET)
</UL>
<P><STRONG><a name="[124]"></a>__aeabi_memcpy</STRONG> (Thumb, 36 bytes, Stack size 0 bytes, memcpya.o(.text), UNUSED)

<P><STRONG><a name="[64]"></a>__aeabi_memcpy4</STRONG> (Thumb, 0 bytes, Stack size 0 bytes, memcpya.o(.text))
<BR><BR>[Called By]<UL><LI><a href="#[88]">&gt;&gt;</a>&nbsp;&nbsp;&nbsp;Start_Shy_Action
<LI><a href="#[96]">&gt;&gt;</a>&nbsp;&nbsp;&nbsp;Head_Up_NonBlocking
<LI><a href="#[93]">&gt;&gt;</a>&nbsp;&nbsp;&nbsp;Head_Shake_NonBlocking
<LI><a href="#[95]">&gt;&gt;</a>&nbsp;&nbsp;&nbsp;Head_Right_NonBlocking
<LI><a href="#[ad]">&gt;&gt;</a>&nbsp;&nbsp;&nbsp;Head_Response_NonBlocking
<LI><a href="#[99]">&gt;&gt;</a>&nbsp;&nbsp;&nbsp;Head_RU_NonBlocking
<LI><a href="#[9b]">&gt;&gt;</a>&nbsp;&nbsp;&nbsp;Head_RD_NonBlocking
<LI><a href="#[94]">&gt;&gt;</a>&nbsp;&nbsp;&nbsp;Head_Left_NonBlocking
<LI><a href="#[98]">&gt;&gt;</a>&nbsp;&nbsp;&nbsp;Head_LU_NonBlocking
<LI><a href="#[9a]">&gt;&gt;</a>&nbsp;&nbsp;&nbsp;Head_LD_NonBlocking
<LI><a href="#[97]">&gt;&gt;</a>&nbsp;&nbsp;&nbsp;Head_Down_NonBlocking
<LI><a href="#[9c]">&gt;&gt;</a>&nbsp;&nbsp;&nbsp;Head_Around_NonBlocking
<LI><a href="#[86]">&gt;&gt;</a>&nbsp;&nbsp;&nbsp;Complex_Eat_NonBlocking
<LI><a href="#[6a]">&gt;&gt;</a>&nbsp;&nbsp;&nbsp;Action_Smile_NonBlocking
<LI><a href="#[69]">&gt;&gt;</a>&nbsp;&nbsp;&nbsp;Action_Sad_NonBlocking
<LI><a href="#[63]">&gt;&gt;</a>&nbsp;&nbsp;&nbsp;Action_Comfortable_NonBlocking
<LI><a href="#[9f]">&gt;&gt;</a>&nbsp;&nbsp;&nbsp;Face_Init
</UL>

<P><STRONG><a name="[125]"></a>__aeabi_memcpy8</STRONG> (Thumb, 0 bytes, Stack size 0 bytes, memcpya.o(.text), UNUSED)

<P><STRONG><a name="[49]"></a>__aeabi_memset</STRONG> (Thumb, 14 bytes, Stack size 0 bytes, memseta.o(.text), UNUSED)
<BR><BR>[Called By]<UL><LI><a href="#[4a]">&gt;&gt;</a>&nbsp;&nbsp;&nbsp;_memset$wrapper
<LI><a href="#[48]">&gt;&gt;</a>&nbsp;&nbsp;&nbsp;__aeabi_memclr
</UL>

<P><STRONG><a name="[126]"></a>__aeabi_memset4</STRONG> (Thumb, 0 bytes, Stack size 0 bytes, memseta.o(.text), UNUSED)

<P><STRONG><a name="[127]"></a>__aeabi_memset8</STRONG> (Thumb, 0 bytes, Stack size 0 bytes, memseta.o(.text), UNUSED)

<P><STRONG><a name="[48]"></a>__aeabi_memclr</STRONG> (Thumb, 4 bytes, Stack size 0 bytes, memseta.o(.text), UNUSED)
<BR><BR>[Calls]<UL><LI><a href="#[49]">&gt;&gt;</a>&nbsp;&nbsp;&nbsp;__aeabi_memset
</UL>

<P><STRONG><a name="[8a]"></a>__aeabi_memclr4</STRONG> (Thumb, 0 bytes, Stack size 0 bytes, memseta.o(.text))
<BR><BR>[Called By]<UL><LI><a href="#[89]">&gt;&gt;</a>&nbsp;&nbsp;&nbsp;Delay_Init
</UL>

<P><STRONG><a name="[128]"></a>__aeabi_memclr8</STRONG> (Thumb, 0 bytes, Stack size 0 bytes, memseta.o(.text), UNUSED)

<P><STRONG><a name="[4a]"></a>_memset$wrapper</STRONG> (Thumb, 18 bytes, Stack size 8 bytes, memseta.o(.text), UNUSED)
<BR><BR>[Calls]<UL><LI><a href="#[49]">&gt;&gt;</a>&nbsp;&nbsp;&nbsp;__aeabi_memset
</UL>

<P><STRONG><a name="[4b]"></a>__aeabi_fadd</STRONG> (Thumb, 164 bytes, Stack size 16 bytes, fadd.o(.text))
<BR><BR>[Stack]<UL><LI>Max Depth = 20<LI>Call Chain = __aeabi_fadd &rArr; _float_epilogue
</UL>
<BR>[Calls]<UL><LI><a href="#[4d]">&gt;&gt;</a>&nbsp;&nbsp;&nbsp;_float_round
<LI><a href="#[4c]">&gt;&gt;</a>&nbsp;&nbsp;&nbsp;_float_epilogue
</UL>
<BR>[Called By]<UL><LI><a href="#[e3]">&gt;&gt;</a>&nbsp;&nbsp;&nbsp;Servo_Update_NonBlocking
<LI><a href="#[4e]">&gt;&gt;</a>&nbsp;&nbsp;&nbsp;__aeabi_fsub
<LI><a href="#[6f]">&gt;&gt;</a>&nbsp;&nbsp;&nbsp;App_MPU6050_Update
<LI><a href="#[72]">&gt;&gt;</a>&nbsp;&nbsp;&nbsp;angles_update
<LI><a href="#[10c]">&gt;&gt;</a>&nbsp;&nbsp;&nbsp;__mathlib_flt_infnan2
<LI><a href="#[4f]">&gt;&gt;</a>&nbsp;&nbsp;&nbsp;__aeabi_frsub
<LI><a href="#[114]">&gt;&gt;</a>&nbsp;&nbsp;&nbsp;atan2f
</UL>

<P><STRONG><a name="[4e]"></a>__aeabi_fsub</STRONG> (Thumb, 6 bytes, Stack size 0 bytes, fadd.o(.text))
<BR><BR>[Stack]<UL><LI>Max Depth = 20<LI>Call Chain = __aeabi_fsub &rArr; __aeabi_fadd &rArr; _float_epilogue
</UL>
<BR>[Calls]<UL><LI><a href="#[4b]">&gt;&gt;</a>&nbsp;&nbsp;&nbsp;__aeabi_fadd
</UL>
<BR>[Called By]<UL><LI><a href="#[72]">&gt;&gt;</a>&nbsp;&nbsp;&nbsp;angles_update
<LI><a href="#[114]">&gt;&gt;</a>&nbsp;&nbsp;&nbsp;atan2f
</UL>

<P><STRONG><a name="[4f]"></a>__aeabi_frsub</STRONG> (Thumb, 6 bytes, Stack size 0 bytes, fadd.o(.text))
<BR><BR>[Stack]<UL><LI>Max Depth = 20<LI>Call Chain = __aeabi_frsub &rArr; __aeabi_fadd &rArr; _float_epilogue
</UL>
<BR>[Calls]<UL><LI><a href="#[4b]">&gt;&gt;</a>&nbsp;&nbsp;&nbsp;__aeabi_fadd
</UL>
<BR>[Called By]<UL><LI><a href="#[114]">&gt;&gt;</a>&nbsp;&nbsp;&nbsp;atan2f
</UL>

<P><STRONG><a name="[71]"></a>__aeabi_fmul</STRONG> (Thumb, 100 bytes, Stack size 8 bytes, fmul.o(.text))
<BR><BR>[Stack]<UL><LI>Max Depth = 8<LI>Call Chain = __aeabi_fmul
</UL>
<BR>[Called By]<UL><LI><a href="#[e3]">&gt;&gt;</a>&nbsp;&nbsp;&nbsp;Servo_Update_NonBlocking
<LI><a href="#[6f]">&gt;&gt;</a>&nbsp;&nbsp;&nbsp;App_MPU6050_Update
<LI><a href="#[11b]">&gt;&gt;</a>&nbsp;&nbsp;&nbsp;is_shaking
<LI><a href="#[72]">&gt;&gt;</a>&nbsp;&nbsp;&nbsp;angles_update
<LI><a href="#[114]">&gt;&gt;</a>&nbsp;&nbsp;&nbsp;atan2f
</UL>

<P><STRONG><a name="[50]"></a>__aeabi_fdiv</STRONG> (Thumb, 124 bytes, Stack size 8 bytes, fdiv.o(.text))
<BR><BR>[Stack]<UL><LI>Max Depth = 8<LI>Call Chain = __aeabi_fdiv
</UL>
<BR>[Calls]<UL><LI><a href="#[4d]">&gt;&gt;</a>&nbsp;&nbsp;&nbsp;_float_round
</UL>
<BR>[Called By]<UL><LI><a href="#[e3]">&gt;&gt;</a>&nbsp;&nbsp;&nbsp;Servo_Update_NonBlocking
<LI><a href="#[114]">&gt;&gt;</a>&nbsp;&nbsp;&nbsp;atan2f
</UL>

<P><STRONG><a name="[51]"></a>__aeabi_ddiv</STRONG> (Thumb, 222 bytes, Stack size 32 bytes, ddiv.o(.text))
<BR><BR>[Stack]<UL><LI>Max Depth = 40<LI>Call Chain = __aeabi_ddiv &rArr; _double_round
</UL>
<BR>[Calls]<UL><LI><a href="#[52]">&gt;&gt;</a>&nbsp;&nbsp;&nbsp;_double_round
</UL>
<BR>[Called By]<UL><LI><a href="#[89]">&gt;&gt;</a>&nbsp;&nbsp;&nbsp;Delay_Init
<LI><a href="#[10f]">&gt;&gt;</a>&nbsp;&nbsp;&nbsp;_fp_digits
</UL>

<P><STRONG><a name="[53]"></a>__aeabi_i2f</STRONG> (Thumb, 18 bytes, Stack size 0 bytes, fflti.o(.text))
<BR><BR>[Stack]<UL><LI>Max Depth = 4<LI>Call Chain = __aeabi_i2f &rArr; _float_epilogue
</UL>
<BR>[Calls]<UL><LI><a href="#[4c]">&gt;&gt;</a>&nbsp;&nbsp;&nbsp;_float_epilogue
</UL>
<BR>[Called By]<UL><LI><a href="#[e3]">&gt;&gt;</a>&nbsp;&nbsp;&nbsp;Servo_Update_NonBlocking
<LI><a href="#[6f]">&gt;&gt;</a>&nbsp;&nbsp;&nbsp;App_MPU6050_Update
</UL>

<P><STRONG><a name="[54]"></a>__aeabi_ui2f</STRONG> (Thumb, 10 bytes, Stack size 0 bytes, ffltui.o(.text))
<BR><BR>[Stack]<UL><LI>Max Depth = 4<LI>Call Chain = __aeabi_ui2f &rArr; _float_epilogue
</UL>
<BR>[Calls]<UL><LI><a href="#[4c]">&gt;&gt;</a>&nbsp;&nbsp;&nbsp;_float_epilogue
</UL>
<BR>[Called By]<UL><LI><a href="#[e3]">&gt;&gt;</a>&nbsp;&nbsp;&nbsp;Servo_Update_NonBlocking
</UL>

<P><STRONG><a name="[55]"></a>__aeabi_ui2d</STRONG> (Thumb, 26 bytes, Stack size 16 bytes, dfltui.o(.text))
<BR><BR>[Stack]<UL><LI>Max Depth = 56<LI>Call Chain = __aeabi_ui2d &rArr; _double_epilogue &rArr; _double_round
</UL>
<BR>[Calls]<UL><LI><a href="#[56]">&gt;&gt;</a>&nbsp;&nbsp;&nbsp;_double_epilogue
</UL>
<BR>[Called By]<UL><LI><a href="#[89]">&gt;&gt;</a>&nbsp;&nbsp;&nbsp;Delay_Init
</UL>

<P><STRONG><a name="[e4]"></a>__aeabi_f2uiz</STRONG> (Thumb, 40 bytes, Stack size 0 bytes, ffixui.o(.text))
<BR><BR>[Called By]<UL><LI><a href="#[e3]">&gt;&gt;</a>&nbsp;&nbsp;&nbsp;Servo_Update_NonBlocking
</UL>

<P><STRONG><a name="[57]"></a>__aeabi_d2f</STRONG> (Thumb, 56 bytes, Stack size 8 bytes, d2f.o(.text))
<BR><BR>[Stack]<UL><LI>Max Depth = 8<LI>Call Chain = __aeabi_d2f
</UL>
<BR>[Calls]<UL><LI><a href="#[4d]">&gt;&gt;</a>&nbsp;&nbsp;&nbsp;_float_round
</UL>
<BR>[Called By]<UL><LI><a href="#[89]">&gt;&gt;</a>&nbsp;&nbsp;&nbsp;Delay_Init
</UL>

<P><STRONG><a name="[129]"></a>__aeabi_cfcmpeq</STRONG> (Thumb, 0 bytes, Stack size 0 bytes, cfcmple.o(.text), UNUSED)

<P><STRONG><a name="[117]"></a>__aeabi_cfcmple</STRONG> (Thumb, 20 bytes, Stack size 0 bytes, cfcmple.o(.text))
<BR><BR>[Called By]<UL><LI><a href="#[11b]">&gt;&gt;</a>&nbsp;&nbsp;&nbsp;is_shaking
<LI><a href="#[72]">&gt;&gt;</a>&nbsp;&nbsp;&nbsp;angles_update
</UL>

<P><STRONG><a name="[116]"></a>__aeabi_cfrcmple</STRONG> (Thumb, 20 bytes, Stack size 0 bytes, cfrcmple.o(.text))
<BR><BR>[Called By]<UL><LI><a href="#[73]">&gt;&gt;</a>&nbsp;&nbsp;&nbsp;motion_detection_update
<LI><a href="#[11b]">&gt;&gt;</a>&nbsp;&nbsp;&nbsp;is_shaking
<LI><a href="#[72]">&gt;&gt;</a>&nbsp;&nbsp;&nbsp;angles_update
</UL>

<P><STRONG><a name="[12a]"></a>__aeabi_uidiv</STRONG> (Thumb, 0 bytes, Stack size 12 bytes, uidiv.o(.text), UNUSED)

<P><STRONG><a name="[113]"></a>__aeabi_uidivmod</STRONG> (Thumb, 44 bytes, Stack size 12 bytes, uidiv.o(.text), UNUSED)
<BR><BR>[Called By]<UL><LI><a href="#[10b]">&gt;&gt;</a>&nbsp;&nbsp;&nbsp;_printf_core
</UL>

<P><STRONG><a name="[58]"></a>__aeabi_uldivmod</STRONG> (Thumb, 98 bytes, Stack size 40 bytes, uldiv.o(.text), UNUSED)
<BR><BR>[Calls]<UL><LI><a href="#[59]">&gt;&gt;</a>&nbsp;&nbsp;&nbsp;__aeabi_llsr
<LI><a href="#[5a]">&gt;&gt;</a>&nbsp;&nbsp;&nbsp;__aeabi_llsl
</UL>
<BR>[Called By]<UL><LI><a href="#[10b]">&gt;&gt;</a>&nbsp;&nbsp;&nbsp;_printf_core
<LI><a href="#[10f]">&gt;&gt;</a>&nbsp;&nbsp;&nbsp;_fp_digits
</UL>

<P><STRONG><a name="[12b]"></a>__I$use$fp</STRONG> (Thumb, 0 bytes, Stack size 0 bytes, iusefp.o(.text), UNUSED)

<P><STRONG><a name="[4d]"></a>_float_round</STRONG> (Thumb, 18 bytes, Stack size 0 bytes, fepilogue.o(.text))
<BR><BR>[Called By]<UL><LI><a href="#[57]">&gt;&gt;</a>&nbsp;&nbsp;&nbsp;__aeabi_d2f
<LI><a href="#[50]">&gt;&gt;</a>&nbsp;&nbsp;&nbsp;__aeabi_fdiv
<LI><a href="#[4b]">&gt;&gt;</a>&nbsp;&nbsp;&nbsp;__aeabi_fadd
<LI><a href="#[5b]">&gt;&gt;</a>&nbsp;&nbsp;&nbsp;_fsqrt
</UL>

<P><STRONG><a name="[4c]"></a>_float_epilogue</STRONG> (Thumb, 92 bytes, Stack size 4 bytes, fepilogue.o(.text))
<BR><BR>[Stack]<UL><LI>Max Depth = 4<LI>Call Chain = _float_epilogue
</UL>
<BR>[Called By]<UL><LI><a href="#[54]">&gt;&gt;</a>&nbsp;&nbsp;&nbsp;__aeabi_ui2f
<LI><a href="#[53]">&gt;&gt;</a>&nbsp;&nbsp;&nbsp;__aeabi_i2f
<LI><a href="#[4b]">&gt;&gt;</a>&nbsp;&nbsp;&nbsp;__aeabi_fadd
</UL>

<P><STRONG><a name="[5b]"></a>_fsqrt</STRONG> (Thumb, 94 bytes, Stack size 16 bytes, fsqrt.o(.text))
<BR><BR>[Stack]<UL><LI>Max Depth = 16<LI>Call Chain = _fsqrt
</UL>
<BR>[Calls]<UL><LI><a href="#[4d]">&gt;&gt;</a>&nbsp;&nbsp;&nbsp;_float_round
</UL>
<BR>[Called By]<UL><LI><a href="#[115]">&gt;&gt;</a>&nbsp;&nbsp;&nbsp;sqrtf
</UL>

<P><STRONG><a name="[52]"></a>_double_round</STRONG> (Thumb, 30 bytes, Stack size 8 bytes, depilogue.o(.text))
<BR><BR>[Stack]<UL><LI>Max Depth = 8<LI>Call Chain = _double_round
</UL>
<BR>[Called By]<UL><LI><a href="#[51]">&gt;&gt;</a>&nbsp;&nbsp;&nbsp;__aeabi_ddiv
<LI><a href="#[56]">&gt;&gt;</a>&nbsp;&nbsp;&nbsp;_double_epilogue
<LI><a href="#[5c]">&gt;&gt;</a>&nbsp;&nbsp;&nbsp;__aeabi_dadd
</UL>

<P><STRONG><a name="[56]"></a>_double_epilogue</STRONG> (Thumb, 156 bytes, Stack size 32 bytes, depilogue.o(.text))
<BR><BR>[Stack]<UL><LI>Max Depth = 40<LI>Call Chain = _double_epilogue &rArr; _double_round
</UL>
<BR>[Calls]<UL><LI><a href="#[59]">&gt;&gt;</a>&nbsp;&nbsp;&nbsp;__aeabi_llsr
<LI><a href="#[5a]">&gt;&gt;</a>&nbsp;&nbsp;&nbsp;__aeabi_llsl
<LI><a href="#[52]">&gt;&gt;</a>&nbsp;&nbsp;&nbsp;_double_round
</UL>
<BR>[Called By]<UL><LI><a href="#[55]">&gt;&gt;</a>&nbsp;&nbsp;&nbsp;__aeabi_ui2d
<LI><a href="#[60]">&gt;&gt;</a>&nbsp;&nbsp;&nbsp;__aeabi_dmul
<LI><a href="#[5c]">&gt;&gt;</a>&nbsp;&nbsp;&nbsp;__aeabi_dadd
</UL>

<P><STRONG><a name="[5c]"></a>__aeabi_dadd</STRONG> (Thumb, 322 bytes, Stack size 48 bytes, dadd.o(.text), UNUSED)
<BR><BR>[Calls]<UL><LI><a href="#[5d]">&gt;&gt;</a>&nbsp;&nbsp;&nbsp;__aeabi_lasr
<LI><a href="#[5a]">&gt;&gt;</a>&nbsp;&nbsp;&nbsp;__aeabi_llsl
<LI><a href="#[56]">&gt;&gt;</a>&nbsp;&nbsp;&nbsp;_double_epilogue
<LI><a href="#[52]">&gt;&gt;</a>&nbsp;&nbsp;&nbsp;_double_round
</UL>
<BR>[Called By]<UL><LI><a href="#[5f]">&gt;&gt;</a>&nbsp;&nbsp;&nbsp;__aeabi_drsub
<LI><a href="#[5e]">&gt;&gt;</a>&nbsp;&nbsp;&nbsp;__aeabi_dsub
<LI><a href="#[10f]">&gt;&gt;</a>&nbsp;&nbsp;&nbsp;_fp_digits
</UL>

<P><STRONG><a name="[5e]"></a>__aeabi_dsub</STRONG> (Thumb, 6 bytes, Stack size 0 bytes, dadd.o(.text), UNUSED)
<BR><BR>[Calls]<UL><LI><a href="#[5c]">&gt;&gt;</a>&nbsp;&nbsp;&nbsp;__aeabi_dadd
</UL>

<P><STRONG><a name="[5f]"></a>__aeabi_drsub</STRONG> (Thumb, 6 bytes, Stack size 0 bytes, dadd.o(.text), UNUSED)
<BR><BR>[Calls]<UL><LI><a href="#[5c]">&gt;&gt;</a>&nbsp;&nbsp;&nbsp;__aeabi_dadd
</UL>

<P><STRONG><a name="[60]"></a>__aeabi_dmul</STRONG> (Thumb, 228 bytes, Stack size 48 bytes, dmul.o(.text), UNUSED)
<BR><BR>[Calls]<UL><LI><a href="#[56]">&gt;&gt;</a>&nbsp;&nbsp;&nbsp;_double_epilogue
</UL>
<BR>[Called By]<UL><LI><a href="#[10f]">&gt;&gt;</a>&nbsp;&nbsp;&nbsp;_fp_digits
</UL>

<P><STRONG><a name="[61]"></a>__aeabi_d2ulz</STRONG> (Thumb, 48 bytes, Stack size 0 bytes, dfixul.o(.text), UNUSED)
<BR><BR>[Calls]<UL><LI><a href="#[59]">&gt;&gt;</a>&nbsp;&nbsp;&nbsp;__aeabi_llsr
<LI><a href="#[5a]">&gt;&gt;</a>&nbsp;&nbsp;&nbsp;__aeabi_llsl
</UL>
<BR>[Called By]<UL><LI><a href="#[10f]">&gt;&gt;</a>&nbsp;&nbsp;&nbsp;_fp_digits
</UL>

<P><STRONG><a name="[110]"></a>__aeabi_cdrcmple</STRONG> (Thumb, 48 bytes, Stack size 0 bytes, cdrcmple.o(.text), UNUSED)
<BR><BR>[Called By]<UL><LI><a href="#[10f]">&gt;&gt;</a>&nbsp;&nbsp;&nbsp;_fp_digits
</UL>

<P><STRONG><a name="[47]"></a>__scatterload</STRONG> (Thumb, 28 bytes, Stack size 0 bytes, init.o(.text))
<BR><BR>[Calls]<UL><LI><a href="#[62]">&gt;&gt;</a>&nbsp;&nbsp;&nbsp;__main_after_scatterload
</UL>
<BR>[Called By]<UL><LI><a href="#[46]">&gt;&gt;</a>&nbsp;&nbsp;&nbsp;_main_scatterload
</UL>

<P><STRONG><a name="[12c]"></a>__scatterload_rt2</STRONG> (Thumb, 0 bytes, Stack size 0 bytes, init.o(.text), UNUSED)

<P><STRONG><a name="[5a]"></a>__aeabi_llsl</STRONG> (Thumb, 30 bytes, Stack size 0 bytes, llshl.o(.text))
<BR><BR>[Called By]<UL><LI><a href="#[58]">&gt;&gt;</a>&nbsp;&nbsp;&nbsp;__aeabi_uldivmod
<LI><a href="#[56]">&gt;&gt;</a>&nbsp;&nbsp;&nbsp;_double_epilogue
<LI><a href="#[5c]">&gt;&gt;</a>&nbsp;&nbsp;&nbsp;__aeabi_dadd
<LI><a href="#[61]">&gt;&gt;</a>&nbsp;&nbsp;&nbsp;__aeabi_d2ulz
</UL>

<P><STRONG><a name="[12d]"></a>_ll_shift_l</STRONG> (Thumb, 0 bytes, Stack size 0 bytes, llshl.o(.text), UNUSED)

<P><STRONG><a name="[59]"></a>__aeabi_llsr</STRONG> (Thumb, 32 bytes, Stack size 0 bytes, llushr.o(.text))
<BR><BR>[Called By]<UL><LI><a href="#[58]">&gt;&gt;</a>&nbsp;&nbsp;&nbsp;__aeabi_uldivmod
<LI><a href="#[56]">&gt;&gt;</a>&nbsp;&nbsp;&nbsp;_double_epilogue
<LI><a href="#[61]">&gt;&gt;</a>&nbsp;&nbsp;&nbsp;__aeabi_d2ulz
</UL>

<P><STRONG><a name="[12e]"></a>_ll_ushift_r</STRONG> (Thumb, 0 bytes, Stack size 0 bytes, llushr.o(.text), UNUSED)

<P><STRONG><a name="[5d]"></a>__aeabi_lasr</STRONG> (Thumb, 36 bytes, Stack size 0 bytes, llsshr.o(.text), UNUSED)
<BR><BR>[Called By]<UL><LI><a href="#[5c]">&gt;&gt;</a>&nbsp;&nbsp;&nbsp;__aeabi_dadd
</UL>

<P><STRONG><a name="[12f]"></a>_ll_sshift_r</STRONG> (Thumb, 0 bytes, Stack size 0 bytes, llsshr.o(.text), UNUSED)

<P><STRONG><a name="[10e]"></a>__ARM_scalbnf</STRONG> (Thumb, 24 bytes, Stack size 0 bytes, fscalb.o(.text))
<BR><BR>[Called By]<UL><LI><a href="#[10d]">&gt;&gt;</a>&nbsp;&nbsp;&nbsp;__mathlib_flt_underflow
</UL>

<P><STRONG><a name="[130]"></a>scalbnf</STRONG> (Thumb, 0 bytes, Stack size 0 bytes, fscalb.o(.text), UNUSED)

<P><STRONG><a name="[131]"></a>__decompress</STRONG> (Thumb, 0 bytes, Stack size unknown bytes, __dczerorl2.o(.text), UNUSED)

<P><STRONG><a name="[132]"></a>__decompress1</STRONG> (Thumb, 86 bytes, Stack size unknown bytes, __dczerorl2.o(.text), UNUSED)

<P><STRONG><a name="[63]"></a>Action_Comfortable_NonBlocking</STRONG> (Thumb, 26 bytes, Stack size 32 bytes, pwm.o(i.Action_Comfortable_NonBlocking))
<BR><BR>[Stack]<UL><LI>Max Depth = 184<LI>Call Chain = Action_Comfortable_NonBlocking &rArr; Servo_ExecuteSequence &rArr; Servo_StopSequence &rArr; Servo_Set_NonBlocking &rArr; GetTick &rArr; Delay_Init &rArr; __aeabi_ui2d &rArr; _double_epilogue &rArr; _double_round
</UL>
<BR>[Calls]<UL><LI><a href="#[65]">&gt;&gt;</a>&nbsp;&nbsp;&nbsp;Servo_ExecuteSequence
<LI><a href="#[64]">&gt;&gt;</a>&nbsp;&nbsp;&nbsp;__aeabi_memcpy4
</UL>
<BR>[Called By]<UL><LI><a href="#[8f]">&gt;&gt;</a>&nbsp;&nbsp;&nbsp;ExpressionWithServo
</UL>

<P><STRONG><a name="[66]"></a>Action_Init</STRONG> (Thumb, 58 bytes, Stack size 8 bytes, pwm.o(i.Action_Init))
<BR><BR>[Stack]<UL><LI>Max Depth = 128<LI>Call Chain = Action_Init &rArr; Delay_ms &rArr; Delay_Init &rArr; __aeabi_ui2d &rArr; _double_epilogue &rArr; _double_round
</UL>
<BR>[Calls]<UL><LI><a href="#[67]">&gt;&gt;</a>&nbsp;&nbsp;&nbsp;Servo_Set_simple
<LI><a href="#[68]">&gt;&gt;</a>&nbsp;&nbsp;&nbsp;Delay_ms
</UL>
<BR>[Called By]<UL><LI><a href="#[e7]">&gt;&gt;</a>&nbsp;&nbsp;&nbsp;SystemManager_Init
<LI><a href="#[3a]">&gt;&gt;</a>&nbsp;&nbsp;&nbsp;SystemManager_OnStandUp
</UL>

<P><STRONG><a name="[69]"></a>Action_Sad_NonBlocking</STRONG> (Thumb, 26 bytes, Stack size 32 bytes, pwm.o(i.Action_Sad_NonBlocking))
<BR><BR>[Stack]<UL><LI>Max Depth = 184<LI>Call Chain = Action_Sad_NonBlocking &rArr; Servo_ExecuteSequence &rArr; Servo_StopSequence &rArr; Servo_Set_NonBlocking &rArr; GetTick &rArr; Delay_Init &rArr; __aeabi_ui2d &rArr; _double_epilogue &rArr; _double_round
</UL>
<BR>[Calls]<UL><LI><a href="#[65]">&gt;&gt;</a>&nbsp;&nbsp;&nbsp;Servo_ExecuteSequence
<LI><a href="#[64]">&gt;&gt;</a>&nbsp;&nbsp;&nbsp;__aeabi_memcpy4
</UL>
<BR>[Called By]<UL><LI><a href="#[3b]">&gt;&gt;</a>&nbsp;&nbsp;&nbsp;VoiceCommandHandler
<LI><a href="#[8f]">&gt;&gt;</a>&nbsp;&nbsp;&nbsp;ExpressionWithServo
</UL>

<P><STRONG><a name="[6a]"></a>Action_Smile_NonBlocking</STRONG> (Thumb, 26 bytes, Stack size 24 bytes, pwm.o(i.Action_Smile_NonBlocking))
<BR><BR>[Stack]<UL><LI>Max Depth = 176<LI>Call Chain = Action_Smile_NonBlocking &rArr; Servo_ExecuteSequence &rArr; Servo_StopSequence &rArr; Servo_Set_NonBlocking &rArr; GetTick &rArr; Delay_Init &rArr; __aeabi_ui2d &rArr; _double_epilogue &rArr; _double_round
</UL>
<BR>[Calls]<UL><LI><a href="#[65]">&gt;&gt;</a>&nbsp;&nbsp;&nbsp;Servo_ExecuteSequence
<LI><a href="#[64]">&gt;&gt;</a>&nbsp;&nbsp;&nbsp;__aeabi_memcpy4
</UL>
<BR>[Called By]<UL><LI><a href="#[3b]">&gt;&gt;</a>&nbsp;&nbsp;&nbsp;VoiceCommandHandler
<LI><a href="#[8f]">&gt;&gt;</a>&nbsp;&nbsp;&nbsp;ExpressionWithServo
</UL>

<P><STRONG><a name="[6b]"></a>Action_Struggle_NonBlocking</STRONG> (Thumb, 208 bytes, Stack size 168 bytes, pwm.o(i.Action_Struggle_NonBlocking))
<BR><BR>[Stack]<UL><LI>Max Depth = 320<LI>Call Chain = Action_Struggle_NonBlocking &rArr; Servo_ExecuteSequence &rArr; Servo_StopSequence &rArr; Servo_Set_NonBlocking &rArr; GetTick &rArr; Delay_Init &rArr; __aeabi_ui2d &rArr; _double_epilogue &rArr; _double_round
</UL>
<BR>[Calls]<UL><LI><a href="#[65]">&gt;&gt;</a>&nbsp;&nbsp;&nbsp;Servo_ExecuteSequence
</UL>
<BR>[Called By]<UL><LI><a href="#[f4]">&gt;&gt;</a>&nbsp;&nbsp;&nbsp;SystemManager_UpdateSpecialCases
<LI><a href="#[3b]">&gt;&gt;</a>&nbsp;&nbsp;&nbsp;VoiceCommandHandler
<LI><a href="#[39]">&gt;&gt;</a>&nbsp;&nbsp;&nbsp;SystemManager_OnLieDown
<LI><a href="#[38]">&gt;&gt;</a>&nbsp;&nbsp;&nbsp;MPU6050_ActionHandler
<LI><a href="#[8f]">&gt;&gt;</a>&nbsp;&nbsp;&nbsp;ExpressionWithServo
</UL>

<P><STRONG><a name="[6c]"></a>App_MPU6050_Init</STRONG> (Thumb, 128 bytes, Stack size 8 bytes, mpu6050.o(i.App_MPU6050_Init))
<BR><BR>[Stack]<UL><LI>Max Depth = 128<LI>Call Chain = App_MPU6050_Init &rArr; Delay_ms &rArr; Delay_Init &rArr; __aeabi_ui2d &rArr; _double_epilogue &rArr; _double_round
</UL>
<BR>[Calls]<UL><LI><a href="#[68]">&gt;&gt;</a>&nbsp;&nbsp;&nbsp;Delay_ms
<LI><a href="#[6d]">&gt;&gt;</a>&nbsp;&nbsp;&nbsp;My_SI2C_Init
<LI><a href="#[6e]">&gt;&gt;</a>&nbsp;&nbsp;&nbsp;reg_write
</UL>
<BR>[Called By]<UL><LI><a href="#[e7]">&gt;&gt;</a>&nbsp;&nbsp;&nbsp;SystemManager_Init
</UL>

<P><STRONG><a name="[6f]"></a>App_MPU6050_Update</STRONG> (Thumb, 506 bytes, Stack size 40 bytes, mpu6050.o(i.App_MPU6050_Update))
<BR><BR>[Stack]<UL><LI>Max Depth = 176<LI>Call Chain = App_MPU6050_Update &rArr; motion_detection_update &rArr; GetTick &rArr; Delay_Init &rArr; __aeabi_ui2d &rArr; _double_epilogue &rArr; _double_round
</UL>
<BR>[Calls]<UL><LI><a href="#[53]">&gt;&gt;</a>&nbsp;&nbsp;&nbsp;__aeabi_i2f
<LI><a href="#[71]">&gt;&gt;</a>&nbsp;&nbsp;&nbsp;__aeabi_fmul
<LI><a href="#[4b]">&gt;&gt;</a>&nbsp;&nbsp;&nbsp;__aeabi_fadd
<LI><a href="#[70]">&gt;&gt;</a>&nbsp;&nbsp;&nbsp;reg_read
<LI><a href="#[73]">&gt;&gt;</a>&nbsp;&nbsp;&nbsp;motion_detection_update
<LI><a href="#[72]">&gt;&gt;</a>&nbsp;&nbsp;&nbsp;angles_update
</UL>
<BR>[Called By]<UL><LI><a href="#[3c]">&gt;&gt;</a>&nbsp;&nbsp;&nbsp;Task_MPU6050_Update
</UL>

<P><STRONG><a name="[74]"></a>App_PWM_Init</STRONG> (Thumb, 448 bytes, Stack size 40 bytes, pwm.o(i.App_PWM_Init))
<BR><BR>[Stack]<UL><LI>Max Depth = 64<LI>Call Chain = App_PWM_Init &rArr; GPIO_Init
</UL>
<BR>[Calls]<UL><LI><a href="#[76]">&gt;&gt;</a>&nbsp;&nbsp;&nbsp;GPIO_Init
<LI><a href="#[75]">&gt;&gt;</a>&nbsp;&nbsp;&nbsp;RCC_APB2PeriphClockCmd
<LI><a href="#[78]">&gt;&gt;</a>&nbsp;&nbsp;&nbsp;RCC_APB1PeriphClockCmd
<LI><a href="#[77]">&gt;&gt;</a>&nbsp;&nbsp;&nbsp;TIM_TimeBaseInit
<LI><a href="#[80]">&gt;&gt;</a>&nbsp;&nbsp;&nbsp;TIM_OC4PreloadConfig
<LI><a href="#[7f]">&gt;&gt;</a>&nbsp;&nbsp;&nbsp;TIM_OC4Init
<LI><a href="#[7e]">&gt;&gt;</a>&nbsp;&nbsp;&nbsp;TIM_OC3PreloadConfig
<LI><a href="#[7d]">&gt;&gt;</a>&nbsp;&nbsp;&nbsp;TIM_OC3Init
<LI><a href="#[7c]">&gt;&gt;</a>&nbsp;&nbsp;&nbsp;TIM_OC2PreloadConfig
<LI><a href="#[7b]">&gt;&gt;</a>&nbsp;&nbsp;&nbsp;TIM_OC2Init
<LI><a href="#[7a]">&gt;&gt;</a>&nbsp;&nbsp;&nbsp;TIM_OC1PreloadConfig
<LI><a href="#[79]">&gt;&gt;</a>&nbsp;&nbsp;&nbsp;TIM_OC1Init
<LI><a href="#[83]">&gt;&gt;</a>&nbsp;&nbsp;&nbsp;TIM_CtrlPWMOutputs
<LI><a href="#[84]">&gt;&gt;</a>&nbsp;&nbsp;&nbsp;TIM_Cmd
<LI><a href="#[82]">&gt;&gt;</a>&nbsp;&nbsp;&nbsp;TIM_CCPreloadControl
<LI><a href="#[81]">&gt;&gt;</a>&nbsp;&nbsp;&nbsp;TIM_ARRPreloadConfig
</UL>
<BR>[Called By]<UL><LI><a href="#[e7]">&gt;&gt;</a>&nbsp;&nbsp;&nbsp;SystemManager_Init
</UL>

<P><STRONG><a name="[4]"></a>BusFault_Handler</STRONG> (Thumb, 4 bytes, Stack size 0 bytes, stm32f10x_it.o(i.BusFault_Handler))
<BR>[Address Reference Count : 1]<UL><LI> startup_stm32f10x_md.o(RESET)
</UL>
<P><STRONG><a name="[85]"></a>Complex_Dance_NonBlocking</STRONG> (Thumb, 462 bytes, Stack size 488 bytes, pwm.o(i.Complex_Dance_NonBlocking))
<BR><BR>[Stack]<UL><LI>Max Depth = 640<LI>Call Chain = Complex_Dance_NonBlocking &rArr; Servo_ExecuteSequence &rArr; Servo_StopSequence &rArr; Servo_Set_NonBlocking &rArr; GetTick &rArr; Delay_Init &rArr; __aeabi_ui2d &rArr; _double_epilogue &rArr; _double_round
</UL>
<BR>[Calls]<UL><LI><a href="#[65]">&gt;&gt;</a>&nbsp;&nbsp;&nbsp;Servo_ExecuteSequence
</UL>
<BR>[Called By]<UL><LI><a href="#[3b]">&gt;&gt;</a>&nbsp;&nbsp;&nbsp;VoiceCommandHandler
<LI><a href="#[8f]">&gt;&gt;</a>&nbsp;&nbsp;&nbsp;ExpressionWithServo
</UL>

<P><STRONG><a name="[86]"></a>Complex_Eat_NonBlocking</STRONG> (Thumb, 26 bytes, Stack size 24 bytes, pwm.o(i.Complex_Eat_NonBlocking))
<BR><BR>[Stack]<UL><LI>Max Depth = 176<LI>Call Chain = Complex_Eat_NonBlocking &rArr; Servo_ExecuteSequence &rArr; Servo_StopSequence &rArr; Servo_Set_NonBlocking &rArr; GetTick &rArr; Delay_Init &rArr; __aeabi_ui2d &rArr; _double_epilogue &rArr; _double_round
</UL>
<BR>[Calls]<UL><LI><a href="#[65]">&gt;&gt;</a>&nbsp;&nbsp;&nbsp;Servo_ExecuteSequence
<LI><a href="#[64]">&gt;&gt;</a>&nbsp;&nbsp;&nbsp;__aeabi_memcpy4
</UL>
<BR>[Called By]<UL><LI><a href="#[3b]">&gt;&gt;</a>&nbsp;&nbsp;&nbsp;VoiceCommandHandler
<LI><a href="#[8f]">&gt;&gt;</a>&nbsp;&nbsp;&nbsp;ExpressionWithServo
</UL>

<P><STRONG><a name="[7]"></a>DebugMon_Handler</STRONG> (Thumb, 2 bytes, Stack size 0 bytes, stm32f10x_it.o(i.DebugMon_Handler))
<BR>[Address Reference Count : 1]<UL><LI> startup_stm32f10x_md.o(RESET)
</UL>
<P><STRONG><a name="[89]"></a>Delay_Init</STRONG> (Thumb, 192 bytes, Stack size 48 bytes, delay.o(i.Delay_Init))
<BR><BR>[Stack]<UL><LI>Max Depth = 104<LI>Call Chain = Delay_Init &rArr; __aeabi_ui2d &rArr; _double_epilogue &rArr; _double_round
</UL>
<BR>[Calls]<UL><LI><a href="#[8b]">&gt;&gt;</a>&nbsp;&nbsp;&nbsp;RCC_GetClocksFreq
<LI><a href="#[55]">&gt;&gt;</a>&nbsp;&nbsp;&nbsp;__aeabi_ui2d
<LI><a href="#[51]">&gt;&gt;</a>&nbsp;&nbsp;&nbsp;__aeabi_ddiv
<LI><a href="#[57]">&gt;&gt;</a>&nbsp;&nbsp;&nbsp;__aeabi_d2f
<LI><a href="#[8a]">&gt;&gt;</a>&nbsp;&nbsp;&nbsp;__aeabi_memclr4
</UL>
<BR>[Called By]<UL><LI><a href="#[90]">&gt;&gt;</a>&nbsp;&nbsp;&nbsp;GetTick
<LI><a href="#[68]">&gt;&gt;</a>&nbsp;&nbsp;&nbsp;Delay_ms
<LI><a href="#[e7]">&gt;&gt;</a>&nbsp;&nbsp;&nbsp;SystemManager_Init
</UL>

<P><STRONG><a name="[68]"></a>Delay_ms</STRONG> (Thumb, 32 bytes, Stack size 16 bytes, delay.o(i.Delay_ms))
<BR><BR>[Stack]<UL><LI>Max Depth = 120<LI>Call Chain = Delay_ms &rArr; Delay_Init &rArr; __aeabi_ui2d &rArr; _double_epilogue &rArr; _double_round
</UL>
<BR>[Calls]<UL><LI><a href="#[89]">&gt;&gt;</a>&nbsp;&nbsp;&nbsp;Delay_Init
</UL>
<BR>[Called By]<UL><LI><a href="#[66]">&gt;&gt;</a>&nbsp;&nbsp;&nbsp;Action_Init
<LI><a href="#[35]">&gt;&gt;</a>&nbsp;&nbsp;&nbsp;main
<LI><a href="#[c8]">&gt;&gt;</a>&nbsp;&nbsp;&nbsp;OLED_Init
<LI><a href="#[f4]">&gt;&gt;</a>&nbsp;&nbsp;&nbsp;SystemManager_UpdateSpecialCases
<LI><a href="#[f5]">&gt;&gt;</a>&nbsp;&nbsp;&nbsp;SystemManager_Start
<LI><a href="#[39]">&gt;&gt;</a>&nbsp;&nbsp;&nbsp;SystemManager_OnLieDown
<LI><a href="#[6c]">&gt;&gt;</a>&nbsp;&nbsp;&nbsp;App_MPU6050_Init
</UL>

<P><STRONG><a name="[9e]"></a>Face_EnterStaticMode</STRONG> (Thumb, 32 bytes, Stack size 8 bytes, face.o(i.Face_EnterStaticMode))
<BR><BR>[Stack]<UL><LI>Max Depth = 136<LI>Call Chain = Face_EnterStaticMode &rArr; DisplayFrame &rArr; OLED_ShowPicture &rArr; OLED_Refresh &rArr; OLED_WR_Byte &rArr; OLED_Send_Byte
</UL>
<BR>[Calls]<UL><LI><a href="#[8c]">&gt;&gt;</a>&nbsp;&nbsp;&nbsp;DisplayFrame
</UL>
<BR>[Called By]<UL><LI><a href="#[f4]">&gt;&gt;</a>&nbsp;&nbsp;&nbsp;SystemManager_UpdateSpecialCases
</UL>

<P><STRONG><a name="[a2]"></a>Face_ExitStaticMode</STRONG> (Thumb, 8 bytes, Stack size 0 bytes, face.o(i.Face_ExitStaticMode))
<BR><BR>[Called By]<UL><LI><a href="#[87]">&gt;&gt;</a>&nbsp;&nbsp;&nbsp;Face_RequestExpression
<LI><a href="#[3b]">&gt;&gt;</a>&nbsp;&nbsp;&nbsp;VoiceCommandHandler
<LI><a href="#[3a]">&gt;&gt;</a>&nbsp;&nbsp;&nbsp;SystemManager_OnStandUp
</UL>

<P><STRONG><a name="[b5]"></a>Face_GetCurrentExpression</STRONG> (Thumb, 6 bytes, Stack size 0 bytes, face.o(i.Face_GetCurrentExpression))
<BR><BR>[Called By]<UL><LI><a href="#[f4]">&gt;&gt;</a>&nbsp;&nbsp;&nbsp;SystemManager_UpdateSpecialCases
<LI><a href="#[b4]">&gt;&gt;</a>&nbsp;&nbsp;&nbsp;IsVoiceCommandAllowed
</UL>

<P><STRONG><a name="[9f]"></a>Face_Init</STRONG> (Thumb, 54 bytes, Stack size 8 bytes, face.o(i.Face_Init))
<BR><BR>[Stack]<UL><LI>Max Depth = 128<LI>Call Chain = Face_Init &rArr; ResetFaceState &rArr; GetTick &rArr; Delay_Init &rArr; __aeabi_ui2d &rArr; _double_epilogue &rArr; _double_round
</UL>
<BR>[Calls]<UL><LI><a href="#[a0]">&gt;&gt;</a>&nbsp;&nbsp;&nbsp;ResetFaceState
<LI><a href="#[64]">&gt;&gt;</a>&nbsp;&nbsp;&nbsp;__aeabi_memcpy4
</UL>
<BR>[Called By]<UL><LI><a href="#[e7]">&gt;&gt;</a>&nbsp;&nbsp;&nbsp;SystemManager_Init
</UL>

<P><STRONG><a name="[f1]"></a>Face_IsStaticMode</STRONG> (Thumb, 6 bytes, Stack size 0 bytes, face.o(i.Face_IsStaticMode))
<BR><BR>[Called By]<UL><LI><a href="#[f4]">&gt;&gt;</a>&nbsp;&nbsp;&nbsp;SystemManager_UpdateSpecialCases
<LI><a href="#[3b]">&gt;&gt;</a>&nbsp;&nbsp;&nbsp;VoiceCommandHandler
<LI><a href="#[3a]">&gt;&gt;</a>&nbsp;&nbsp;&nbsp;SystemManager_OnStandUp
</UL>

<P><STRONG><a name="[a1]"></a>Face_PlayFlashSequenceRange</STRONG> (Thumb, 110 bytes, Stack size 32 bytes, face.o(i.Face_PlayFlashSequenceRange))
<BR><BR>[Stack]<UL><LI>Max Depth = 144<LI>Call Chain = Face_PlayFlashSequenceRange &rArr; GetTick &rArr; Delay_Init &rArr; __aeabi_ui2d &rArr; _double_epilogue &rArr; _double_round
</UL>
<BR>[Calls]<UL><LI><a href="#[90]">&gt;&gt;</a>&nbsp;&nbsp;&nbsp;GetTick
</UL>
<BR>[Called By]<UL><LI><a href="#[87]">&gt;&gt;</a>&nbsp;&nbsp;&nbsp;Face_RequestExpression
</UL>

<P><STRONG><a name="[87]"></a>Face_RequestExpression</STRONG> (Thumb, 184 bytes, Stack size 16 bytes, face.o(i.Face_RequestExpression))
<BR><BR>[Stack]<UL><LI>Max Depth = 160<LI>Call Chain = Face_RequestExpression &rArr; Face_PlayFlashSequenceRange &rArr; GetTick &rArr; Delay_Init &rArr; __aeabi_ui2d &rArr; _double_epilogue &rArr; _double_round
</UL>
<BR>[Calls]<UL><LI><a href="#[a1]">&gt;&gt;</a>&nbsp;&nbsp;&nbsp;Face_PlayFlashSequenceRange
<LI><a href="#[a2]">&gt;&gt;</a>&nbsp;&nbsp;&nbsp;Face_ExitStaticMode
<LI><a href="#[a0]">&gt;&gt;</a>&nbsp;&nbsp;&nbsp;ResetFaceState
</UL>
<BR>[Called By]<UL><LI><a href="#[43]">&gt;&gt;</a>&nbsp;&nbsp;&nbsp;Default_Touch_Start_Handler
<LI><a href="#[44]">&gt;&gt;</a>&nbsp;&nbsp;&nbsp;Default_Touch_End_Handler
<LI><a href="#[d2]">&gt;&gt;</a>&nbsp;&nbsp;&nbsp;RandomFace_Update
<LI><a href="#[cc]">&gt;&gt;</a>&nbsp;&nbsp;&nbsp;PlayRandomFace
<LI><a href="#[f4]">&gt;&gt;</a>&nbsp;&nbsp;&nbsp;SystemManager_UpdateSpecialCases
<LI><a href="#[f5]">&gt;&gt;</a>&nbsp;&nbsp;&nbsp;SystemManager_Start
<LI><a href="#[3b]">&gt;&gt;</a>&nbsp;&nbsp;&nbsp;VoiceCommandHandler
<LI><a href="#[3a]">&gt;&gt;</a>&nbsp;&nbsp;&nbsp;SystemManager_OnStandUp
<LI><a href="#[39]">&gt;&gt;</a>&nbsp;&nbsp;&nbsp;SystemManager_OnLieDown
<LI><a href="#[38]">&gt;&gt;</a>&nbsp;&nbsp;&nbsp;MPU6050_ActionHandler
</UL>

<P><STRONG><a name="[a3]"></a>Face_Update</STRONG> (Thumb, 104 bytes, Stack size 8 bytes, face.o(i.Face_Update))
<BR><BR>[Stack]<UL><LI>Max Depth = 152<LI>Call Chain = Face_Update &rArr; UpdateSpecialFace &rArr; UpdateBlinkSpecial &rArr; GetRandomDelay &rArr; GetTick &rArr; Delay_Init &rArr; __aeabi_ui2d &rArr; _double_epilogue &rArr; _double_round
</UL>
<BR>[Calls]<UL><LI><a href="#[90]">&gt;&gt;</a>&nbsp;&nbsp;&nbsp;GetTick
<LI><a href="#[a5]">&gt;&gt;</a>&nbsp;&nbsp;&nbsp;UpdateSpecialFace
<LI><a href="#[a6]">&gt;&gt;</a>&nbsp;&nbsp;&nbsp;UpdateSimpleFace
<LI><a href="#[a4]">&gt;&gt;</a>&nbsp;&nbsp;&nbsp;UpdateDynamicSequence
</UL>
<BR>[Called By]<UL><LI><a href="#[f4]">&gt;&gt;</a>&nbsp;&nbsp;&nbsp;SystemManager_UpdateSpecialCases
<LI><a href="#[f5]">&gt;&gt;</a>&nbsp;&nbsp;&nbsp;SystemManager_Start
<LI><a href="#[3b]">&gt;&gt;</a>&nbsp;&nbsp;&nbsp;VoiceCommandHandler
<LI><a href="#[3f]">&gt;&gt;</a>&nbsp;&nbsp;&nbsp;Task_Face_Update
</UL>

<P><STRONG><a name="[76]"></a>GPIO_Init</STRONG> (Thumb, 278 bytes, Stack size 24 bytes, stm32f10x_gpio.o(i.GPIO_Init))
<BR><BR>[Stack]<UL><LI>Max Depth = 24<LI>Call Chain = GPIO_Init
</UL>
<BR>[Called By]<UL><LI><a href="#[e9]">&gt;&gt;</a>&nbsp;&nbsp;&nbsp;Touch_Init
<LI><a href="#[ed]">&gt;&gt;</a>&nbsp;&nbsp;&nbsp;USART1_Config
<LI><a href="#[e8]">&gt;&gt;</a>&nbsp;&nbsp;&nbsp;W25Q64_Init
<LI><a href="#[d4]">&gt;&gt;</a>&nbsp;&nbsp;&nbsp;SPI1_Init
<LI><a href="#[74]">&gt;&gt;</a>&nbsp;&nbsp;&nbsp;App_PWM_Init
<LI><a href="#[c8]">&gt;&gt;</a>&nbsp;&nbsp;&nbsp;OLED_Init
<LI><a href="#[6d]">&gt;&gt;</a>&nbsp;&nbsp;&nbsp;My_SI2C_Init
</UL>

<P><STRONG><a name="[d5]"></a>GPIO_PinRemapConfig</STRONG> (Thumb, 138 bytes, Stack size 20 bytes, stm32f10x_gpio.o(i.GPIO_PinRemapConfig))
<BR><BR>[Stack]<UL><LI>Max Depth = 20<LI>Call Chain = GPIO_PinRemapConfig
</UL>
<BR>[Called By]<UL><LI><a href="#[ed]">&gt;&gt;</a>&nbsp;&nbsp;&nbsp;USART1_Config
<LI><a href="#[d4]">&gt;&gt;</a>&nbsp;&nbsp;&nbsp;SPI1_Init
</UL>

<P><STRONG><a name="[ac]"></a>GPIO_ReadInputDataBit</STRONG> (Thumb, 18 bytes, Stack size 0 bytes, stm32f10x_gpio.o(i.GPIO_ReadInputDataBit))
<BR><BR>[Called By]<UL><LI><a href="#[ab]">&gt;&gt;</a>&nbsp;&nbsp;&nbsp;Get_Touch_State
<LI><a href="#[bc]">&gt;&gt;</a>&nbsp;&nbsp;&nbsp;SendByte
<LI><a href="#[be]">&gt;&gt;</a>&nbsp;&nbsp;&nbsp;ReceiveByte
</UL>

<P><STRONG><a name="[c5]"></a>GPIO_ResetBits</STRONG> (Thumb, 4 bytes, Stack size 0 bytes, stm32f10x_gpio.o(i.GPIO_ResetBits))
<BR><BR>[Called By]<UL><LI><a href="#[ca]">&gt;&gt;</a>&nbsp;&nbsp;&nbsp;OLED_Send_Byte
<LI><a href="#[c7]">&gt;&gt;</a>&nbsp;&nbsp;&nbsp;OLED_I2C_WaitAck
<LI><a href="#[c6]">&gt;&gt;</a>&nbsp;&nbsp;&nbsp;OLED_I2C_Stop
<LI><a href="#[c2]">&gt;&gt;</a>&nbsp;&nbsp;&nbsp;OLED_I2C_Start
</UL>

<P><STRONG><a name="[c3]"></a>GPIO_SetBits</STRONG> (Thumb, 4 bytes, Stack size 0 bytes, stm32f10x_gpio.o(i.GPIO_SetBits))
<BR><BR>[Called By]<UL><LI><a href="#[ca]">&gt;&gt;</a>&nbsp;&nbsp;&nbsp;OLED_Send_Byte
<LI><a href="#[c7]">&gt;&gt;</a>&nbsp;&nbsp;&nbsp;OLED_I2C_WaitAck
<LI><a href="#[c6]">&gt;&gt;</a>&nbsp;&nbsp;&nbsp;OLED_I2C_Stop
<LI><a href="#[c2]">&gt;&gt;</a>&nbsp;&nbsp;&nbsp;OLED_I2C_Start
<LI><a href="#[c8]">&gt;&gt;</a>&nbsp;&nbsp;&nbsp;OLED_Init
</UL>

<P><STRONG><a name="[b9]"></a>GPIO_WriteBit</STRONG> (Thumb, 10 bytes, Stack size 0 bytes, stm32f10x_gpio.o(i.GPIO_WriteBit))
<BR><BR>[Called By]<UL><LI><a href="#[109]">&gt;&gt;</a>&nbsp;&nbsp;&nbsp;W25Q64_ReadID
<LI><a href="#[e8]">&gt;&gt;</a>&nbsp;&nbsp;&nbsp;W25Q64_Init
<LI><a href="#[8d]">&gt;&gt;</a>&nbsp;&nbsp;&nbsp;W25Q64_ReadData
<LI><a href="#[bd]">&gt;&gt;</a>&nbsp;&nbsp;&nbsp;SendStop
<LI><a href="#[bc]">&gt;&gt;</a>&nbsp;&nbsp;&nbsp;SendByte
<LI><a href="#[be]">&gt;&gt;</a>&nbsp;&nbsp;&nbsp;ReceiveByte
<LI><a href="#[bf]">&gt;&gt;</a>&nbsp;&nbsp;&nbsp;My_SI2C_RegWriteBytes
<LI><a href="#[ba]">&gt;&gt;</a>&nbsp;&nbsp;&nbsp;My_SI2C_RegReadBytes
<LI><a href="#[6d]">&gt;&gt;</a>&nbsp;&nbsp;&nbsp;My_SI2C_Init
</UL>

<P><STRONG><a name="[90]"></a>GetTick</STRONG> (Thumb, 12 bytes, Stack size 8 bytes, delay.o(i.GetTick))
<BR><BR>[Stack]<UL><LI>Max Depth = 112<LI>Call Chain = GetTick &rArr; Delay_Init &rArr; __aeabi_ui2d &rArr; _double_epilogue &rArr; _double_round
</UL>
<BR>[Calls]<UL><LI><a href="#[89]">&gt;&gt;</a>&nbsp;&nbsp;&nbsp;Delay_Init
</UL>
<BR>[Called By]<UL><LI><a href="#[9d]">&gt;&gt;</a>&nbsp;&nbsp;&nbsp;MPU6050_IgnoreActionsFor
<LI><a href="#[fa]">&gt;&gt;</a>&nbsp;&nbsp;&nbsp;Touch_Process
<LI><a href="#[e9]">&gt;&gt;</a>&nbsp;&nbsp;&nbsp;Touch_Init
<LI><a href="#[b7]">&gt;&gt;</a>&nbsp;&nbsp;&nbsp;Is_Allow_Other_Actions
<LI><a href="#[88]">&gt;&gt;</a>&nbsp;&nbsp;&nbsp;Start_Shy_Action
<LI><a href="#[fb]">&gt;&gt;</a>&nbsp;&nbsp;&nbsp;USART_ProcessVoiceData
<LI><a href="#[ce]">&gt;&gt;</a>&nbsp;&nbsp;&nbsp;ProcessVoiceCommand
<LI><a href="#[d2]">&gt;&gt;</a>&nbsp;&nbsp;&nbsp;RandomFace_Update
<LI><a href="#[d1]">&gt;&gt;</a>&nbsp;&nbsp;&nbsp;RandomFace_Init
<LI><a href="#[d3]">&gt;&gt;</a>&nbsp;&nbsp;&nbsp;ShouldPlayNewFace
<LI><a href="#[cc]">&gt;&gt;</a>&nbsp;&nbsp;&nbsp;PlayRandomFace
<LI><a href="#[aa]">&gt;&gt;</a>&nbsp;&nbsp;&nbsp;GetRandomInRange
<LI><a href="#[e3]">&gt;&gt;</a>&nbsp;&nbsp;&nbsp;Servo_Update_NonBlocking
<LI><a href="#[e1]">&gt;&gt;</a>&nbsp;&nbsp;&nbsp;Servo_UpdateSequence
<LI><a href="#[dc]">&gt;&gt;</a>&nbsp;&nbsp;&nbsp;Servo_Set_NonBlocking
<LI><a href="#[65]">&gt;&gt;</a>&nbsp;&nbsp;&nbsp;Servo_ExecuteSequence
<LI><a href="#[a3]">&gt;&gt;</a>&nbsp;&nbsp;&nbsp;Face_Update
<LI><a href="#[a1]">&gt;&gt;</a>&nbsp;&nbsp;&nbsp;Face_PlayFlashSequenceRange
<LI><a href="#[a0]">&gt;&gt;</a>&nbsp;&nbsp;&nbsp;ResetFaceState
<LI><a href="#[a9]">&gt;&gt;</a>&nbsp;&nbsp;&nbsp;GetRandomDelay
<LI><a href="#[f3]">&gt;&gt;</a>&nbsp;&nbsp;&nbsp;TaskScheduler_Run
<LI><a href="#[f9]">&gt;&gt;</a>&nbsp;&nbsp;&nbsp;TaskScheduler_Register
<LI><a href="#[f4]">&gt;&gt;</a>&nbsp;&nbsp;&nbsp;SystemManager_UpdateSpecialCases
<LI><a href="#[3b]">&gt;&gt;</a>&nbsp;&nbsp;&nbsp;VoiceCommandHandler
<LI><a href="#[39]">&gt;&gt;</a>&nbsp;&nbsp;&nbsp;SystemManager_OnLieDown
<LI><a href="#[8f]">&gt;&gt;</a>&nbsp;&nbsp;&nbsp;ExpressionWithServo
<LI><a href="#[b8]">&gt;&gt;</a>&nbsp;&nbsp;&nbsp;MPU6050_NotifyVomitComplete
<LI><a href="#[73]">&gt;&gt;</a>&nbsp;&nbsp;&nbsp;motion_detection_update
</UL>

<P><STRONG><a name="[ab]"></a>Get_Touch_State</STRONG> (Thumb, 14 bytes, Stack size 8 bytes, touch.o(i.Get_Touch_State))
<BR><BR>[Stack]<UL><LI>Max Depth = 8<LI>Call Chain = Get_Touch_State
</UL>
<BR>[Calls]<UL><LI><a href="#[ac]">&gt;&gt;</a>&nbsp;&nbsp;&nbsp;GPIO_ReadInputDataBit
</UL>
<BR>[Called By]<UL><LI><a href="#[fa]">&gt;&gt;</a>&nbsp;&nbsp;&nbsp;Touch_Process
</UL>

<P><STRONG><a name="[2]"></a>HardFault_Handler</STRONG> (Thumb, 4 bytes, Stack size 0 bytes, stm32f10x_it.o(i.HardFault_Handler))
<BR>[Address Reference Count : 1]<UL><LI> startup_stm32f10x_md.o(RESET)
</UL>
<P><STRONG><a name="[9c]"></a>Head_Around_NonBlocking</STRONG> (Thumb, 26 bytes, Stack size 64 bytes, pwm.o(i.Head_Around_NonBlocking))
<BR><BR>[Stack]<UL><LI>Max Depth = 216<LI>Call Chain = Head_Around_NonBlocking &rArr; Servo_ExecuteSequence &rArr; Servo_StopSequence &rArr; Servo_Set_NonBlocking &rArr; GetTick &rArr; Delay_Init &rArr; __aeabi_ui2d &rArr; _double_epilogue &rArr; _double_round
</UL>
<BR>[Calls]<UL><LI><a href="#[65]">&gt;&gt;</a>&nbsp;&nbsp;&nbsp;Servo_ExecuteSequence
<LI><a href="#[64]">&gt;&gt;</a>&nbsp;&nbsp;&nbsp;__aeabi_memcpy4
</UL>
<BR>[Called By]<UL><LI><a href="#[3b]">&gt;&gt;</a>&nbsp;&nbsp;&nbsp;VoiceCommandHandler
<LI><a href="#[8f]">&gt;&gt;</a>&nbsp;&nbsp;&nbsp;ExpressionWithServo
</UL>

<P><STRONG><a name="[97]"></a>Head_Down_NonBlocking</STRONG> (Thumb, 26 bytes, Stack size 32 bytes, pwm.o(i.Head_Down_NonBlocking))
<BR><BR>[Stack]<UL><LI>Max Depth = 184<LI>Call Chain = Head_Down_NonBlocking &rArr; Servo_ExecuteSequence &rArr; Servo_StopSequence &rArr; Servo_Set_NonBlocking &rArr; GetTick &rArr; Delay_Init &rArr; __aeabi_ui2d &rArr; _double_epilogue &rArr; _double_round
</UL>
<BR>[Calls]<UL><LI><a href="#[65]">&gt;&gt;</a>&nbsp;&nbsp;&nbsp;Servo_ExecuteSequence
<LI><a href="#[64]">&gt;&gt;</a>&nbsp;&nbsp;&nbsp;__aeabi_memcpy4
</UL>
<BR>[Called By]<UL><LI><a href="#[3b]">&gt;&gt;</a>&nbsp;&nbsp;&nbsp;VoiceCommandHandler
<LI><a href="#[38]">&gt;&gt;</a>&nbsp;&nbsp;&nbsp;MPU6050_ActionHandler
<LI><a href="#[8f]">&gt;&gt;</a>&nbsp;&nbsp;&nbsp;ExpressionWithServo
</UL>

<P><STRONG><a name="[9a]"></a>Head_LD_NonBlocking</STRONG> (Thumb, 26 bytes, Stack size 40 bytes, pwm.o(i.Head_LD_NonBlocking))
<BR><BR>[Stack]<UL><LI>Max Depth = 192<LI>Call Chain = Head_LD_NonBlocking &rArr; Servo_ExecuteSequence &rArr; Servo_StopSequence &rArr; Servo_Set_NonBlocking &rArr; GetTick &rArr; Delay_Init &rArr; __aeabi_ui2d &rArr; _double_epilogue &rArr; _double_round
</UL>
<BR>[Calls]<UL><LI><a href="#[65]">&gt;&gt;</a>&nbsp;&nbsp;&nbsp;Servo_ExecuteSequence
<LI><a href="#[64]">&gt;&gt;</a>&nbsp;&nbsp;&nbsp;__aeabi_memcpy4
</UL>
<BR>[Called By]<UL><LI><a href="#[3b]">&gt;&gt;</a>&nbsp;&nbsp;&nbsp;VoiceCommandHandler
<LI><a href="#[8f]">&gt;&gt;</a>&nbsp;&nbsp;&nbsp;ExpressionWithServo
</UL>

<P><STRONG><a name="[98]"></a>Head_LU_NonBlocking</STRONG> (Thumb, 26 bytes, Stack size 48 bytes, pwm.o(i.Head_LU_NonBlocking))
<BR><BR>[Stack]<UL><LI>Max Depth = 200<LI>Call Chain = Head_LU_NonBlocking &rArr; Servo_ExecuteSequence &rArr; Servo_StopSequence &rArr; Servo_Set_NonBlocking &rArr; GetTick &rArr; Delay_Init &rArr; __aeabi_ui2d &rArr; _double_epilogue &rArr; _double_round
</UL>
<BR>[Calls]<UL><LI><a href="#[65]">&gt;&gt;</a>&nbsp;&nbsp;&nbsp;Servo_ExecuteSequence
<LI><a href="#[64]">&gt;&gt;</a>&nbsp;&nbsp;&nbsp;__aeabi_memcpy4
</UL>
<BR>[Called By]<UL><LI><a href="#[3b]">&gt;&gt;</a>&nbsp;&nbsp;&nbsp;VoiceCommandHandler
<LI><a href="#[8f]">&gt;&gt;</a>&nbsp;&nbsp;&nbsp;ExpressionWithServo
</UL>

<P><STRONG><a name="[94]"></a>Head_Left_NonBlocking</STRONG> (Thumb, 26 bytes, Stack size 64 bytes, pwm.o(i.Head_Left_NonBlocking))
<BR><BR>[Stack]<UL><LI>Max Depth = 216<LI>Call Chain = Head_Left_NonBlocking &rArr; Servo_ExecuteSequence &rArr; Servo_StopSequence &rArr; Servo_Set_NonBlocking &rArr; GetTick &rArr; Delay_Init &rArr; __aeabi_ui2d &rArr; _double_epilogue &rArr; _double_round
</UL>
<BR>[Calls]<UL><LI><a href="#[65]">&gt;&gt;</a>&nbsp;&nbsp;&nbsp;Servo_ExecuteSequence
<LI><a href="#[64]">&gt;&gt;</a>&nbsp;&nbsp;&nbsp;__aeabi_memcpy4
</UL>
<BR>[Called By]<UL><LI><a href="#[3b]">&gt;&gt;</a>&nbsp;&nbsp;&nbsp;VoiceCommandHandler
<LI><a href="#[8f]">&gt;&gt;</a>&nbsp;&nbsp;&nbsp;ExpressionWithServo
</UL>

<P><STRONG><a name="[9b]"></a>Head_RD_NonBlocking</STRONG> (Thumb, 26 bytes, Stack size 40 bytes, pwm.o(i.Head_RD_NonBlocking))
<BR><BR>[Stack]<UL><LI>Max Depth = 192<LI>Call Chain = Head_RD_NonBlocking &rArr; Servo_ExecuteSequence &rArr; Servo_StopSequence &rArr; Servo_Set_NonBlocking &rArr; GetTick &rArr; Delay_Init &rArr; __aeabi_ui2d &rArr; _double_epilogue &rArr; _double_round
</UL>
<BR>[Calls]<UL><LI><a href="#[65]">&gt;&gt;</a>&nbsp;&nbsp;&nbsp;Servo_ExecuteSequence
<LI><a href="#[64]">&gt;&gt;</a>&nbsp;&nbsp;&nbsp;__aeabi_memcpy4
</UL>
<BR>[Called By]<UL><LI><a href="#[3b]">&gt;&gt;</a>&nbsp;&nbsp;&nbsp;VoiceCommandHandler
<LI><a href="#[8f]">&gt;&gt;</a>&nbsp;&nbsp;&nbsp;ExpressionWithServo
</UL>

<P><STRONG><a name="[99]"></a>Head_RU_NonBlocking</STRONG> (Thumb, 26 bytes, Stack size 48 bytes, pwm.o(i.Head_RU_NonBlocking))
<BR><BR>[Stack]<UL><LI>Max Depth = 200<LI>Call Chain = Head_RU_NonBlocking &rArr; Servo_ExecuteSequence &rArr; Servo_StopSequence &rArr; Servo_Set_NonBlocking &rArr; GetTick &rArr; Delay_Init &rArr; __aeabi_ui2d &rArr; _double_epilogue &rArr; _double_round
</UL>
<BR>[Calls]<UL><LI><a href="#[65]">&gt;&gt;</a>&nbsp;&nbsp;&nbsp;Servo_ExecuteSequence
<LI><a href="#[64]">&gt;&gt;</a>&nbsp;&nbsp;&nbsp;__aeabi_memcpy4
</UL>
<BR>[Called By]<UL><LI><a href="#[3b]">&gt;&gt;</a>&nbsp;&nbsp;&nbsp;VoiceCommandHandler
<LI><a href="#[8f]">&gt;&gt;</a>&nbsp;&nbsp;&nbsp;ExpressionWithServo
</UL>

<P><STRONG><a name="[ad]"></a>Head_Response_NonBlocking</STRONG> (Thumb, 26 bytes, Stack size 24 bytes, pwm.o(i.Head_Response_NonBlocking))
<BR><BR>[Stack]<UL><LI>Max Depth = 176<LI>Call Chain = Head_Response_NonBlocking &rArr; Servo_ExecuteSequence &rArr; Servo_StopSequence &rArr; Servo_Set_NonBlocking &rArr; GetTick &rArr; Delay_Init &rArr; __aeabi_ui2d &rArr; _double_epilogue &rArr; _double_round
</UL>
<BR>[Calls]<UL><LI><a href="#[65]">&gt;&gt;</a>&nbsp;&nbsp;&nbsp;Servo_ExecuteSequence
<LI><a href="#[64]">&gt;&gt;</a>&nbsp;&nbsp;&nbsp;__aeabi_memcpy4
</UL>
<BR>[Called By]<UL><LI><a href="#[3b]">&gt;&gt;</a>&nbsp;&nbsp;&nbsp;VoiceCommandHandler
</UL>

<P><STRONG><a name="[95]"></a>Head_Right_NonBlocking</STRONG> (Thumb, 26 bytes, Stack size 64 bytes, pwm.o(i.Head_Right_NonBlocking))
<BR><BR>[Stack]<UL><LI>Max Depth = 216<LI>Call Chain = Head_Right_NonBlocking &rArr; Servo_ExecuteSequence &rArr; Servo_StopSequence &rArr; Servo_Set_NonBlocking &rArr; GetTick &rArr; Delay_Init &rArr; __aeabi_ui2d &rArr; _double_epilogue &rArr; _double_round
</UL>
<BR>[Calls]<UL><LI><a href="#[65]">&gt;&gt;</a>&nbsp;&nbsp;&nbsp;Servo_ExecuteSequence
<LI><a href="#[64]">&gt;&gt;</a>&nbsp;&nbsp;&nbsp;__aeabi_memcpy4
</UL>
<BR>[Called By]<UL><LI><a href="#[3b]">&gt;&gt;</a>&nbsp;&nbsp;&nbsp;VoiceCommandHandler
<LI><a href="#[8f]">&gt;&gt;</a>&nbsp;&nbsp;&nbsp;ExpressionWithServo
</UL>

<P><STRONG><a name="[93]"></a>Head_Shake_NonBlocking</STRONG> (Thumb, 26 bytes, Stack size 40 bytes, pwm.o(i.Head_Shake_NonBlocking))
<BR><BR>[Stack]<UL><LI>Max Depth = 192<LI>Call Chain = Head_Shake_NonBlocking &rArr; Servo_ExecuteSequence &rArr; Servo_StopSequence &rArr; Servo_Set_NonBlocking &rArr; GetTick &rArr; Delay_Init &rArr; __aeabi_ui2d &rArr; _double_epilogue &rArr; _double_round
</UL>
<BR>[Calls]<UL><LI><a href="#[65]">&gt;&gt;</a>&nbsp;&nbsp;&nbsp;Servo_ExecuteSequence
<LI><a href="#[64]">&gt;&gt;</a>&nbsp;&nbsp;&nbsp;__aeabi_memcpy4
</UL>
<BR>[Called By]<UL><LI><a href="#[f4]">&gt;&gt;</a>&nbsp;&nbsp;&nbsp;SystemManager_UpdateSpecialCases
<LI><a href="#[3b]">&gt;&gt;</a>&nbsp;&nbsp;&nbsp;VoiceCommandHandler
<LI><a href="#[38]">&gt;&gt;</a>&nbsp;&nbsp;&nbsp;MPU6050_ActionHandler
<LI><a href="#[8f]">&gt;&gt;</a>&nbsp;&nbsp;&nbsp;ExpressionWithServo
</UL>

<P><STRONG><a name="[96]"></a>Head_Up_NonBlocking</STRONG> (Thumb, 26 bytes, Stack size 24 bytes, pwm.o(i.Head_Up_NonBlocking))
<BR><BR>[Stack]<UL><LI>Max Depth = 176<LI>Call Chain = Head_Up_NonBlocking &rArr; Servo_ExecuteSequence &rArr; Servo_StopSequence &rArr; Servo_Set_NonBlocking &rArr; GetTick &rArr; Delay_Init &rArr; __aeabi_ui2d &rArr; _double_epilogue &rArr; _double_round
</UL>
<BR>[Calls]<UL><LI><a href="#[65]">&gt;&gt;</a>&nbsp;&nbsp;&nbsp;Servo_ExecuteSequence
<LI><a href="#[64]">&gt;&gt;</a>&nbsp;&nbsp;&nbsp;__aeabi_memcpy4
</UL>
<BR>[Called By]<UL><LI><a href="#[3b]">&gt;&gt;</a>&nbsp;&nbsp;&nbsp;VoiceCommandHandler
<LI><a href="#[8f]">&gt;&gt;</a>&nbsp;&nbsp;&nbsp;ExpressionWithServo
</UL>

<P><STRONG><a name="[c4]"></a>IIC_delay</STRONG> (Thumb, 16 bytes, Stack size 0 bytes, oled.o(i.IIC_delay))
<BR><BR>[Called By]<UL><LI><a href="#[ca]">&gt;&gt;</a>&nbsp;&nbsp;&nbsp;OLED_Send_Byte
<LI><a href="#[c7]">&gt;&gt;</a>&nbsp;&nbsp;&nbsp;OLED_I2C_WaitAck
<LI><a href="#[c6]">&gt;&gt;</a>&nbsp;&nbsp;&nbsp;OLED_I2C_Stop
<LI><a href="#[c2]">&gt;&gt;</a>&nbsp;&nbsp;&nbsp;OLED_I2C_Start
</UL>

<P><STRONG><a name="[b3]"></a>IWDG_Enable</STRONG> (Thumb, 10 bytes, Stack size 0 bytes, stm32f10x_iwdg.o(i.IWDG_Enable))
<BR><BR>[Called By]<UL><LI><a href="#[ae]">&gt;&gt;</a>&nbsp;&nbsp;&nbsp;IWDG_Init
</UL>

<P><STRONG><a name="[ae]"></a>IWDG_Init</STRONG> (Thumb, 34 bytes, Stack size 8 bytes, main.o(i.IWDG_Init))
<BR><BR>[Stack]<UL><LI>Max Depth = 8<LI>Call Chain = IWDG_Init
</UL>
<BR>[Calls]<UL><LI><a href="#[af]">&gt;&gt;</a>&nbsp;&nbsp;&nbsp;IWDG_WriteAccessCmd
<LI><a href="#[b1]">&gt;&gt;</a>&nbsp;&nbsp;&nbsp;IWDG_SetReload
<LI><a href="#[b0]">&gt;&gt;</a>&nbsp;&nbsp;&nbsp;IWDG_SetPrescaler
<LI><a href="#[b2]">&gt;&gt;</a>&nbsp;&nbsp;&nbsp;IWDG_ReloadCounter
<LI><a href="#[b3]">&gt;&gt;</a>&nbsp;&nbsp;&nbsp;IWDG_Enable
</UL>
<BR>[Called By]<UL><LI><a href="#[35]">&gt;&gt;</a>&nbsp;&nbsp;&nbsp;main
</UL>

<P><STRONG><a name="[b2]"></a>IWDG_ReloadCounter</STRONG> (Thumb, 10 bytes, Stack size 0 bytes, stm32f10x_iwdg.o(i.IWDG_ReloadCounter))
<BR><BR>[Called By]<UL><LI><a href="#[35]">&gt;&gt;</a>&nbsp;&nbsp;&nbsp;main
<LI><a href="#[ae]">&gt;&gt;</a>&nbsp;&nbsp;&nbsp;IWDG_Init
</UL>

<P><STRONG><a name="[b0]"></a>IWDG_SetPrescaler</STRONG> (Thumb, 6 bytes, Stack size 0 bytes, stm32f10x_iwdg.o(i.IWDG_SetPrescaler))
<BR><BR>[Called By]<UL><LI><a href="#[ae]">&gt;&gt;</a>&nbsp;&nbsp;&nbsp;IWDG_Init
</UL>

<P><STRONG><a name="[b1]"></a>IWDG_SetReload</STRONG> (Thumb, 6 bytes, Stack size 0 bytes, stm32f10x_iwdg.o(i.IWDG_SetReload))
<BR><BR>[Called By]<UL><LI><a href="#[ae]">&gt;&gt;</a>&nbsp;&nbsp;&nbsp;IWDG_Init
</UL>

<P><STRONG><a name="[af]"></a>IWDG_WriteAccessCmd</STRONG> (Thumb, 6 bytes, Stack size 0 bytes, stm32f10x_iwdg.o(i.IWDG_WriteAccessCmd))
<BR><BR>[Called By]<UL><LI><a href="#[ae]">&gt;&gt;</a>&nbsp;&nbsp;&nbsp;IWDG_Init
</UL>

<P><STRONG><a name="[b7]"></a>Is_Allow_Other_Actions</STRONG> (Thumb, 48 bytes, Stack size 8 bytes, touch.o(i.Is_Allow_Other_Actions))
<BR><BR>[Stack]<UL><LI>Max Depth = 120<LI>Call Chain = Is_Allow_Other_Actions &rArr; GetTick &rArr; Delay_Init &rArr; __aeabi_ui2d &rArr; _double_epilogue &rArr; _double_round
</UL>
<BR>[Calls]<UL><LI><a href="#[90]">&gt;&gt;</a>&nbsp;&nbsp;&nbsp;GetTick
</UL>
<BR>[Called By]<UL><LI><a href="#[f4]">&gt;&gt;</a>&nbsp;&nbsp;&nbsp;SystemManager_UpdateSpecialCases
<LI><a href="#[41]">&gt;&gt;</a>&nbsp;&nbsp;&nbsp;Task_RandomFace_Update
</UL>

<P><STRONG><a name="[f8]"></a>Is_Touching</STRONG> (Thumb, 6 bytes, Stack size 0 bytes, touch.o(i.Is_Touching))
<BR><BR>[Called By]<UL><LI><a href="#[f4]">&gt;&gt;</a>&nbsp;&nbsp;&nbsp;SystemManager_UpdateSpecialCases
</UL>

<P><STRONG><a name="[b6]"></a>MPU6050_GetCurrentState</STRONG> (Thumb, 6 bytes, Stack size 0 bytes, mpu6050.o(i.MPU6050_GetCurrentState))
<BR><BR>[Called By]<UL><LI><a href="#[f4]">&gt;&gt;</a>&nbsp;&nbsp;&nbsp;SystemManager_UpdateSpecialCases
<LI><a href="#[b4]">&gt;&gt;</a>&nbsp;&nbsp;&nbsp;IsVoiceCommandAllowed
</UL>

<P><STRONG><a name="[9d]"></a>MPU6050_IgnoreActionsFor</STRONG> (Thumb, 16 bytes, Stack size 8 bytes, mpu6050.o(i.MPU6050_IgnoreActionsFor))
<BR><BR>[Stack]<UL><LI>Max Depth = 120<LI>Call Chain = MPU6050_IgnoreActionsFor &rArr; GetTick &rArr; Delay_Init &rArr; __aeabi_ui2d &rArr; _double_epilogue &rArr; _double_round
</UL>
<BR>[Calls]<UL><LI><a href="#[90]">&gt;&gt;</a>&nbsp;&nbsp;&nbsp;GetTick
</UL>
<BR>[Called By]<UL><LI><a href="#[88]">&gt;&gt;</a>&nbsp;&nbsp;&nbsp;Start_Shy_Action
<LI><a href="#[8f]">&gt;&gt;</a>&nbsp;&nbsp;&nbsp;ExpressionWithServo
</UL>

<P><STRONG><a name="[f7]"></a>MPU6050_IsAllowOtherActions</STRONG> (Thumb, 14 bytes, Stack size 0 bytes, mpu6050.o(i.MPU6050_IsAllowOtherActions))
<BR><BR>[Called By]<UL><LI><a href="#[f4]">&gt;&gt;</a>&nbsp;&nbsp;&nbsp;SystemManager_UpdateSpecialCases
<LI><a href="#[41]">&gt;&gt;</a>&nbsp;&nbsp;&nbsp;Task_RandomFace_Update
</UL>

<P><STRONG><a name="[b8]"></a>MPU6050_NotifyVomitComplete</STRONG> (Thumb, 26 bytes, Stack size 8 bytes, mpu6050.o(i.MPU6050_NotifyVomitComplete))
<BR><BR>[Stack]<UL><LI>Max Depth = 120<LI>Call Chain = MPU6050_NotifyVomitComplete &rArr; GetTick &rArr; Delay_Init &rArr; __aeabi_ui2d &rArr; _double_epilogue &rArr; _double_round
</UL>
<BR>[Calls]<UL><LI><a href="#[90]">&gt;&gt;</a>&nbsp;&nbsp;&nbsp;GetTick
</UL>
<BR>[Called By]<UL><LI><a href="#[f4]">&gt;&gt;</a>&nbsp;&nbsp;&nbsp;SystemManager_UpdateSpecialCases
</UL>

<P><STRONG><a name="[ea]"></a>MPU6050_RegisterActionCallback</STRONG> (Thumb, 6 bytes, Stack size 0 bytes, mpu6050.o(i.MPU6050_RegisterActionCallback))
<BR><BR>[Called By]<UL><LI><a href="#[e7]">&gt;&gt;</a>&nbsp;&nbsp;&nbsp;SystemManager_Init
</UL>

<P><STRONG><a name="[eb]"></a>MPU6050_RegisterLieCallback</STRONG> (Thumb, 6 bytes, Stack size 0 bytes, mpu6050.o(i.MPU6050_RegisterLieCallback))
<BR><BR>[Called By]<UL><LI><a href="#[e7]">&gt;&gt;</a>&nbsp;&nbsp;&nbsp;SystemManager_Init
</UL>

<P><STRONG><a name="[ec]"></a>MPU6050_RegisterStandCallback</STRONG> (Thumb, 6 bytes, Stack size 0 bytes, mpu6050.o(i.MPU6050_RegisterStandCallback))
<BR><BR>[Called By]<UL><LI><a href="#[e7]">&gt;&gt;</a>&nbsp;&nbsp;&nbsp;SystemManager_Init
</UL>

<P><STRONG><a name="[3]"></a>MemManage_Handler</STRONG> (Thumb, 4 bytes, Stack size 0 bytes, stm32f10x_it.o(i.MemManage_Handler))
<BR>[Address Reference Count : 1]<UL><LI> startup_stm32f10x_md.o(RESET)
</UL>
<P><STRONG><a name="[6d]"></a>My_SI2C_Init</STRONG> (Thumb, 218 bytes, Stack size 16 bytes, si2c.o(i.My_SI2C_Init))
<BR><BR>[Stack]<UL><LI>Max Depth = 40<LI>Call Chain = My_SI2C_Init &rArr; GPIO_Init
</UL>
<BR>[Calls]<UL><LI><a href="#[b9]">&gt;&gt;</a>&nbsp;&nbsp;&nbsp;GPIO_WriteBit
<LI><a href="#[76]">&gt;&gt;</a>&nbsp;&nbsp;&nbsp;GPIO_Init
<LI><a href="#[75]">&gt;&gt;</a>&nbsp;&nbsp;&nbsp;RCC_APB2PeriphClockCmd
</UL>
<BR>[Called By]<UL><LI><a href="#[6c]">&gt;&gt;</a>&nbsp;&nbsp;&nbsp;App_MPU6050_Init
</UL>

<P><STRONG><a name="[ba]"></a>My_SI2C_RegReadBytes</STRONG> (Thumb, 230 bytes, Stack size 32 bytes, si2c.o(i.My_SI2C_RegReadBytes))
<BR><BR>[Stack]<UL><LI>Max Depth = 56<LI>Call Chain = My_SI2C_RegReadBytes &rArr; ReceiveByte
</UL>
<BR>[Calls]<UL><LI><a href="#[b9]">&gt;&gt;</a>&nbsp;&nbsp;&nbsp;GPIO_WriteBit
<LI><a href="#[bb]">&gt;&gt;</a>&nbsp;&nbsp;&nbsp;delay
<LI><a href="#[bd]">&gt;&gt;</a>&nbsp;&nbsp;&nbsp;SendStop
<LI><a href="#[bc]">&gt;&gt;</a>&nbsp;&nbsp;&nbsp;SendByte
<LI><a href="#[be]">&gt;&gt;</a>&nbsp;&nbsp;&nbsp;ReceiveByte
</UL>
<BR>[Called By]<UL><LI><a href="#[70]">&gt;&gt;</a>&nbsp;&nbsp;&nbsp;reg_read
</UL>

<P><STRONG><a name="[bf]"></a>My_SI2C_RegWriteBytes</STRONG> (Thumb, 146 bytes, Stack size 32 bytes, si2c.o(i.My_SI2C_RegWriteBytes))
<BR><BR>[Stack]<UL><LI>Max Depth = 48<LI>Call Chain = My_SI2C_RegWriteBytes &rArr; SendByte
</UL>
<BR>[Calls]<UL><LI><a href="#[b9]">&gt;&gt;</a>&nbsp;&nbsp;&nbsp;GPIO_WriteBit
<LI><a href="#[bb]">&gt;&gt;</a>&nbsp;&nbsp;&nbsp;delay
<LI><a href="#[bd]">&gt;&gt;</a>&nbsp;&nbsp;&nbsp;SendStop
<LI><a href="#[bc]">&gt;&gt;</a>&nbsp;&nbsp;&nbsp;SendByte
</UL>
<BR>[Called By]<UL><LI><a href="#[6e]">&gt;&gt;</a>&nbsp;&nbsp;&nbsp;reg_write
</UL>

<P><STRONG><a name="[1]"></a>NMI_Handler</STRONG> (Thumb, 2 bytes, Stack size 0 bytes, stm32f10x_it.o(i.NMI_Handler))
<BR>[Address Reference Count : 1]<UL><LI> startup_stm32f10x_md.o(RESET)
</UL>
<P><STRONG><a name="[fd]"></a>NVIC_Init</STRONG> (Thumb, 100 bytes, Stack size 16 bytes, misc.o(i.NVIC_Init))
<BR><BR>[Stack]<UL><LI>Max Depth = 16<LI>Call Chain = NVIC_Init
</UL>
<BR>[Called By]<UL><LI><a href="#[ed]">&gt;&gt;</a>&nbsp;&nbsp;&nbsp;USART1_Config
</UL>

<P><STRONG><a name="[c0]"></a>OLED_Clear</STRONG> (Thumb, 42 bytes, Stack size 16 bytes, oled.o(i.OLED_Clear))
<BR><BR>[Stack]<UL><LI>Max Depth = 64<LI>Call Chain = OLED_Clear &rArr; OLED_Refresh &rArr; OLED_WR_Byte &rArr; OLED_Send_Byte
</UL>
<BR>[Calls]<UL><LI><a href="#[c1]">&gt;&gt;</a>&nbsp;&nbsp;&nbsp;OLED_Refresh
</UL>
<BR>[Called By]<UL><LI><a href="#[c8]">&gt;&gt;</a>&nbsp;&nbsp;&nbsp;OLED_Init
<LI><a href="#[e7]">&gt;&gt;</a>&nbsp;&nbsp;&nbsp;SystemManager_Init
</UL>

<P><STRONG><a name="[cb]"></a>OLED_DrawPoint</STRONG> (Thumb, 114 bytes, Stack size 20 bytes, oled.o(i.OLED_DrawPoint))
<BR><BR>[Stack]<UL><LI>Max Depth = 20<LI>Call Chain = OLED_DrawPoint
</UL>
<BR>[Called By]<UL><LI><a href="#[8e]">&gt;&gt;</a>&nbsp;&nbsp;&nbsp;OLED_ShowPicture
</UL>

<P><STRONG><a name="[c2]"></a>OLED_I2C_Start</STRONG> (Thumb, 56 bytes, Stack size 8 bytes, oled.o(i.OLED_I2C_Start))
<BR><BR>[Stack]<UL><LI>Max Depth = 8<LI>Call Chain = OLED_I2C_Start
</UL>
<BR>[Calls]<UL><LI><a href="#[c3]">&gt;&gt;</a>&nbsp;&nbsp;&nbsp;GPIO_SetBits
<LI><a href="#[c5]">&gt;&gt;</a>&nbsp;&nbsp;&nbsp;GPIO_ResetBits
<LI><a href="#[c4]">&gt;&gt;</a>&nbsp;&nbsp;&nbsp;IIC_delay
</UL>
<BR>[Called By]<UL><LI><a href="#[c9]">&gt;&gt;</a>&nbsp;&nbsp;&nbsp;OLED_WR_Byte
<LI><a href="#[c1]">&gt;&gt;</a>&nbsp;&nbsp;&nbsp;OLED_Refresh
</UL>

<P><STRONG><a name="[c6]"></a>OLED_I2C_Stop</STRONG> (Thumb, 38 bytes, Stack size 8 bytes, oled.o(i.OLED_I2C_Stop))
<BR><BR>[Stack]<UL><LI>Max Depth = 8<LI>Call Chain = OLED_I2C_Stop
</UL>
<BR>[Calls]<UL><LI><a href="#[c3]">&gt;&gt;</a>&nbsp;&nbsp;&nbsp;GPIO_SetBits
<LI><a href="#[c5]">&gt;&gt;</a>&nbsp;&nbsp;&nbsp;GPIO_ResetBits
<LI><a href="#[c4]">&gt;&gt;</a>&nbsp;&nbsp;&nbsp;IIC_delay
</UL>
<BR>[Called By]<UL><LI><a href="#[c9]">&gt;&gt;</a>&nbsp;&nbsp;&nbsp;OLED_WR_Byte
<LI><a href="#[c1]">&gt;&gt;</a>&nbsp;&nbsp;&nbsp;OLED_Refresh
</UL>

<P><STRONG><a name="[c7]"></a>OLED_I2C_WaitAck</STRONG> (Thumb, 46 bytes, Stack size 8 bytes, oled.o(i.OLED_I2C_WaitAck))
<BR><BR>[Stack]<UL><LI>Max Depth = 8<LI>Call Chain = OLED_I2C_WaitAck
</UL>
<BR>[Calls]<UL><LI><a href="#[c3]">&gt;&gt;</a>&nbsp;&nbsp;&nbsp;GPIO_SetBits
<LI><a href="#[c5]">&gt;&gt;</a>&nbsp;&nbsp;&nbsp;GPIO_ResetBits
<LI><a href="#[c4]">&gt;&gt;</a>&nbsp;&nbsp;&nbsp;IIC_delay
</UL>
<BR>[Called By]<UL><LI><a href="#[c9]">&gt;&gt;</a>&nbsp;&nbsp;&nbsp;OLED_WR_Byte
<LI><a href="#[c1]">&gt;&gt;</a>&nbsp;&nbsp;&nbsp;OLED_Refresh
</UL>

<P><STRONG><a name="[c8]"></a>OLED_Init</STRONG> (Thumb, 294 bytes, Stack size 8 bytes, oled.o(i.OLED_Init))
<BR><BR>[Stack]<UL><LI>Max Depth = 128<LI>Call Chain = OLED_Init &rArr; Delay_ms &rArr; Delay_Init &rArr; __aeabi_ui2d &rArr; _double_epilogue &rArr; _double_round
</UL>
<BR>[Calls]<UL><LI><a href="#[c3]">&gt;&gt;</a>&nbsp;&nbsp;&nbsp;GPIO_SetBits
<LI><a href="#[76]">&gt;&gt;</a>&nbsp;&nbsp;&nbsp;GPIO_Init
<LI><a href="#[75]">&gt;&gt;</a>&nbsp;&nbsp;&nbsp;RCC_APB2PeriphClockCmd
<LI><a href="#[68]">&gt;&gt;</a>&nbsp;&nbsp;&nbsp;Delay_ms
<LI><a href="#[c9]">&gt;&gt;</a>&nbsp;&nbsp;&nbsp;OLED_WR_Byte
<LI><a href="#[c0]">&gt;&gt;</a>&nbsp;&nbsp;&nbsp;OLED_Clear
</UL>
<BR>[Called By]<UL><LI><a href="#[e7]">&gt;&gt;</a>&nbsp;&nbsp;&nbsp;SystemManager_Init
</UL>

<P><STRONG><a name="[c1]"></a>OLED_Refresh</STRONG> (Thumb, 100 bytes, Stack size 16 bytes, oled.o(i.OLED_Refresh))
<BR><BR>[Stack]<UL><LI>Max Depth = 48<LI>Call Chain = OLED_Refresh &rArr; OLED_WR_Byte &rArr; OLED_Send_Byte
</UL>
<BR>[Calls]<UL><LI><a href="#[c9]">&gt;&gt;</a>&nbsp;&nbsp;&nbsp;OLED_WR_Byte
<LI><a href="#[ca]">&gt;&gt;</a>&nbsp;&nbsp;&nbsp;OLED_Send_Byte
<LI><a href="#[c7]">&gt;&gt;</a>&nbsp;&nbsp;&nbsp;OLED_I2C_WaitAck
<LI><a href="#[c6]">&gt;&gt;</a>&nbsp;&nbsp;&nbsp;OLED_I2C_Stop
<LI><a href="#[c2]">&gt;&gt;</a>&nbsp;&nbsp;&nbsp;OLED_I2C_Start
</UL>
<BR>[Called By]<UL><LI><a href="#[8e]">&gt;&gt;</a>&nbsp;&nbsp;&nbsp;OLED_ShowPicture
<LI><a href="#[c0]">&gt;&gt;</a>&nbsp;&nbsp;&nbsp;OLED_Clear
</UL>

<P><STRONG><a name="[ca]"></a>OLED_Send_Byte</STRONG> (Thumb, 78 bytes, Stack size 16 bytes, oled.o(i.OLED_Send_Byte))
<BR><BR>[Stack]<UL><LI>Max Depth = 16<LI>Call Chain = OLED_Send_Byte
</UL>
<BR>[Calls]<UL><LI><a href="#[c3]">&gt;&gt;</a>&nbsp;&nbsp;&nbsp;GPIO_SetBits
<LI><a href="#[c5]">&gt;&gt;</a>&nbsp;&nbsp;&nbsp;GPIO_ResetBits
<LI><a href="#[c4]">&gt;&gt;</a>&nbsp;&nbsp;&nbsp;IIC_delay
</UL>
<BR>[Called By]<UL><LI><a href="#[c9]">&gt;&gt;</a>&nbsp;&nbsp;&nbsp;OLED_WR_Byte
<LI><a href="#[c1]">&gt;&gt;</a>&nbsp;&nbsp;&nbsp;OLED_Refresh
</UL>

<P><STRONG><a name="[8e]"></a>OLED_ShowPicture</STRONG> (Thumb, 218 bytes, Stack size 56 bytes, oled.o(i.OLED_ShowPicture))
<BR><BR>[Stack]<UL><LI>Max Depth = 104<LI>Call Chain = OLED_ShowPicture &rArr; OLED_Refresh &rArr; OLED_WR_Byte &rArr; OLED_Send_Byte
</UL>
<BR>[Calls]<UL><LI><a href="#[c1]">&gt;&gt;</a>&nbsp;&nbsp;&nbsp;OLED_Refresh
<LI><a href="#[cb]">&gt;&gt;</a>&nbsp;&nbsp;&nbsp;OLED_DrawPoint
</UL>
<BR>[Called By]<UL><LI><a href="#[8c]">&gt;&gt;</a>&nbsp;&nbsp;&nbsp;DisplayFrame
</UL>

<P><STRONG><a name="[c9]"></a>OLED_WR_Byte</STRONG> (Thumb, 56 bytes, Stack size 16 bytes, oled.o(i.OLED_WR_Byte))
<BR><BR>[Stack]<UL><LI>Max Depth = 32<LI>Call Chain = OLED_WR_Byte &rArr; OLED_Send_Byte
</UL>
<BR>[Calls]<UL><LI><a href="#[ca]">&gt;&gt;</a>&nbsp;&nbsp;&nbsp;OLED_Send_Byte
<LI><a href="#[c7]">&gt;&gt;</a>&nbsp;&nbsp;&nbsp;OLED_I2C_WaitAck
<LI><a href="#[c6]">&gt;&gt;</a>&nbsp;&nbsp;&nbsp;OLED_I2C_Stop
<LI><a href="#[c2]">&gt;&gt;</a>&nbsp;&nbsp;&nbsp;OLED_I2C_Start
</UL>
<BR>[Called By]<UL><LI><a href="#[c1]">&gt;&gt;</a>&nbsp;&nbsp;&nbsp;OLED_Refresh
<LI><a href="#[c8]">&gt;&gt;</a>&nbsp;&nbsp;&nbsp;OLED_Init
</UL>

<P><STRONG><a name="[8]"></a>PendSV_Handler</STRONG> (Thumb, 2 bytes, Stack size 0 bytes, stm32f10x_it.o(i.PendSV_Handler))
<BR>[Address Reference Count : 1]<UL><LI> startup_stm32f10x_md.o(RESET)
</UL>
<P><STRONG><a name="[78]"></a>RCC_APB1PeriphClockCmd</STRONG> (Thumb, 26 bytes, Stack size 0 bytes, stm32f10x_rcc.o(i.RCC_APB1PeriphClockCmd))
<BR><BR>[Called By]<UL><LI><a href="#[74]">&gt;&gt;</a>&nbsp;&nbsp;&nbsp;App_PWM_Init
</UL>

<P><STRONG><a name="[75]"></a>RCC_APB2PeriphClockCmd</STRONG> (Thumb, 26 bytes, Stack size 0 bytes, stm32f10x_rcc.o(i.RCC_APB2PeriphClockCmd))
<BR><BR>[Called By]<UL><LI><a href="#[e9]">&gt;&gt;</a>&nbsp;&nbsp;&nbsp;Touch_Init
<LI><a href="#[ed]">&gt;&gt;</a>&nbsp;&nbsp;&nbsp;USART1_Config
<LI><a href="#[e8]">&gt;&gt;</a>&nbsp;&nbsp;&nbsp;W25Q64_Init
<LI><a href="#[d4]">&gt;&gt;</a>&nbsp;&nbsp;&nbsp;SPI1_Init
<LI><a href="#[74]">&gt;&gt;</a>&nbsp;&nbsp;&nbsp;App_PWM_Init
<LI><a href="#[c8]">&gt;&gt;</a>&nbsp;&nbsp;&nbsp;OLED_Init
<LI><a href="#[6d]">&gt;&gt;</a>&nbsp;&nbsp;&nbsp;My_SI2C_Init
</UL>

<P><STRONG><a name="[8b]"></a>RCC_GetClocksFreq</STRONG> (Thumb, 192 bytes, Stack size 12 bytes, stm32f10x_rcc.o(i.RCC_GetClocksFreq))
<BR><BR>[Stack]<UL><LI>Max Depth = 12<LI>Call Chain = RCC_GetClocksFreq
</UL>
<BR>[Called By]<UL><LI><a href="#[89]">&gt;&gt;</a>&nbsp;&nbsp;&nbsp;Delay_Init
[...]
<BR><BR>[Stack]<UL><LI>Max Depth = 224<LI>Call Chain = Default_Touch_Start_Handler &rArr; Start_Shy_Action &rArr; Servo_ExecuteSequence &rArr; Servo_StopSequence &rArr; Servo_Set_NonBlocking &rArr; GetTick &rArr; Delay_Init &rArr; __aeabi_ui2d &rArr; _double_epilogue &rArr; _double_round
</UL>
<BR>[Calls]<UL><LI><a href="#[88]">&gt;&gt;</a>&nbsp;&nbsp;&nbsp;Start_Shy_Action
<LI><a href="#[87]">&gt;&gt;</a>&nbsp;&nbsp;&nbsp;Face_RequestExpression
</UL>
<BR>[Address Reference Count : 2]<UL><LI> touch.o(i.Touch_Init)
<LI> touch.o(i.Touch_Process)
</UL>
<P><STRONG><a name="[88]"></a>Start_Shy_Action</STRONG> (Thumb, 48 bytes, Stack size 64 bytes, touch.o(i.Start_Shy_Action))
<BR><BR>[Stack]<UL><LI>Max Depth = 216<LI>Call Chain = Start_Shy_Action &rArr; Servo_ExecuteSequence &rArr; Servo_StopSequence &rArr; Servo_Set_NonBlocking &rArr; GetTick &rArr; Delay_Init &rArr; __aeabi_ui2d &rArr; _double_epilogue &rArr; _double_round
</UL>
<BR>[Calls]<UL><LI><a href="#[9d]">&gt;&gt;</a>&nbsp;&nbsp;&nbsp;MPU6050_IgnoreActionsFor
<LI><a href="#[65]">&gt;&gt;</a>&nbsp;&nbsp;&nbsp;Servo_ExecuteSequence
<LI><a href="#[90]">&gt;&gt;</a>&nbsp;&nbsp;&nbsp;GetTick
<LI><a href="#[64]">&gt;&gt;</a>&nbsp;&nbsp;&nbsp;__aeabi_memcpy4
</UL>
<BR>[Called By]<UL><LI><a href="#[fa]">&gt;&gt;</a>&nbsp;&nbsp;&nbsp;Touch_Process
<LI><a href="#[43]">&gt;&gt;</a>&nbsp;&nbsp;&nbsp;Default_Touch_Start_Handler
</UL>

<P><STRONG><a name="[72]"></a>angles_update</STRONG> (Thumb, 410 bytes, Stack size 40 bytes, mpu6050.o(i.angles_update))
<BR><BR>[Stack]<UL><LI>Max Depth = 92<LI>Call Chain = angles_update &rArr; atan2f &rArr; __aeabi_fadd &rArr; _float_epilogue
</UL>
<BR>[Calls]<UL><LI><a href="#[71]">&gt;&gt;</a>&nbsp;&nbsp;&nbsp;__aeabi_fmul
<LI><a href="#[4b]">&gt;&gt;</a>&nbsp;&nbsp;&nbsp;__aeabi_fadd
<LI><a href="#[4e]">&gt;&gt;</a>&nbsp;&nbsp;&nbsp;__aeabi_fsub
<LI><a href="#[116]">&gt;&gt;</a>&nbsp;&nbsp;&nbsp;__aeabi_cfrcmple
<LI><a href="#[117]">&gt;&gt;</a>&nbsp;&nbsp;&nbsp;__aeabi_cfcmple
<LI><a href="#[115]">&gt;&gt;</a>&nbsp;&nbsp;&nbsp;sqrtf
<LI><a href="#[114]">&gt;&gt;</a>&nbsp;&nbsp;&nbsp;atan2f
</UL>
<BR>[Called By]<UL><LI><a href="#[6f]">&gt;&gt;</a>&nbsp;&nbsp;&nbsp;App_MPU6050_Update
</UL>

<P><STRONG><a name="[11b]"></a>is_shaking</STRONG> (Thumb, 110 bytes, Stack size 24 bytes, mpu6050.o(i.is_shaking))
<BR><BR>[Stack]<UL><LI>Max Depth = 32<LI>Call Chain = is_shaking &rArr; __aeabi_fmul
</UL>
<BR>[Calls]<UL><LI><a href="#[71]">&gt;&gt;</a>&nbsp;&nbsp;&nbsp;__aeabi_fmul
<LI><a href="#[116]">&gt;&gt;</a>&nbsp;&nbsp;&nbsp;__aeabi_cfrcmple
<LI><a href="#[117]">&gt;&gt;</a>&nbsp;&nbsp;&nbsp;__aeabi_cfcmple
</UL>
<BR>[Called By]<UL><LI><a href="#[73]">&gt;&gt;</a>&nbsp;&nbsp;&nbsp;motion_detection_update
</UL>

<P><STRONG><a name="[73]"></a>motion_detection_update</STRONG> (Thumb, 484 bytes, Stack size 24 bytes, mpu6050.o(i.motion_detection_update))
<BR><BR>[Stack]<UL><LI>Max Depth = 136<LI>Call Chain = motion_detection_update &rArr; GetTick &rArr; Delay_Init &rArr; __aeabi_ui2d &rArr; _double_epilogue &rArr; _double_round
</UL>
<BR>[Calls]<UL><LI><a href="#[90]">&gt;&gt;</a>&nbsp;&nbsp;&nbsp;GetTick
<LI><a href="#[116]">&gt;&gt;</a>&nbsp;&nbsp;&nbsp;__aeabi_cfrcmple
<LI><a href="#[11c]">&gt;&gt;</a>&nbsp;&nbsp;&nbsp;trigger_action
<LI><a href="#[11b]">&gt;&gt;</a>&nbsp;&nbsp;&nbsp;is_shaking
</UL>
<BR>[Called By]<UL><LI><a href="#[6f]">&gt;&gt;</a>&nbsp;&nbsp;&nbsp;App_MPU6050_Update
</UL>

<P><STRONG><a name="[70]"></a>reg_read</STRONG> (Thumb, 26 bytes, Stack size 16 bytes, mpu6050.o(i.reg_read))
<BR><BR>[Stack]<UL><LI>Max Depth = 72<LI>Call Chain = reg_read &rArr; My_SI2C_RegReadBytes &rArr; ReceiveByte
</UL>
<BR>[Calls]<UL><LI><a href="#[ba]">&gt;&gt;</a>&nbsp;&nbsp;&nbsp;My_SI2C_RegReadBytes
</UL>
<BR>[Called By]<UL><LI><a href="#[6f]">&gt;&gt;</a>&nbsp;&nbsp;&nbsp;App_MPU6050_Update
</UL>

<P><STRONG><a name="[6e]"></a>reg_write</STRONG> (Thumb, 24 bytes, Stack size 24 bytes, mpu6050.o(i.reg_write))
<BR><BR>[Stack]<UL><LI>Max Depth = 72<LI>Call Chain = reg_write &rArr; My_SI2C_RegWriteBytes &rArr; SendByte
</UL>
<BR>[Calls]<UL><LI><a href="#[bf]">&gt;&gt;</a>&nbsp;&nbsp;&nbsp;My_SI2C_RegWriteBytes
</UL>
<BR>[Called By]<UL><LI><a href="#[6c]">&gt;&gt;</a>&nbsp;&nbsp;&nbsp;App_MPU6050_Init
</UL>

<P><STRONG><a name="[11c]"></a>trigger_action</STRONG> (Thumb, 20 bytes, Stack size 8 bytes, mpu6050.o(i.trigger_action))
<BR><BR>[Stack]<UL><LI>Max Depth = 8<LI>Call Chain = trigger_action
</UL>
<BR>[Called By]<UL><LI><a href="#[73]">&gt;&gt;</a>&nbsp;&nbsp;&nbsp;motion_detection_update
</UL>

<P><STRONG><a name="[be]"></a>ReceiveByte</STRONG> (Thumb, 136 bytes, Stack size 24 bytes, si2c.o(i.ReceiveByte))
<BR><BR>[Stack]<UL><LI>Max Depth = 24<LI>Call Chain = ReceiveByte
</UL>
<BR>[Calls]<UL><LI><a href="#[b9]">&gt;&gt;</a>&nbsp;&nbsp;&nbsp;GPIO_WriteBit
<LI><a href="#[ac]">&gt;&gt;</a>&nbsp;&nbsp;&nbsp;GPIO_ReadInputDataBit
<LI><a href="#[bb]">&gt;&gt;</a>&nbsp;&nbsp;&nbsp;delay
</UL>
<BR>[Called By]<UL><LI><a href="#[ba]">&gt;&gt;</a>&nbsp;&nbsp;&nbsp;My_SI2C_RegReadBytes
</UL>

<P><STRONG><a name="[bc]"></a>SendByte</STRONG> (Thumb, 134 bytes, Stack size 16 bytes, si2c.o(i.SendByte))
<BR><BR>[Stack]<UL><LI>Max Depth = 16<LI>Call Chain = SendByte
</UL>
<BR>[Calls]<UL><LI><a href="#[b9]">&gt;&gt;</a>&nbsp;&nbsp;&nbsp;GPIO_WriteBit
<LI><a href="#[ac]">&gt;&gt;</a>&nbsp;&nbsp;&nbsp;GPIO_ReadInputDataBit
<LI><a href="#[bb]">&gt;&gt;</a>&nbsp;&nbsp;&nbsp;delay
</UL>
<BR>[Called By]<UL><LI><a href="#[bf]">&gt;&gt;</a>&nbsp;&nbsp;&nbsp;My_SI2C_RegWriteBytes
<LI><a href="#[ba]">&gt;&gt;</a>&nbsp;&nbsp;&nbsp;My_SI2C_RegReadBytes
</UL>

<P><STRONG><a name="[bd]"></a>SendStop</STRONG> (Thumb, 70 bytes, Stack size 8 bytes, si2c.o(i.SendStop))
<BR><BR>[Stack]<UL><LI>Max Depth = 8<LI>Call Chain = SendStop
</UL>
<BR>[Calls]<UL><LI><a href="#[b9]">&gt;&gt;</a>&nbsp;&nbsp;&nbsp;GPIO_WriteBit
<LI><a href="#[bb]">&gt;&gt;</a>&nbsp;&nbsp;&nbsp;delay
</UL>
<BR>[Called By]<UL><LI><a href="#[bf]">&gt;&gt;</a>&nbsp;&nbsp;&nbsp;My_SI2C_RegWriteBytes
<LI><a href="#[ba]">&gt;&gt;</a>&nbsp;&nbsp;&nbsp;My_SI2C_RegReadBytes
</UL>

<P><STRONG><a name="[8f]"></a>ExpressionWithServo</STRONG> (Thumb, 226 bytes, Stack size 16 bytes, system_manager.o(i.ExpressionWithServo))
<BR><BR>[Stack]<UL><LI>Max Depth = 656<LI>Call Chain = ExpressionWithServo &rArr; Complex_Dance_NonBlocking &rArr; Servo_ExecuteSequence &rArr; Servo_StopSequence &rArr; Servo_Set_NonBlocking &rArr; GetTick &rArr; Delay_Init &rArr; __aeabi_ui2d &rArr; _double_epilogue &rArr; _double_round
</UL>
<BR>[Calls]<UL><LI><a href="#[9d]">&gt;&gt;</a>&nbsp;&nbsp;&nbsp;MPU6050_IgnoreActionsFor
<LI><a href="#[92]">&gt;&gt;</a>&nbsp;&nbsp;&nbsp;Servo_StopSequence
<LI><a href="#[91]">&gt;&gt;</a>&nbsp;&nbsp;&nbsp;Servo_IsSequenceCompleted
<LI><a href="#[96]">&gt;&gt;</a>&nbsp;&nbsp;&nbsp;Head_Up_NonBlocking
<LI><a href="#[93]">&gt;&gt;</a>&nbsp;&nbsp;&nbsp;Head_Shake_NonBlocking
<LI><a href="#[95]">&gt;&gt;</a>&nbsp;&nbsp;&nbsp;Head_Right_NonBlocking
<LI><a href="#[99]">&gt;&gt;</a>&nbsp;&nbsp;&nbsp;Head_RU_NonBlocking
<LI><a href="#[9b]">&gt;&gt;</a>&nbsp;&nbsp;&nbsp;Head_RD_NonBlocking
<LI><a href="#[94]">&gt;&gt;</a>&nbsp;&nbsp;&nbsp;Head_Left_NonBlocking
<LI><a href="#[98]">&gt;&gt;</a>&nbsp;&nbsp;&nbsp;Head_LU_NonBlocking
<LI><a href="#[9a]">&gt;&gt;</a>&nbsp;&nbsp;&nbsp;Head_LD_NonBlocking
<LI><a href="#[97]">&gt;&gt;</a>&nbsp;&nbsp;&nbsp;Head_Down_NonBlocking
<LI><a href="#[9c]">&gt;&gt;</a>&nbsp;&nbsp;&nbsp;Head_Around_NonBlocking
<LI><a href="#[86]">&gt;&gt;</a>&nbsp;&nbsp;&nbsp;Complex_Eat_NonBlocking
<LI><a href="#[85]">&gt;&gt;</a>&nbsp;&nbsp;&nbsp;Complex_Dance_NonBlocking
<LI><a href="#[6b]">&gt;&gt;</a>&nbsp;&nbsp;&nbsp;Action_Struggle_NonBlocking
<LI><a href="#[6a]">&gt;&gt;</a>&nbsp;&nbsp;&nbsp;Action_Smile_NonBlocking
<LI><a href="#[69]">&gt;&gt;</a>&nbsp;&nbsp;&nbsp;Action_Sad_NonBlocking
<LI><a href="#[63]">&gt;&gt;</a>&nbsp;&nbsp;&nbsp;Action_Comfortable_NonBlocking
<LI><a href="#[90]">&gt;&gt;</a>&nbsp;&nbsp;&nbsp;GetTick
</UL>
<BR>[Called By]<UL><LI><a href="#[f4]">&gt;&gt;</a>&nbsp;&nbsp;&nbsp;SystemManager_UpdateSpecialCases
</UL>

<P><STRONG><a name="[b4]"></a>IsVoiceCommandAllowed</STRONG> (Thumb, 42 bytes, Stack size 16 bytes, system_manager.o(i.IsVoiceCommandAllowed))
<BR><BR>[Stack]<UL><LI>Max Depth = 16<LI>Call Chain = IsVoiceCommandAllowed
</UL>
<BR>[Calls]<UL><LI><a href="#[b5]">&gt;&gt;</a>&nbsp;&nbsp;&nbsp;Face_GetCurrentExpression
<LI><a href="#[b6]">&gt;&gt;</a>&nbsp;&nbsp;&nbsp;MPU6050_GetCurrentState
</UL>
<BR>[Called By]<UL><LI><a href="#[3b]">&gt;&gt;</a>&nbsp;&nbsp;&nbsp;VoiceCommandHandler
</UL>

<P><STRONG><a name="[38]"></a>MPU6050_ActionHandler</STRONG> (Thumb, 68 bytes, Stack size 8 bytes, system_manager.o(i.MPU6050_ActionHandler))
<BR><BR>[Stack]<UL><LI>Max Depth = 328<LI>Call Chain = MPU6050_ActionHandler &rArr; Action_Struggle_NonBlocking &rArr; Servo_ExecuteSequence &rArr; Servo_StopSequence &rArr; Servo_Set_NonBlocking &rArr; GetTick &rArr; Delay_Init &rArr; __aeabi_ui2d &rArr; _double_epilogue &rArr; _double_round
</UL>
<BR>[Calls]<UL><LI><a href="#[92]">&gt;&gt;</a>&nbsp;&nbsp;&nbsp;Servo_StopSequence
<LI><a href="#[91]">&gt;&gt;</a>&nbsp;&nbsp;&nbsp;Servo_IsSequenceCompleted
<LI><a href="#[93]">&gt;&gt;</a>&nbsp;&nbsp;&nbsp;Head_Shake_NonBlocking
<LI><a href="#[97]">&gt;&gt;</a>&nbsp;&nbsp;&nbsp;Head_Down_NonBlocking
<LI><a href="#[6b]">&gt;&gt;</a>&nbsp;&nbsp;&nbsp;Action_Struggle_NonBlocking
<LI><a href="#[87]">&gt;&gt;</a>&nbsp;&nbsp;&nbsp;Face_RequestExpression
</UL>
<BR>[Address Reference Count : 1]<UL><LI> system_manager.o(i.SystemManager_Init)
</UL>
<P><STRONG><a name="[39]"></a>SystemManager_OnLieDown</STRONG> (Thumb, 58 bytes, Stack size 8 bytes, system_manager.o(i.SystemManager_OnLieDown))
<BR><BR>[Stack]<UL><LI>Max Depth = 328<LI>Call Chain = SystemManager_OnLieDown &rArr; Action_Struggle_NonBlocking &rArr; Servo_ExecuteSequence &rArr; Servo_StopSequence &rArr; Servo_Set_NonBlocking &rArr; GetTick &rArr; Delay_Init &rArr; __aeabi_ui2d &rArr; _double_epilogue &rArr; _double_round
</UL>
<BR>[Calls]<UL><LI><a href="#[92]">&gt;&gt;</a>&nbsp;&nbsp;&nbsp;Servo_StopSequence
<LI><a href="#[91]">&gt;&gt;</a>&nbsp;&nbsp;&nbsp;Servo_IsSequenceCompleted
<LI><a href="#[6b]">&gt;&gt;</a>&nbsp;&nbsp;&nbsp;Action_Struggle_NonBlocking
<LI><a href="#[90]">&gt;&gt;</a>&nbsp;&nbsp;&nbsp;GetTick
<LI><a href="#[87]">&gt;&gt;</a>&nbsp;&nbsp;&nbsp;Face_RequestExpression
<LI><a href="#[68]">&gt;&gt;</a>&nbsp;&nbsp;&nbsp;Delay_ms
</UL>
<BR>[Address Reference Count : 1]<UL><LI> system_manager.o(i.SystemManager_Init)
</UL>
<P><STRONG><a name="[3a]"></a>SystemManager_OnStandUp</STRONG> (Thumb, 48 bytes, Stack size 8 bytes, system_manager.o(i.SystemManager_OnStandUp))
<BR><BR>[Stack]<UL><LI>Max Depth = 168<LI>Call Chain = SystemManager_OnStandUp &rArr; Face_RequestExpression &rArr; Face_PlayFlashSequenceRange &rArr; GetTick &rArr; Delay_Init &rArr; __aeabi_ui2d &rArr; _double_epilogue &rArr; _double_round
</UL>
<BR>[Calls]<UL><LI><a href="#[92]">&gt;&gt;</a>&nbsp;&nbsp;&nbsp;Servo_StopSequence
<LI><a href="#[66]">&gt;&gt;</a>&nbsp;&nbsp;&nbsp;Action_Init
<LI><a href="#[87]">&gt;&gt;</a>&nbsp;&nbsp;&nbsp;Face_RequestExpression
<LI><a href="#[f1]">&gt;&gt;</a>&nbsp;&nbsp;&nbsp;Face_IsStaticMode
<LI><a href="#[a2]">&gt;&gt;</a>&nbsp;&nbsp;&nbsp;Face_ExitStaticMode
</UL>
<BR>[Address Reference Count : 1]<UL><LI> system_manager.o(i.SystemManager_Init)
</UL>
<P><STRONG><a name="[f0]"></a>System_RegisterTasks</STRONG> (Thumb, 90 bytes, Stack size 8 bytes, system_manager.o(i.System_RegisterTasks))
<BR><BR>[Stack]<UL><LI>Max Depth = 144<LI>Call Chain = System_RegisterTasks &rArr; TaskScheduler_Register &rArr; GetTick &rArr; Delay_Init &rArr; __aeabi_ui2d &rArr; _double_epilogue &rArr; _double_round
</UL>
<BR>[Calls]<UL><LI><a href="#[f9]">&gt;&gt;</a>&nbsp;&nbsp;&nbsp;TaskScheduler_Register
</UL>
<BR>[Called By]<UL><LI><a href="#[e7]">&gt;&gt;</a>&nbsp;&nbsp;&nbsp;SystemManager_Init
</UL>

<P><STRONG><a name="[3f]"></a>Task_Face_Update</STRONG> (Thumb, 8 bytes, Stack size 8 bytes, system_manager.o(i.Task_Face_Update))
<BR><BR>[Stack]<UL><LI>Max Depth = 160<LI>Call Chain = Task_Face_Update &rArr; Face_Update &rArr; UpdateSpecialFace &rArr; UpdateBlinkSpecial &rArr; GetRandomDelay &rArr; GetTick &rArr; Delay_Init &rArr; __aeabi_ui2d &rArr; _double_epilogue &rArr; _double_round
</UL>
<BR>[Calls]<UL><LI><a href="#[a3]">&gt;&gt;</a>&nbsp;&nbsp;&nbsp;Face_Update
</UL>
<BR>[Address Reference Count : 1]<UL><LI> system_manager.o(i.System_RegisterTasks)
</UL>
<P><STRONG><a name="[3c]"></a>Task_MPU6050_Update</STRONG> (Thumb, 8 bytes, Stack size 8 bytes, system_manager.o(i.Task_MPU6050_Update))
<BR><BR>[Stack]<UL><LI>Max Depth = 184<LI>Call Chain = Task_MPU6050_Update &rArr; App_MPU6050_Update &rArr; motion_detection_update &rArr; GetTick &rArr; Delay_Init &rArr; __aeabi_ui2d &rArr; _double_epilogue &rArr; _double_round
</UL>
<BR>[Calls]<UL><LI><a href="#[6f]">&gt;&gt;</a>&nbsp;&nbsp;&nbsp;App_MPU6050_Update
</UL>
<BR>[Address Reference Count : 1]<UL><LI> system_manager.o(i.System_RegisterTasks)
</UL>
<P><STRONG><a name="[41]"></a>Task_RandomFace_Update</STRONG> (Thumb, 26 bytes, Stack size 8 bytes, system_manager.o(i.Task_RandomFace_Update))
<BR><BR>[Stack]<UL><LI>Max Depth = 200<LI>Call Chain = Task_RandomFace_Update &rArr; RandomFace_Update &rArr; PlayRandomFace &rArr; SelectRandomFace &rArr; GetRandomInRange &rArr; GetTick &rArr; Delay_Init &rArr; __aeabi_ui2d &rArr; _double_epilogue &rArr; _double_round
</UL>
<BR>[Calls]<UL><LI><a href="#[b7]">&gt;&gt;</a>&nbsp;&nbsp;&nbsp;Is_Allow_Other_Actions
<LI><a href="#[d2]">&gt;&gt;</a>&nbsp;&nbsp;&nbsp;RandomFace_Update
<LI><a href="#[f7]">&gt;&gt;</a>&nbsp;&nbsp;&nbsp;MPU6050_IsAllowOtherActions
</UL>
<BR>[Address Reference Count : 1]<UL><LI> system_manager.o(i.System_RegisterTasks)
</UL>
<P><STRONG><a name="[40]"></a>Task_Servo_Update</STRONG> (Thumb, 12 bytes, Stack size 8 bytes, system_manager.o(i.Task_Servo_Update))
<BR><BR>[Stack]<UL><LI>Max Depth = 168<LI>Call Chain = Task_Servo_Update &rArr; Servo_Update_NonBlocking &rArr; GetTick &rArr; Delay_Init &rArr; __aeabi_ui2d &rArr; _double_epilogue &rArr; _double_round
</UL>
<BR>[Calls]<UL><LI><a href="#[e3]">&gt;&gt;</a>&nbsp;&nbsp;&nbsp;Servo_Update_NonBlocking
<LI><a href="#[e1]">&gt;&gt;</a>&nbsp;&nbsp;&nbsp;Servo_UpdateSequence
</UL>
<BR>[Address Reference Count : 1]<UL><LI> system_manager.o(i.System_RegisterTasks)
</UL>
<P><STRONG><a name="[42]"></a>Task_System_Monitor</STRONG> (Thumb, 2 bytes, Stack size 0 bytes, system_manager.o(i.Task_System_Monitor))
<BR>[Address Reference Count : 1]<UL><LI> system_manager.o(i.System_RegisterTasks)
</UL>
<P><STRONG><a name="[3d]"></a>Task_Touch_Process</STRONG> (Thumb, 8 bytes, Stack size 8 bytes, system_manager.o(i.Task_Touch_Process))
<BR><BR>[Stack]<UL><LI>Max Depth = 240<LI>Call Chain = Task_Touch_Process &rArr; Touch_Process &rArr; Start_Shy_Action &rArr; Servo_ExecuteSequence &rArr; Servo_StopSequence &rArr; Servo_Set_NonBlocking &rArr; GetTick &rArr; Delay_Init &rArr; __aeabi_ui2d &rArr; _double_epilogue &rArr; _double_round
</UL>
<BR>[Calls]<UL><LI><a href="#[fa]">&gt;&gt;</a>&nbsp;&nbsp;&nbsp;Touch_Process
</UL>
<BR>[Address Reference Count : 1]<UL><LI> system_manager.o(i.System_RegisterTasks)
</UL>
<P><STRONG><a name="[3e]"></a>Task_Voice_Process</STRONG> (Thumb, 8 bytes, Stack size 8 bytes, system_manager.o(i.Task_Voice_Process))
<BR><BR>[Stack]<UL><LI>Max Depth = 152<LI>Call Chain = Task_Voice_Process &rArr; USART_ProcessVoiceData &rArr; ProcessVoiceCommand &rArr; GetTick &rArr; Delay_Init &rArr; __aeabi_ui2d &rArr; _double_epilogue &rArr; _double_round
</UL>
<BR>[Calls]<UL><LI><a href="#[fb]">&gt;&gt;</a>&nbsp;&nbsp;&nbsp;USART_ProcessVoiceData
</UL>
<BR>[Address Reference Count : 1]<UL><LI> system_manager.o(i.System_RegisterTasks)
</UL>
<P><STRONG><a name="[3b]"></a>VoiceCommandHandler</STRONG> (Thumb, 410 bytes, Stack size 16 bytes, system_manager.o(i.VoiceCommandHandler))
<BR><BR>[Stack]<UL><LI>Max Depth = 656<LI>Call Chain = VoiceCommandHandler &rArr; Complex_Dance_NonBlocking &rArr; Servo_ExecuteSequence &rArr; Servo_StopSequence &rArr; Servo_Set_NonBlocking &rArr; GetTick &rArr; Delay_Init &rArr; __aeabi_ui2d &rArr; _double_epilogue &rArr; _double_round
</UL>
<BR>[Calls]<UL><LI><a href="#[92]">&gt;&gt;</a>&nbsp;&nbsp;&nbsp;Servo_StopSequence
<LI><a href="#[91]">&gt;&gt;</a>&nbsp;&nbsp;&nbsp;Servo_IsSequenceCompleted
<LI><a href="#[96]">&gt;&gt;</a>&nbsp;&nbsp;&nbsp;Head_Up_NonBlocking
<LI><a href="#[93]">&gt;&gt;</a>&nbsp;&nbsp;&nbsp;Head_Shake_NonBlocking
<LI><a href="#[95]">&gt;&gt;</a>&nbsp;&nbsp;&nbsp;Head_Right_NonBlocking
<LI><a href="#[ad]">&gt;&gt;</a>&nbsp;&nbsp;&nbsp;Head_Response_NonBlocking
<LI><a href="#[99]">&gt;&gt;</a>&nbsp;&nbsp;&nbsp;Head_RU_NonBlocking
<LI><a href="#[9b]">&gt;&gt;</a>&nbsp;&nbsp;&nbsp;Head_RD_NonBlocking
<LI><a href="#[94]">&gt;&gt;</a>&nbsp;&nbsp;&nbsp;Head_Left_NonBlocking
<LI><a href="#[98]">&gt;&gt;</a>&nbsp;&nbsp;&nbsp;Head_LU_NonBlocking
<LI><a href="#[9a]">&gt;&gt;</a>&nbsp;&nbsp;&nbsp;Head_LD_NonBlocking
<LI><a href="#[97]">&gt;&gt;</a>&nbsp;&nbsp;&nbsp;Head_Down_NonBlocking
<LI><a href="#[9c]">&gt;&gt;</a>&nbsp;&nbsp;&nbsp;Head_Around_NonBlocking
<LI><a href="#[86]">&gt;&gt;</a>&nbsp;&nbsp;&nbsp;Complex_Eat_NonBlocking
<LI><a href="#[85]">&gt;&gt;</a>&nbsp;&nbsp;&nbsp;Complex_Dance_NonBlocking
<LI><a href="#[6b]">&gt;&gt;</a>&nbsp;&nbsp;&nbsp;Action_Struggle_NonBlocking
<LI><a href="#[6a]">&gt;&gt;</a>&nbsp;&nbsp;&nbsp;Action_Smile_NonBlocking
<LI><a href="#[69]">&gt;&gt;</a>&nbsp;&nbsp;&nbsp;Action_Sad_NonBlocking
<LI><a href="#[90]">&gt;&gt;</a>&nbsp;&nbsp;&nbsp;GetTick
<LI><a href="#[108]">&gt;&gt;</a>&nbsp;&nbsp;&nbsp;VoiceCommand_To_FaceType
<LI><a href="#[a3]">&gt;&gt;</a>&nbsp;&nbsp;&nbsp;Face_Update
<LI><a href="#[87]">&gt;&gt;</a>&nbsp;&nbsp;&nbsp;Face_RequestExpression
<LI><a href="#[f1]">&gt;&gt;</a>&nbsp;&nbsp;&nbsp;Face_IsStaticMode
<LI><a href="#[a2]">&gt;&gt;</a>&nbsp;&nbsp;&nbsp;Face_ExitStaticMode
<LI><a href="#[b4]">&gt;&gt;</a>&nbsp;&nbsp;&nbsp;IsVoiceCommandAllowed
<LI><a href="#[107]">&gt;&gt;</a>&nbsp;&nbsp;&nbsp;__2printf
</UL>
<BR>[Address Reference Count : 1]<UL><LI> system_manager.o(i.SystemManager_Init)
</UL>
<P><STRONG><a name="[10f]"></a>_fp_digits</STRONG> (Thumb, 334 bytes, Stack size 56 bytes, printfa.o(i._fp_digits), UNUSED)
<BR><BR>[Calls]<UL><LI><a href="#[51]">&gt;&gt;</a>&nbsp;&nbsp;&nbsp;__aeabi_ddiv
<LI><a href="#[58]">&gt;&gt;</a>&nbsp;&nbsp;&nbsp;__aeabi_uldivmod
<LI><a href="#[60]">&gt;&gt;</a>&nbsp;&nbsp;&nbsp;__aeabi_dmul
<LI><a href="#[5c]">&gt;&gt;</a>&nbsp;&nbsp;&nbsp;__aeabi_dadd
<LI><a href="#[61]">&gt;&gt;</a>&nbsp;&nbsp;&nbsp;__aeabi_d2ulz
<LI><a href="#[110]">&gt;&gt;</a>&nbsp;&nbsp;&nbsp;__aeabi_cdrcmple
</UL>
<BR>[Called By]<UL><LI><a href="#[10b]">&gt;&gt;</a>&nbsp;&nbsp;&nbsp;_printf_core
</UL>

<P><STRONG><a name="[10b]"></a>_printf_core</STRONG> (Thumb, 1744 bytes, Stack size 136 bytes, printfa.o(i._printf_core), UNUSED)
<BR><BR>[Calls]<UL><LI><a href="#[58]">&gt;&gt;</a>&nbsp;&nbsp;&nbsp;__aeabi_uldivmod
<LI><a href="#[113]">&gt;&gt;</a>&nbsp;&nbsp;&nbsp;__aeabi_uidivmod
<LI><a href="#[111]">&gt;&gt;</a>&nbsp;&nbsp;&nbsp;_printf_pre_padding
<LI><a href="#[112]">&gt;&gt;</a>&nbsp;&nbsp;&nbsp;_printf_post_padding
<LI><a href="#[10f]">&gt;&gt;</a>&nbsp;&nbsp;&nbsp;_fp_digits
</UL>
<BR>[Called By]<UL><LI><a href="#[10a]">&gt;&gt;</a>&nbsp;&nbsp;&nbsp;__0printf
</UL>

<P><STRONG><a name="[112]"></a>_printf_post_padding</STRONG> (Thumb, 36 bytes, Stack size 24 bytes, printfa.o(i._printf_post_padding), UNUSED)
<BR><BR>[Called By]<UL><LI><a href="#[10b]">&gt;&gt;</a>&nbsp;&nbsp;&nbsp;_printf_core
</UL>

<P><STRONG><a name="[111]"></a>_printf_pre_padding</STRONG> (Thumb, 46 bytes, Stack size 24 bytes, printfa.o(i._printf_pre_padding), UNUSED)
<BR><BR>[Called By]<UL><LI><a href="#[10b]">&gt;&gt;</a>&nbsp;&nbsp;&nbsp;_printf_core
</UL>
<P>
<H3>
Undefined Global Symbols
</H3><HR></body></html>
