<html>
<body>
<pre>
<h1>礦ision Build Log</h1>
<h2>Tool Versions:</h2>
IDE-Version: μVision V5.42.0.0
Copyright (C) 2025 ARM Ltd and ARM Germany GmbH. All rights reserved.
License Information: black 范开翔, bkrc, LIC=9WSKC-7J2BK-ARHXW-QEYP1-5YIS9-LIVGF
 
Tool Versions:
Toolchain:       MDK-ARM Plus  Version: 5.42.0.0
Toolchain Path:  D:\Keil\ARM\ARMCC\Bin
C Compiler:      Armcc.exe V5.06 update 1 (build 61)
Assembler:       Armasm.exe V5.06 update 1 (build 61)
Linker/Locator:  ArmLink.exe V5.06 update 1 (build 61)
Library Manager: ArmAr.exe V5.06 update 1 (build 61)
Hex Converter:   FromElf.exe V5.06 update 1 (build 61)
CPU DLL:         SARMCM3.DLL V5.42.0.0
Dialog DLL:      DCM.DLL V1.17.5.0
Target DLL:      STLink\ST-LINKIII-KEIL_SWO.dll V3.3.0.0
Dialog DLL:      TCM.DLL V1.56.6.0
 
<h2>Project:</h2>
C:\Users\black\Desktop\小鱼干桌宠机器人开源资料\主代码\demo\Project.uvprojx
Project File Date:  08/04/2026

<h2>Output:</h2>
*** Using Compiler 'V5.06 update 1 (build 61)', folder: 'D:\Keil\ARM\ARMCC\Bin'
Rebuild target 'Target 1'
assembling startup_stm32f10x_md.s...
compiling core_cm3.c...
compiling stm32f10x_can.c...
compiling stm32f10x_dbgmcu.c...
compiling stm32f10x_dac.c...
compiling misc.c...
compiling stm32f10x_bkp.c...
compiling stm32f10x_adc.c...
compiling stm32f10x_exti.c...
compiling stm32f10x_crc.c...
compiling system_stm32f10x.c...
compiling stm32f10x_cec.c...
compiling stm32f10x_dma.c...
compiling stm32f10x_fsmc.c...
compiling stm32f10x_flash.c...
compiling stm32f10x_gpio.c...
compiling stm32f10x_iwdg.c...
compiling stm32f10x_i2c.c...
compiling stm32f10x_pwr.c...
compiling stm32f10x_rtc.c...
compiling stm32f10x_rcc.c...
compiling stm32f10x_sdio.c...
compiling stm32f10x_spi.c...
compiling stm32f10x_wwdg.c...
compiling stm32f10x_usart.c...
compiling stm32f10x_tim.c...
compiling LED.c...
compiling Key.c...
compiling face.c...
Hardware\face.c(26): warning:  #550-D: variable "static_frame_addr" was set but never used
  static uint32_t static_frame_addr = 0;
Hardware\face.c(254): warning:  #177-D: function "UpdateRespondWithSequence" was declared but never referenced
  static uint8_t UpdateRespondWithSequence(FaceType face_type);
Hardware\face.c: 2 warnings, 0 errors
compiling spi.c...
compiling W25Q64.c...
compiling pwm.c...
Hardware\pwm.c(23): warning:  #550-D: variable "g_multiCommandCount" was set but never used
  static uint8_t g_multiCommandCount = 0;
Hardware\pwm.c(24): warning:  #550-D: variable "g_multiStartTime" was set but never used
  static uint32_t g_multiStartTime = 0;
Hardware\pwm.c: 2 warnings, 0 errors
compiling random.c...
compiling usart.c...
compiling touch.c...
Hardware\touch.c(20): warning:  #550-D: variable "g_lastShyActionTime" was set but never used
  static uint32_t g_lastShyActionTime = 0;
Hardware\touch.c(21): warning:  #550-D: variable "g_lastStableState" was set but never used
  static uint8_t g_lastStableState = 0;      // ?洗??榷ǖ拇???状态
Hardware\touch.c(22): warning:  #550-D: variable "g_lastStateChangeTime" was set but never used
  static uint32_t g_lastStateChangeTime = 0; // ?洗?状态?浠?时??
Hardware\touch.c(118): warning:  #177-D: function "Set_Touch_Delay_Time" was declared but never referenced
  static void Set_Touch_Delay_Time(uint32_t delay_time)
Hardware\touch.c(124): warning:  #177-D: function "Get_Touch_Delay_Time" was declared but never referenced
  static uint32_t Get_Touch_Delay_Time(void)
Hardware\touch.c: 5 warnings, 0 errors
compiling Delay.c...
compiling mpu6050.c...
Hardware\mpu6050.c(32): warning:  #550-D: variable "shake_start_time" was set but never used
  static uint32_t shake_start_time = 0;
Hardware\mpu6050.c(65): warning:  #550-D: variable "shake_threshold" was set but never used
  static float shake_threshold = 9.0f;           // ?味???值(rad/s)，值越小越????
Hardware\mpu6050.c(433): warning:  #177-D: function "calculate_gyro_magnitude" was declared but never referenced
  static float calculate_gyro_magnitude(void)
Hardware\mpu6050.c: 3 warnings, 0 errors
compiling si2c.c...
compiling task_scheduler.c...
compiling system_manager.c...
Hardware\system_manager.c(628): warning:  #177-D: function "Task_Battery_Update" was declared but never referenced
  static void Task_Battery_Update(void)
Hardware\system_manager.c: 1 warning, 0 errors
compiling battery.c...
Hardware\battery.c(22): warning:  #550-D: variable "low_battery_reported" was set but never used
  static uint8_t low_battery_reported = 0;
Hardware\battery.c: 1 warning, 0 errors
compiling sleep_mode.c...
compiling oled.c...
compiling stm32f10x_it.c...
compiling main.c...
linking...
Program Size: Code=21800 RO-data=4172 RW-data=1348 ZI-data=4108  
".\Objects\Project.axf" - 0 Error(s), 14 Warning(s).

<h2>Software Packages used:</h2>

Package Vendor: Keil
                http://www.keil.com/pack/Keil.STM32F1xx_DFP.2.4.0.pack
                Keil::STM32F1xx_DFP@2.4.0
                STMicroelectronics STM32F1 Series Device Support, Drivers and Examples

<h2>Collection of Component include folders:</h2>
  D:/Keil/ARM/Pack/Keil/STM32F1xx_DFP/2.4.0/Device/Include

<h2>Collection of Component Files used:</h2>
Build Time Elapsed:  00:00:02
</pre>
</body>
</html>
