Component: ARM Compiler 5.06 update 1 (build 61) Tool: armlink [4d35a8]

==============================================================================

Section Cross References

    startup_stm32f10x_md.o(RESET) refers to startup_stm32f10x_md.o(STACK) for __initial_sp
    startup_stm32f10x_md.o(RESET) refers to startup_stm32f10x_md.o(.text) for Reset_Handler
    startup_stm32f10x_md.o(RESET) refers to stm32f10x_it.o(i.NMI_Handler) for NMI_Handler
    startup_stm32f10x_md.o(RESET) refers to stm32f10x_it.o(i.HardFault_Handler) for HardFault_Handler
    startup_stm32f10x_md.o(RESET) refers to stm32f10x_it.o(i.MemManage_Handler) for MemManage_Handler
    startup_stm32f10x_md.o(RESET) refers to stm32f10x_it.o(i.BusFault_Handler) for BusFault_Handler
    startup_stm32f10x_md.o(RESET) refers to stm32f10x_it.o(i.UsageFault_Handler) for UsageFault_Handler
    startup_stm32f10x_md.o(RESET) refers to stm32f10x_it.o(i.SVC_Handler) for SVC_Handler
    startup_stm32f10x_md.o(RESET) refers to stm32f10x_it.o(i.DebugMon_Handler) for DebugMon_Handler
    startup_stm32f10x_md.o(RESET) refers to stm32f10x_it.o(i.PendSV_Handler) for PendSV_Handler
    startup_stm32f10x_md.o(RESET) refers to stm32f10x_it.o(i.SysTick_Handler) for SysTick_Handler
    startup_stm32f10x_md.o(RESET) refers to stm32f10x_it.o(i.USART1_IRQHandler) for USART1_IRQHandler
    startup_stm32f10x_md.o(.text) refers to system_stm32f10x.o(i.SystemInit) for SystemInit
    startup_stm32f10x_md.o(.text) refers to entry.o(.ARM.Collect$$$$00000000) for __main
    system_stm32f10x.o(i.SetSysClock) refers to system_stm32f10x.o(i.SetSysClockTo72) for SetSysClockTo72
    system_stm32f10x.o(i.SystemCoreClockUpdate) refers to system_stm32f10x.o(.data) for SystemCoreClock
    system_stm32f10x.o(i.SystemInit) refers to system_stm32f10x.o(i.SetSysClock) for SetSysClock
    stm32f10x_adc.o(i.ADC_DeInit) refers to stm32f10x_rcc.o(i.RCC_APB2PeriphResetCmd) for RCC_APB2PeriphResetCmd
    stm32f10x_bkp.o(i.BKP_DeInit) refers to stm32f10x_rcc.o(i.RCC_BackupResetCmd) for RCC_BackupResetCmd
    stm32f10x_can.o(i.CAN_DeInit) refers to stm32f10x_rcc.o(i.RCC_APB1PeriphResetCmd) for RCC_APB1PeriphResetCmd
    stm32f10x_can.o(i.CAN_GetITStatus) refers to stm32f10x_can.o(i.CheckITStatus) for CheckITStatus
    stm32f10x_cec.o(i.CEC_DeInit) refers to stm32f10x_rcc.o(i.RCC_APB1PeriphResetCmd) for RCC_APB1PeriphResetCmd
    stm32f10x_dac.o(i.DAC_DeInit) refers to stm32f10x_rcc.o(i.RCC_APB1PeriphResetCmd) for RCC_APB1PeriphResetCmd
    stm32f10x_flash.o(i.FLASH_EnableWriteProtection) refers to stm32f10x_flash.o(i.FLASH_WaitForLastOperation) for FLASH_WaitForLastOperation
    stm32f10x_flash.o(i.FLASH_EraseAllBank1Pages) refers to stm32f10x_flash.o(i.FLASH_WaitForLastBank1Operation) for FLASH_WaitForLastBank1Operation
    stm32f10x_flash.o(i.FLASH_EraseAllPages) refers to stm32f10x_flash.o(i.FLASH_WaitForLastOperation) for FLASH_WaitForLastOperation
    stm32f10x_flash.o(i.FLASH_EraseOptionBytes) refers to stm32f10x_flash.o(i.FLASH_GetReadOutProtectionStatus) for FLASH_GetReadOutProtectionStatus
    stm32f10x_flash.o(i.FLASH_EraseOptionBytes) refers to stm32f10x_flash.o(i.FLASH_WaitForLastOperation) for FLASH_WaitForLastOperation
    stm32f10x_flash.o(i.FLASH_ErasePage) refers to stm32f10x_flash.o(i.FLASH_WaitForLastOperation) for FLASH_WaitForLastOperation
    stm32f10x_flash.o(i.FLASH_ProgramHalfWord) refers to stm32f10x_flash.o(i.FLASH_WaitForLastOperation) for FLASH_WaitForLastOperation
    stm32f10x_flash.o(i.FLASH_ProgramOptionByteData) refers to stm32f10x_flash.o(i.FLASH_WaitForLastOperation) for FLASH_WaitForLastOperation
    stm32f10x_flash.o(i.FLASH_ProgramWord) refers to stm32f10x_flash.o(i.FLASH_WaitForLastOperation) for FLASH_WaitForLastOperation
    stm32f10x_flash.o(i.FLASH_ReadOutProtection) refers to stm32f10x_flash.o(i.FLASH_WaitForLastOperation) for FLASH_WaitForLastOperation
    stm32f10x_flash.o(i.FLASH_UserOptionByteConfig) refers to stm32f10x_flash.o(i.FLASH_WaitForLastOperation) for FLASH_WaitForLastOperation
    stm32f10x_flash.o(i.FLASH_WaitForLastBank1Operation) refers to stm32f10x_flash.o(i.FLASH_GetBank1Status) for FLASH_GetBank1Status
    stm32f10x_flash.o(i.FLASH_WaitForLastOperation) refers to stm32f10x_flash.o(i.FLASH_GetBank1Status) for FLASH_GetBank1Status
    stm32f10x_gpio.o(i.GPIO_AFIODeInit) refers to stm32f10x_rcc.o(i.RCC_APB2PeriphResetCmd) for RCC_APB2PeriphResetCmd
    stm32f10x_gpio.o(i.GPIO_DeInit) refers to stm32f10x_rcc.o(i.RCC_APB2PeriphResetCmd) for RCC_APB2PeriphResetCmd
    stm32f10x_i2c.o(i.I2C_DeInit) refers to stm32f10x_rcc.o(i.RCC_APB1PeriphResetCmd) for RCC_APB1PeriphResetCmd
    stm32f10x_i2c.o(i.I2C_Init) refers to stm32f10x_rcc.o(i.RCC_GetClocksFreq) for RCC_GetClocksFreq
    stm32f10x_pwr.o(i.PWR_DeInit) refers to stm32f10x_rcc.o(i.RCC_APB1PeriphResetCmd) for RCC_APB1PeriphResetCmd
    stm32f10x_rcc.o(i.RCC_GetClocksFreq) refers to stm32f10x_rcc.o(.data) for APBAHBPrescTable
[...]
    i.UsageFault_Handler                     0x080047b8   Section        0  stm32f10x_it.o(i.UsageFault_Handler)
    i.VoiceCommandHandler                    0x080047bc   Section        0  system_manager.o(i.VoiceCommandHandler)
    VoiceCommandHandler                      0x080047bd   Thumb Code   410  system_manager.o(i.VoiceCommandHandler)
    i.VoiceCommand_To_FaceType               0x080049cc   Section        0  face.o(i.VoiceCommand_To_FaceType)
    i.W25Q64_Init                            0x08004a84   Section        0  w25q64.o(i.W25Q64_Init)
    i.W25Q64_ReadData                        0x08004ac4   Section        0  w25q64.o(i.W25Q64_ReadData)
    i.W25Q64_ReadID                          0x08004b3c   Section        0  w25q64.o(i.W25Q64_ReadID)
    i.__0printf                              0x08004b8c   Section        0  printfa.o(i.__0printf)
    i.__ARM_fpclassifyf                      0x08004bac   Section        0  fpclassifyf.o(i.__ARM_fpclassifyf)
    i.__mathlib_flt_infnan2                  0x08004bd2   Section        0  funder.o(i.__mathlib_flt_infnan2)
    i.__mathlib_flt_underflow                0x08004bd6   Section        0  funder.o(i.__mathlib_flt_underflow)
    i.__scatterload_copy                     0x08004be0   Section       14  handlers.o(i.__scatterload_copy)
    i.__scatterload_null                     0x08004bee   Section        2  handlers.o(i.__scatterload_null)
    i.__scatterload_zeroinit                 0x08004bf0   Section       14  handlers.o(i.__scatterload_zeroinit)
    i.__set_errno                            0x08004c00   Section        0  errno.o(i.__set_errno)
    i._fp_digits                             0x08004c0c   Section        0  printfa.o(i._fp_digits)
    _fp_digits                               0x08004c0d   Thumb Code   334  printfa.o(i._fp_digits)
    i._printf_core                           0x08004d70   Section        0  printfa.o(i._printf_core)
    _printf_core                             0x08004d71   Thumb Code  1744  printfa.o(i._printf_core)
    i._printf_post_padding                   0x0800544c   Section        0  printfa.o(i._printf_post_padding)
    _printf_post_padding                     0x0800544d   Thumb Code    36  printfa.o(i._printf_post_padding)
    i._printf_pre_padding                    0x08005470   Section        0  printfa.o(i._printf_pre_padding)
    _printf_pre_padding                      0x08005471   Thumb Code    46  printfa.o(i._printf_pre_padding)
    i.angles_update                          0x080054a0   Section        0  mpu6050.o(i.angles_update)
    angles_update                            0x080054a1   Thumb Code   410  mpu6050.o(i.angles_update)
    i.atan2f                                 0x08005680   Section        0  atan2f.o(i.atan2f)
    i.delay                                  0x080058dc   Section        0  si2c.o(i.delay)
    i.fputc                                  0x080058ec   Section        0  usart.o(i.fputc)
    i.is_shaking                             0x08005910   Section        0  mpu6050.o(i.is_shaking)
    is_shaking                               0x08005911   Thumb Code   110  mpu6050.o(i.is_shaking)
    i.main                                   0x08005994   Section        0  main.o(i.main)
    i.motion_detection_update                0x080059b4   Section        0  mpu6050.o(i.motion_detection_update)
    motion_detection_update                  0x080059b5   Thumb Code   484  mpu6050.o(i.motion_detection_update)
    i.reg_read                               0x08005bc8   Section        0  mpu6050.o(i.reg_read)
    reg_read                                 0x08005bc9   Thumb Code    26  mpu6050.o(i.reg_read)
    i.reg_write                              0x08005be8   Section        0  mpu6050.o(i.reg_write)
    reg_write                                0x08005be9   Thumb Code    24  mpu6050.o(i.reg_write)
    i.sqrtf                                  0x08005c04   Section        0  sqrtf.o(i.sqrtf)
    i.trigger_action                         0x08005c30   Section        0  mpu6050.o(i.trigger_action)
    trigger_action                           0x08005c31   Thumb Code    20  mpu6050.o(i.trigger_action)
    .constdata                               0x08005c48   Section     2764  face.o(.constdata)
    eyeTab                                   0x08005c48   Data          12  face.o(.constdata)
    blink_sequence                           0x08005c54   Data          56  face.o(.constdata)
    smile_sequence                           0x08005c8c   Data          16  face.o(.constdata)
    cry_sequence                             0x08005c9c   Data          32  face.o(.constdata)
    sad_sequence                             0x08005cbc   Data          56  face.o(.constdata)
    angry_sequence                           0x08005cf4   Data          88  face.o(.constdata)
    comfortable_sequence                     0x08005d4c   Data          48  face.o(.constdata)
    eat_sequence                             0x08005d7c   Data          32  face.o(.constdata)
    left_sequence                            0x08005d9c   Data          80  face.o(.constdata)
    right_sequence                           0x08005dec   Data          80  face.o(.constdata)
    leftup_sequence                          0x08005e3c   Data          96  face.o(.constdata)
    rightup_sequence                         0x08005e9c   Data          96  face.o(.constdata)
    leftdown_sequence                        0x08005efc   Data          96  face.o(.constdata)
    rightdown_sequence                       0x08005f5c   Data          96  face.o(.constdata)
    doubt_sequence                           0x08005fbc   Data          24  face.o(.constdata)
    dizzy_sequence                           0x08005fd4   Data         128  face.o(.constdata)
    vomit_sequence                           0x08006054   Data          96  face.o(.constdata)
    love_sequence                            0x080060b4   Data          16  face.o(.constdata)
    wake_sequence                            0x080060c4   Data          72  face.o(.constdata)
    sleep_sequence                           0x0800610c   Data          56  face.o(.constdata)
    struggle_sequence                        0x08006144   Data           8  face.o(.constdata)
    up_sequence                              0x0800614c   Data          56  face.o(.constdata)
    down_sequence                            0x08006184   Data          56  face.o(.constdata)
    bt_sequence                              0x080061bc   Data          88  face.o(.constdata)
    sing_sequence                            0x08006214   Data         408  face.o(.constdata)
    dance_sequence                           0x080063ac   Data           8  face.o(.constdata)
    default_face_configs                     0x080063b4   Data         816  face.o(.constdata)
    single_frame_times                       0x080066e4   Data          48  face.o(.constdata)
    .constdata                               0x08006714   Section      766  pwm.o(.constdata)
    .constdata                               0x08006a14   Section      244  random.o(.constdata)
    default_probability_table                0x08006a14   Data         228  random.o(.constdata)
    default_config                           0x08006af8   Data          16  random.o(.constdata)
    .constdata                               0x08006b08   Section       60  touch.o(.constdata)
    .conststring                             0x08006b44   Section       66  system_manager.o(.conststring)
    .ccmram                                  0x20000000   Section     1024  face.o(.ccmram)
    readBuffer1                              0x20000000   Data        1024  face.o(.ccmram)
    .data                                    0x20000400   Section       20  stm32f10x_rcc.o(.data)
    APBAHBPrescTable                         0x20000400   Data          16  stm32f10x_rcc.o(.data)
    ADCPrescTable                            0x20000410   Data           4  stm32f10x_rcc.o(.data)
    .data                                    0x20000414   Section        9  face.o(.data)
    static_mode                              0x20000414   Data           1  face.o(.data)
    static_frame_addr                        0x20000418   Data           4  face.o(.data)
    currentEyeIndex                          0x2000041c   Data           1  face.o(.data)
    .data                                    0x20000420   Section       22  pwm.o(.data)
    g_servoNow                               0x20000420   Data           7  pwm.o(.data)
    g_multiCommandCount                      0x20000427   Data           1  pwm.o(.data)
    g_multiStartTime                         0x20000428   Data           4  pwm.o(.data)
    g_sequence_count                         0x2000042c   Data           1  pwm.o(.data)
    g_sequence_index                         0x2000042d   Data           1  pwm.o(.data)
    g_sequence_start_time                    0x20000430   Data           4  pwm.o(.data)
    g_sequence_running                       0x20000434   Data           1  pwm.o(.data)
    g_sequence_completed                     0x20000435   Data           1  pwm.o(.data)
    .data                                    0x20000436   Section        1  random.o(.data)
    random_face_enabled                      0x20000436   Data           1  random.o(.data)
    .data                                    0x20000438   Section       20  usart.o(.data)
    g_lastVoiceCmd                           0x20000438   Data           1  usart.o(.data)
    g_newVoiceCmdFlag                        0x20000439   Data           1  usart.o(.data)
    g_voiceCallback                          0x2000043c   Data           4  usart.o(.data)
    g_lastCmdTime                            0x20000440   Data           4  usart.o(.data)
    g_uartRxWriteIndex                       0x20000444   Data           2  usart.o(.data)
    g_uartRxReadIndex                        0x20000446   Data           2  usart.o(.data)
    lastProcessTime                          0x20000448   Data           4  usart.o(.data)
    .data                                    0x2000044c   Section       56  touch.o(.data)
    g_touchEvent                             0x2000044c   Data           1  touch.o(.data)
    g_lastTouchTime                          0x20000450   Data           4  touch.o(.data)
    g_isTouching                             0x20000454   Data           1  touch.o(.data)
    g_touchProcessed                         0x20000455   Data           1  touch.o(.data)
    g_touchEndTime                           0x20000458   Data           4  touch.o(.data)
    g_shyActionRunning                       0x2000045c   Data           1  touch.o(.data)
    g_lastShyActionTime                      0x20000460   Data           4  touch.o(.data)
    g_lastStableState                        0x20000464   Data           1  touch.o(.data)
    g_lastStateChangeTime                    0x20000468   Data           4  touch.o(.data)
    g_touch_delay_time                       0x2000046c   Data           4  touch.o(.data)
    g_touchStartCallback                     0x20000470   Data           4  touch.o(.data)
    g_touchEndCallback                       0x20000474   Data           4  touch.o(.data)
    touch_fsm_state                          0x20000478   Data           1  touch.o(.data)
    touch_debounce_timer                     0x2000047c   Data           4  touch.o(.data)
    last_shy_repeat                          0x20000480   Data           4  touch.o(.data)
    .data                                    0x20000484   Section       12  delay.o(.data)
    delay_initialized_flag                   0x20000488   Data           1  delay.o(.data)
    us_per_mini_tick                         0x2000048c   Data           4  delay.o(.data)
    .data                                    0x20000490   Section      125  mpu6050.o(.data)
    ax                                       0x20000490   Data           4  mpu6050.o(.data)
    ay                                       0x20000494   Data           4  mpu6050.o(.data)
    az                                       0x20000498   Data           4  mpu6050.o(.data)
    gx                                       0x2000049c   Data           4  mpu6050.o(.data)
    gy                                       0x200004a0   Data           4  mpu6050.o(.data)
    gz                                       0x200004a4   Data           4  mpu6050.o(.data)
    temp                                     0x200004a8   Data           4  mpu6050.o(.data)
    yaw                                      0x200004ac   Data           4  mpu6050.o(.data)
    roll                                     0x200004b0   Data           4  mpu6050.o(.data)
    pitch                                    0x200004b4   Data           4  mpu6050.o(.data)
    mpu_state                                0x200004b8   Data           1  mpu6050.o(.data)
    shake_start_time                         0x200004bc   Data           4  mpu6050.o(.data)
    stable_start_time                        0x200004c0   Data           4  mpu6050.o(.data)
    last_dizzy_trigger_time                  0x200004c4   Data           4  mpu6050.o(.data)
    dizzy_extend_start_time                  0x200004c8   Data           4  mpu6050.o(.data)
    action_callback                          0x200004cc   Data           4  mpu6050.o(.data)
    action_ignore_until                      0x200004d0   Data           4  mpu6050.o(.data)
    accel_shake_threshold                    0x200004d4   Data           4  mpu6050.o(.data)
    f_gx                                     0x200004d8   Data           4  mpu6050.o(.data)
    f_gy                                     0x200004dc   Data           4  mpu6050.o(.data)
    f_gz                                     0x200004e0   Data           4  mpu6050.o(.data)
    f_ax                                     0x200004e4   Data           4  mpu6050.o(.data)
    f_ay                                     0x200004e8   Data           4  mpu6050.o(.data)
    f_az                                     0x200004ec   Data           4  mpu6050.o(.data)
    shake_confirm_count                      0x200004f0   Data           4  mpu6050.o(.data)
    last_shake_state                         0x200004f4   Data           1  mpu6050.o(.data)
    lie_callback                             0x200004f8   Data           4  mpu6050.o(.data)
    stand_callback                           0x200004fc   Data           4  mpu6050.o(.data)
    lie_state_entered                        0x20000500   Data           1  mpu6050.o(.data)
    shake_threshold                          0x20000504   Data           4  mpu6050.o(.data)
    last_update_time                         0x20000508   Data           4  mpu6050.o(.data)
    first                                    0x2000050c   Data           1  mpu6050.o(.data)
    .data                                    0x20000510   Section       40  system_manager.o(.data)
    system_state                             0x20000510   Data           1  system_manager.o(.data)
    wake_completed                           0x20000511   Data           1  system_manager.o(.data)
    mpu_vomit_playing                        0x20000512   Data           1  system_manager.o(.data)
    mpu_dizzy_playing                        0x20000513   Data           1  system_manager.o(.data)
    last_dizzy_check_time                    0x20000514   Data           4  system_manager.o(.data)
    battery_low_handled                      0x20000518   Data           1  system_manager.o(.data)
    last_battery_warning_time                0x2000051c   Data           4  system_manager.o(.data)
    lying_struggle_active                    0x20000520   Data           1  system_manager.o(.data)
    last_struggle_trigger                    0x20000524   Data           4  system_manager.o(.data)
    sleep_static_mode                        0x20000528   Data           1  system_manager.o(.data)
    sleep_triggered                          0x20000529   Data           1  system_manager.o(.data)
    lastCmd                                  0x2000052a   Data           1  system_manager.o(.data)
    lastSendTime                             0x2000052c   Data           4  system_manager.o(.data)
    lastFace                                 0x20000530   Data           1  system_manager.o(.data)
    lastActionTime                           0x20000534   Data           4  system_manager.o(.data)
    .data                                    0x20000538   Section        2  task_scheduler.o(.data)
    task_count                               0x20000538   Data           1  task_scheduler.o(.data)
    scheduler_running                        0x20000539   Data           1  task_scheduler.o(.data)
    .data                                    0x2000053c   Section       14  battery.o(.data)
    battery_state                            0x2000053c   Data           1  battery.o(.data)
    battery_voltage                          0x20000540   Data           4  battery.o(.data)
    last_battery_check_time                  0x20000544   Data           4  battery.o(.data)
    low_battery_reported                     0x20000548   Data           1  battery.o(.data)
    charging_detected                        0x20000549   Data           1  battery.o(.data)
    .data                                    0x2000054c   Section        4  stdout.o(.data)
    .data                                    0x20000550   Section        4  errno.o(.data)
    _errno                                   0x20000550   Data           4  errno.o(.data)
    .bss                                     0x20000554   Section      864  face.o(.bss)
    face_state                               0x20000554   Data          48  face.o(.bss)
    face_configs                             0x20000584   Data         816  face.o(.bss)
    .bss                                     0x200008b4   Section      504  pwm.o(.bss)
    g_servoMotions                           0x200008b4   Data          96  pwm.o(.bss)
    g_multiCommands                          0x20000914   Data          24  pwm.o(.bss)
    g_sequence                               0x2000092c   Data         384  pwm.o(.bss)
    .bss                                     0x20000aac   Section       28  random.o(.bss)
    random_face_state                        0x20000aac   Data          28  random.o(.bss)
    .bss                                     0x20000ac8   Section       16  usart.o(.bss)
    g_uartRxBuffer                           0x20000ac8   Data          16  usart.o(.bss)
    .bss                                     0x20000ad8   Section       16  mpu6050.o(.bss)
    si2c                                     0x20000ad8   Data          16  mpu6050.o(.bss)
    .bss                                     0x20000ae8   Section      500  task_scheduler.o(.bss)
    task_list                                0x20000ae8   Data         500  task_scheduler.o(.bss)
    .bss                                     0x20000cdc   Section     1152  oled.o(.bss)
    STACK                                    0x20001160   Section     1024  startup_stm32f10x_md.o(STACK)

    Global Symbols

    Symbol Name                              Value     Ov Type        Size  Object(Section)

    BuildAttributes$$THM_ISAv4$P$D$K$B$S$PE$A:L22UL41UL21$X:L11$S22US41US21$IEEE1$IW$USESV6$~STKCKD$USESV7$~SHL$OTIME$ROPI$IEEEX$EBA8$MICROLIB$REQ8$PRES8$EABIv2 0x00000000   Number         0  anon$$obj.o ABSOLUTE
    __ARM_use_no_argv                        0x00000000   Number         0  main.o ABSOLUTE
    _printf_a                                0x00000000   Number         0  stubs.o ABSOLUTE
    _printf_c                                0x00000000   Number         0  stubs.o ABSOLUTE
    _printf_charcount                        0x00000000   Number         0  stubs.o ABSOLUTE
    _printf_d                                0x00000000   Number         0  stubs.o ABSOLUTE
    _printf_e                                0x00000000   Number         0  stubs.o ABSOLUTE
    _printf_f                                0x00000000   Number         0  stubs.o ABSOLUTE
    _printf_flags                            0x00000000   Number         0  stubs.o ABSOLUTE
    _printf_fp_dec                           0x00000000   Number         0  stubs.o ABSOLUTE
    _printf_fp_hex                           0x00000000   Number         0  stubs.o ABSOLUTE
    _printf_g                                0x00000000   Number         0  stubs.o ABSOLUTE
    _printf_i                                0x00000000   Number         0  stubs.o ABSOLUTE
    _printf_int_dec                          0x00000000   Number         0  stubs.o ABSOLUTE
    _printf_l                                0x00000000   Number         0  stubs.o ABSOLUTE
    _printf_lc                               0x00000000   Number         0  stubs.o ABSOLUTE
    _printf_ll                               0x00000000   Number         0  stubs.o ABSOLUTE
    _printf_lld                              0x00000000   Number         0  stubs.o ABSOLUTE
    _printf_lli                              0x00000000   Number         0  stubs.o ABSOLUTE
    _printf_llo                              0x00000000   Number         0  stubs.o ABSOLUTE
    _printf_llu                              0x00000000   Number         0  stubs.o ABSOLUTE
    _printf_llx                              0x00000000   Number         0  stubs.o ABSOLUTE
    _printf_longlong_dec                     0x00000000   Number         0  stubs.o ABSOLUTE
    _printf_longlong_hex                     0x00000000   Number         0  stubs.o ABSOLUTE
    _printf_longlong_oct                     0x00000000   Number         0  stubs.o ABSOLUTE
    _printf_ls                               0x00000000   Number         0  stubs.o ABSOLUTE
    _printf_mbtowc                           0x00000000   Number         0  stubs.o ABSOLUTE
    _printf_n                                0x00000000   Number         0  stubs.o ABSOLUTE
    _printf_o                                0x00000000   Number         0  stubs.o ABSOLUTE
    _printf_p                                0x00000000   Number         0  stubs.o ABSOLUTE
    _printf_percent                          0x00000000   Number         0  stubs.o ABSOLUTE
    _printf_pre_padding                      0x00000000   Number         0  stubs.o ABSOLUTE
    _printf_return_value                     0x00000000   Number         0  stubs.o ABSOLUTE
    _printf_s                                0x00000000   Number         0  stubs.o ABSOLUTE
    _printf_sizespec                         0x00000000   Number         0  stubs.o ABSOLUTE
    _printf_str                              0x00000000   Number         0  stubs.o ABSOLUTE
    _printf_truncate_signed                  0x00000000   Number         0  stubs.o ABSOLUTE
    _printf_truncate_unsigned                0x00000000   Number         0  stubs.o ABSOLUTE
    _printf_u                                0x00000000   Number         0  stubs.o ABSOLUTE
    _printf_wc                               0x00000000   Number         0  stubs.o ABSOLUTE
    _printf_wctomb                           0x00000000   Number         0  stubs.o ABSOLUTE
    _printf_widthprec                        0x00000000   Number         0  stubs.o ABSOLUTE
    _printf_x                                0x00000000   Number         0  stubs.o ABSOLUTE
    __cpp_initialize__aeabi_                  - Undefined Weak Reference
    __cxa_finalize                            - Undefined Weak Reference
    _clock_init                               - Undefined Weak Reference
    _microlib_exit                            - Undefined Weak Reference
    __Vectors_Size                           0x000000ec   Number         0  startup_stm32f10x_md.o ABSOLUTE
    __Vectors                                0x08000000   Data           4  startup_stm32f10x_md.o(RESET)
    __Vectors_End                            0x080000ec   Data           0  startup_stm32f10x_md.o(RESET)
    __main                                   0x080000ed   Thumb Code     0  entry.o(.ARM.Collect$$$$00000000)
    _main_stk                                0x080000ed   Thumb Code     0  entry2.o(.ARM.Collect$$$$00000001)
    _main_scatterload                        0x080000f1   Thumb Code     0  entry5.o(.ARM.Collect$$$$00000004)
    __main_after_scatterload                 0x080000f5   Thumb Code     0  entry5.o(.ARM.Collect$$$$00000004)
    _main_clock                              0x080000f5   Thumb Code     0  entry7b.o(.ARM.Collect$$$$00000008)
    _main_cpp_init                           0x080000f5   Thumb Code     0  entry8b.o(.ARM.Collect$$$$0000000A)
    _main_init                               0x080000f5   Thumb Code     0  entry9a.o(.ARM.Collect$$$$0000000B)
    __rt_final_cpp                           0x080000fd   Thumb Code     0  entry10a.o(.ARM.Collect$$$$0000000D)
    __rt_final_exit                          0x080000fd   Thumb Code     0  entry11a.o(.ARM.Collect$$$$0000000F)
    Reset_Handler                            0x08000101   Thumb Code     8  startup_stm32f10x_md.o(.text)
    ADC1_2_IRQHandler                        0x0800011b   Thumb Code     0  startup_stm32f10x_md.o(.text)
    CAN1_RX1_IRQHandler                      0x0800011b   Thumb Code     0  startup_stm32f10x_md.o(.text)
    CAN1_SCE_IRQHandler                      0x0800011b   Thumb Code     0  startup_stm32f10x_md.o(.text)
    DMA1_Channel1_IRQHandler                 0x0800011b   Thumb Code     0  startup_stm32f10x_md.o(.text)
    DMA1_Channel2_IRQHandler                 0x0800011b   Thumb Code     0  startup_stm32f10x_md.o(.text)
    DMA1_Channel3_IRQHandler                 0x0800011b   Thumb Code     0  startup_stm32f10x_md.o(.text)
    DMA1_Channel4_IRQHandler                 0x0800011b   Thumb Code     0  startup_stm32f10x_md.o(.text)
    DMA1_Channel5_IRQHandler                 0x0800011b   Thumb Code     0  startup_stm32f10x_md.o(.text)
    DMA1_Channel6_IRQHandler                 0x0800011b   Thumb Code     0  startup_stm32f10x_md.o(.text)
    DMA1_Channel7_IRQHandler                 0x0800011b   Thumb Code     0  startup_stm32f10x_md.o(.text)
    EXTI0_IRQHandler                         0x0800011b   Thumb Code     0  startup_stm32f10x_md.o(.text)
    EXTI15_10_IRQHandler                     0x0800011b   Thumb Code     0  startup_stm32f10x_md.o(.text)
    EXTI1_IRQHandler                         0x0800011b   Thumb Code     0  startup_stm32f10x_md.o(.text)
    EXTI2_IRQHandler                         0x0800011b   Thumb Code     0  startup_stm32f10x_md.o(.text)
    EXTI3_IRQHandler                         0x0800011b   Thumb Code     0  startup_stm32f10x_md.o(.text)
    EXTI4_IRQHandler                         0x0800011b   Thumb Code     0  startup_stm32f10x_md.o(.text)
    EXTI9_5_IRQHandler                       0x0800011b   Thumb Code     0  startup_stm32f10x_md.o(.text)
    FLASH_IRQHandler                         0x0800011b   Thumb Code     0  startup_stm32f10x_md.o(.text)
    I2C1_ER_IRQHandler                       0x0800011b   Thumb Code     0  startup_stm32f10x_md.o(.text)
    I2C1_EV_IRQHandler                       0x0800011b   Thumb Code     0  startup_stm32f10x_md.o(.text)
    I2C2_ER_IRQHandler                       0x0800011b   Thumb Code     0  startup_stm32f10x_md.o(.text)
    I2C2_EV_IRQHandler                       0x0800011b   Thumb Code     0  startup_stm32f10x_md.o(.text)
    PVD_IRQHandler                           0x0800011b   Thumb Code     0  startup_stm32f10x_md.o(.text)
    RCC_IRQHandler                           0x0800011b   Thumb Code     0  startup_stm32f10x_md.o(.text)
    RTCAlarm_IRQHandler                      0x0800011b   Thumb Code     0  startup_stm32f10x_md.o(.text)
    RTC_IRQHandler                           0x0800011b   Thumb Code     0  startup_stm32f10x_md.o(.text)
    SPI1_IRQHandler                          0x0800011b   Thumb Code     0  startup_stm32f10x_md.o(.text)
    SPI2_IRQHandler                          0x0800011b   Thumb Code     0  startup_stm32f10x_md.o(.text)
    TAMPER_IRQHandler                        0x0800011b   Thumb Code     0  startup_stm32f10x_md.o(.text)
    TIM1_BRK_IRQHandler                      0x0800011b   Thumb Code     0  startup_stm32f10x_md.o(.text)
    TIM1_CC_IRQHandler                       0x0800011b   Thumb Code     0  startup_stm32f10x_md.o(.text)
    TIM1_TRG_COM_IRQHandler                  0x0800011b   Thumb Code     0  startup_stm32f10x_md.o(.text)
    TIM1_UP_IRQHandler                       0x0800011b   Thumb Code     0  startup_stm32f10x_md.o(.text)
    TIM2_IRQHandler                          0x0800011b   Thumb Code     0  startup_stm32f10x_md.o(.text)
    TIM3_IRQHandler                          0x0800011b   Thumb Code     0  startup_stm32f10x_md.o(.text)
    TIM4_IRQHandler                          0x0800011b   Thumb Code     0  startup_stm32f10x_md.o(.text)
    USART2_IRQHandler                        0x0800011b   Thumb Code     0  startup_stm32f10x_md.o(.text)
    USART3_IRQHandler                        0x0800011b   Thumb Code     0  startup_stm32f10x_md.o(.text)
    USBWakeUp_IRQHandler                     0x0800011b   Thumb Code     0  startup_stm32f10x_md.o(.text)
    USB_HP_CAN1_TX_IRQHandler                0x0800011b   Thumb Code     0  startup_stm32f10x_md.o(.text)
    USB_LP_CAN1_RX0_IRQHandler               0x0800011b   Thumb Code     0  startup_stm32f10x_md.o(.text)
    WWDG_IRQHandler                          0x0800011b   Thumb Code     0  startup_stm32f10x_md.o(.text)
    __aeabi_memcpy                           0x08000125   Thumb Code    36  memcpya.o(.text)
    __aeabi_memcpy4                          0x08000125   Thumb Code     0  memcpya.o(.text)
    __aeabi_memcpy8                          0x08000125   Thumb Code     0  memcpya.o(.text)
    __aeabi_memset                           0x08000149   Thumb Code    14  memseta.o(.text)
    __aeabi_memset4                          0x08000149   Thumb Code     0  memseta.o(.text)
    __aeabi_memset8                          0x08000149   Thumb Code     0  memseta.o(.text)
    __aeabi_memclr                           0x08000157   Thumb Code     4  memseta.o(.text)
    __aeabi_memclr4                          0x08000157   Thumb Code     0  memseta.o(.text)
    __aeabi_memclr8                          0x08000157   Thumb Code     0  memseta.o(.text)
    _memset$wrapper                          0x0800015b   Thumb Code    18  memseta.o(.text)
    __aeabi_fadd                             0x0800016d   Thumb Code   164  fadd.o(.text)
    __aeabi_fsub                             0x08000211   Thumb Code     6  fadd.o(.text)
    __aeabi_frsub                            0x08000217   Thumb Code     6  fadd.o(.text)
    __aeabi_fmul                             0x0800021d   Thumb Code   100  fmul.o(.text)
    __aeabi_fdiv                             0x08000281   Thumb Code   124  fdiv.o(.text)
    __aeabi_ddiv                             0x080002fd   Thumb Code   222  ddiv.o(.text)
    __aeabi_i2f                              0x080003db   Thumb Code    18  fflti.o(.text)
    __aeabi_ui2f                             0x080003ed   Thumb Code    10  ffltui.o(.text)
    __aeabi_ui2d                             0x080003f7   Thumb Code    26  dfltui.o(.text)
    __aeabi_f2uiz                            0x08000411   Thumb Code    40  ffixui.o(.text)
    __aeabi_f2d                              0x08000439   Thumb Code    38  f2d.o(.text)
    __aeabi_d2f                              0x0800045f   Thumb Code    56  d2f.o(.text)
    __aeabi_cfcmpeq                          0x08000499   Thumb Code     0  cfcmple.o(.text)
    __aeabi_cfcmple                          0x08000499   Thumb Code    20  cfcmple.o(.text)
    __aeabi_cfrcmple                         0x080004ad   Thumb Code    20  cfrcmple.o(.text)
    __aeabi_uidiv                            0x080004c1   Thumb Code     0  uidiv.o(.text)
    __aeabi_uidivmod                         0x080004c1   Thumb Code    44  uidiv.o(.text)
    __aeabi_uldivmod                         0x080004ed   Thumb Code    98  uldiv.o(.text)
    __I$use$fp                               0x0800054f   Thumb Code     0  iusefp.o(.text)
    _float_round                             0x0800054f   Thumb Code    18  fepilogue.o(.text)
    _float_epilogue                          0x08000561   Thumb Code    92  fepilogue.o(.text)
    _fsqrt                                   0x080005bd   Thumb Code    94  fsqrt.o(.text)
    _double_round                            0x0800061b   Thumb Code    30  depilogue.o(.text)
    _double_epilogue                         0x08000639   Thumb Code   156  depilogue.o(.text)
    __aeabi_dadd                             0x080006d5   Thumb Code   322  dadd.o(.text)
    __aeabi_dsub                             0x08000817   Thumb Code     6  dadd.o(.text)
    __aeabi_drsub                            0x0800081d   Thumb Code     6  dadd.o(.text)
    __aeabi_dmul                             0x08000823   Thumb Code   228  dmul.o(.text)
    __aeabi_d2ulz                            0x08000907   Thumb Code    48  dfixul.o(.text)
    __aeabi_cdrcmple                         0x08000939   Thumb Code    48  cdrcmple.o(.text)
    __scatterload                            0x08000969   Thumb Code    28  init.o(.text)
    __scatterload_rt2                        0x08000969   Thumb Code     0  init.o(.text)
    __aeabi_llsl                             0x0800098d   Thumb Code    30  llshl.o(.text)
    _ll_shift_l                              0x0800098d   Thumb Code     0  llshl.o(.text)
    __aeabi_llsr                             0x080009ab   Thumb Code    32  llushr.o(.text)
    _ll_ushift_r                             0x080009ab   Thumb Code     0  llushr.o(.text)
    __aeabi_lasr                             0x080009cb   Thumb Code    36  llsshr.o(.text)
    _ll_sshift_r                             0x080009cb   Thumb Code     0  llsshr.o(.text)
    __ARM_scalbnf                            0x080009ef   Thumb Code    24  fscalb.o(.text)
    scalbnf                                  0x080009ef   Thumb Code     0  fscalb.o(.text)
    __decompress                             0x08000a07   Thumb Code     0  __dczerorl2.o(.text)
    __decompress1                            0x08000a07   Thumb Code    86  __dczerorl2.o(.text)
    ADC_Cmd                                  0x08000a5d   Thumb Code    22  stm32f10x_adc.o(i.ADC_Cmd)
    ADC_GetCalibrationStatus                 0x08000a73   Thumb Code    20  stm32f10x_adc.o(i.ADC_GetCalibrationStatus)
    ADC_GetConversionValue                   0x08000a87   Thumb Code     8  stm32f10x_adc.o(i.ADC_GetConversionValue)
    ADC_GetFlagStatus                        0x08000a8f   Thumb Code    18  stm32f10x_adc.o(i.ADC_GetFlagStatus)
    ADC_GetResetCalibrationStatus            0x08000aa1   Thumb Code    20  stm32f10x_adc.o(i.ADC_GetResetCalibrationStatus)
    ADC_Init                                 0x08000ab5   Thumb Code    70  stm32f10x_adc.o(i.ADC_Init)
    ADC_RegularChannelConfig                 0x08000b05   Thumb Code   184  stm32f10x_adc.o(i.ADC_RegularChannelConfig)
    ADC_ResetCalibration                     0x08000bbd   Thumb Code    10  stm32f10x_adc.o(i.ADC_ResetCalibration)
    ADC_SoftwareStartConvCmd                 0x08000bc7   Thumb Code    22  stm32f10x_adc.o(i.ADC_SoftwareStartConvCmd)
    ADC_StartCalibration                     0x08000bdd   Thumb Code    10  stm32f10x_adc.o(i.ADC_StartCalibration)
    Action_Comfortable_NonBlocking           0x08000be9   Thumb Code    26  pwm.o(i.Action_Comfortable_NonBlocking)
    Action_Init                              0x08000c09   Thumb Code    58  pwm.o(i.Action_Init)
    Action_Sad_NonBlocking                   0x08000c45   Thumb Code    26  pwm.o(i.Action_Sad_NonBlocking)
    Action_Smile_NonBlocking                 0x08000c65   Thumb Code    26  pwm.o(i.Action_Smile_NonBlocking)
    Action_Struggle_NonBlocking              0x08000c85   Thumb Code   208  pwm.o(i.Action_Struggle_NonBlocking)
    App_MPU6050_Init                         0x08000d59   Thumb Code   128  mpu6050.o(i.App_MPU6050_Init)
    App_MPU6050_Update                       0x08000e05   Thumb Code   506  mpu6050.o(i.App_MPU6050_Update)
    App_PWM_Init                             0x08001049   Thumb Code   448  pwm.o(i.App_PWM_Init)
    Battery_GetVoltage                       0x08001325   Thumb Code     6  battery.o(i.Battery_GetVoltage)
    Battery_Init                             0x0800149d   Thumb Code    34  battery.o(i.Battery_Init)
    Battery_IsLow                            0x080014d5   Thumb Code    14  battery.o(i.Battery_IsLow)
    Battery_Update                           0x080014e9   Thumb Code    36  battery.o(i.Battery_Update)
    Battery_UpdateVoltage                    0x080015d9   Thumb Code    72  battery.o(i.Battery_UpdateVoltage)
    BusFault_Handler                         0x0800162d   Thumb Code     4  stm32f10x_it.o(i.BusFault_Handler)
    Complex_Dance_NonBlocking                0x08001631   Thumb Code   462  pwm.o(i.Complex_Dance_NonBlocking)
    Complex_Eat_NonBlocking                  0x08001805   Thumb Code    26  pwm.o(i.Complex_Eat_NonBlocking)
    DebugMon_Handler                         0x08001825   Thumb Code     2  stm32f10x_it.o(i.DebugMon_Handler)
    Delay_Init                               0x08001855   Thumb Code   192  delay.o(i.Delay_Init)
    Delay_ms                                 0x08001929   Thumb Code    32  delay.o(i.Delay_ms)
    Face_EnterStaticMode                     0x08001a91   Thumb Code    32  face.o(i.Face_EnterStaticMode)
    Face_ExitStaticMode                      0x08001abd   Thumb Code     8  face.o(i.Face_ExitStaticMode)
    Face_GetCurrentExpression                0x08001ac9   Thumb Code     6  face.o(i.Face_GetCurrentExpression)
    Face_Init                                0x08001ad5   Thumb Code    54  face.o(i.Face_Init)
    Face_IsStaticMode                        0x08001b19   Thumb Code     6  face.o(i.Face_IsStaticMode)
    Face_PlayFlashSequenceRange              0x08001b25   Thumb Code   110  face.o(i.Face_PlayFlashSequenceRange)
    Face_RequestExpression                   0x08001b99   Thumb Code   184  face.o(i.Face_RequestExpression)
    Face_Update                              0x08001c5d   Thumb Code   104  face.o(i.Face_Update)
    GPIO_Init                                0x08001ccd   Thumb Code   278  stm32f10x_gpio.o(i.GPIO_Init)
    GPIO_PinRemapConfig                      0x08001de5   Thumb Code   138  stm32f10x_gpio.o(i.GPIO_PinRemapConfig)
    GPIO_ReadInputDataBit                    0x08001e75   Thumb Code    18  stm32f10x_gpio.o(i.GPIO_ReadInputDataBit)
    GPIO_ResetBits                           0x08001e87   Thumb Code     4  stm32f10x_gpio.o(i.GPIO_ResetBits)
    GPIO_SetBits                             0x08001e8b   Thumb Code     4  stm32f10x_gpio.o(i.GPIO_SetBits)
    GPIO_WriteBit                            0x08001e8f   Thumb Code    10  stm32f10x_gpio.o(i.GPIO_WriteBit)
    GetTick                                  0x08001f95   Thumb Code    12  delay.o(i.GetTick)
    Get_Touch_State                          0x08001fa5   Thumb Code    14  touch.o(i.Get_Touch_State)
    HardFault_Handler                        0x08001fb9   Thumb Code     4  stm32f10x_it.o(i.HardFault_Handler)
    Head_Around_NonBlocking                  0x08001fbd   Thumb Code    26  pwm.o(i.Head_Around_NonBlocking)
    Head_Down_NonBlocking                    0x08001fdd   Thumb Code    26  pwm.o(i.Head_Down_NonBlocking)
    Head_LD_NonBlocking                      0x08001ffd   Thumb Code    26  pwm.o(i.Head_LD_NonBlocking)
    Head_LU_NonBlocking                      0x0800201d   Thumb Code    26  pwm.o(i.Head_LU_NonBlocking)
    Head_Left_NonBlocking                    0x0800203d   Thumb Code    26  pwm.o(i.Head_Left_NonBlocking)
    Head_RD_NonBlocking                      0x0800205d   Thumb Code    26  pwm.o(i.Head_RD_NonBlocking)
    Head_RU_NonBlocking                      0x0800207d   Thumb Code    26  pwm.o(i.Head_RU_NonBlocking)
    Head_Response_NonBlocking                0x0800209d   Thumb Code    26  pwm.o(i.Head_Response_NonBlocking)
    Head_Right_NonBlocking                   0x080020bd   Thumb Code    26  pwm.o(i.Head_Right_NonBlocking)
    Head_Shake_NonBlocking                   0x080020dd   Thumb Code    26  pwm.o(i.Head_Shake_NonBlocking)
    Head_Up_NonBlocking                      0x080020fd   Thumb Code    26  pwm.o(i.Head_Up_NonBlocking)
    IIC_delay                                0x0800211d   Thumb Code    16  oled.o(i.IIC_delay)
    IWDG_Enable                              0x0800212d   Thumb Code    10  stm32f10x_iwdg.o(i.IWDG_Enable)
    IWDG_Init                                0x0800213d   Thumb Code    34  main.o(i.IWDG_Init)
    IWDG_ReloadCounter                       0x08002161   Thumb Code    10  stm32f10x_iwdg.o(i.IWDG_ReloadCounter)
    IWDG_SetPrescaler                        0x08002171   Thumb Code     6  stm32f10x_iwdg.o(i.IWDG_SetPrescaler)
    IWDG_SetReload                           0x0800217d   Thumb Code     6  stm32f10x_iwdg.o(i.IWDG_SetReload)
    IWDG_WriteAccessCmd                      0x08002189   Thumb Code     6  stm32f10x_iwdg.o(i.IWDG_WriteAccessCmd)
    Is_Allow_Other_Actions                   0x0800220d   Thumb Code    48  touch.o(i.Is_Allow_Other_Actions)
    Is_Touching                              0x08002249   Thumb Code     6  touch.o(i.Is_Touching)
    MPU6050_GetCurrentState                  0x080022ad   Thumb Code     6  mpu6050.o(i.MPU6050_GetCurrentState)
    MPU6050_IgnoreActionsFor                 0x080022b9   Thumb Code    16  mpu6050.o(i.MPU6050_IgnoreActionsFor)
    MPU6050_IsAllowOtherActions              0x080022cd   Thumb Code    14  mpu6050.o(i.MPU6050_IsAllowOtherActions)
    MPU6050_NotifyVomitComplete              0x080022e1   Thumb Code    26  mpu6050.o(i.MPU6050_NotifyVomitComplete)
    MPU6050_RegisterActionCallback           0x08002305   Thumb Code     6  mpu6050.o(i.MPU6050_RegisterActionCallback)
    MPU6050_RegisterLieCallback              0x08002311   Thumb Code     6  mpu6050.o(i.MPU6050_RegisterLieCallback)
    MPU6050_RegisterStandCallback            0x0800231d   Thumb Code     6  mpu6050.o(i.MPU6050_RegisterStandCallback)
    MemManage_Handler                        0x08002329   Thumb Code     4  stm32f10x_it.o(i.MemManage_Handler)
    My_SI2C_Init                             0x0800232d   Thumb Code   218  si2c.o(i.My_SI2C_Init)
    My_SI2C_RegReadBytes                     0x08002419   Thumb Code   230  si2c.o(i.My_SI2C_RegReadBytes)
    My_SI2C_RegWriteBytes                    0x080024ff   Thumb Code   146  si2c.o(i.My_SI2C_RegWriteBytes)
    NMI_Handler                              0x08002591   Thumb Code     2  stm32f10x_it.o(i.NMI_Handler)
    NVIC_Init                                0x08002595   Thumb Code   100  misc.o(i.NVIC_Init)
    OLED_Clear                               0x08002605   Thumb Code    42  oled.o(i.OLED_Clear)
    OLED_DrawPoint                           0x08002635   Thumb Code   114  oled.o(i.OLED_DrawPoint)
    OLED_I2C_Start                           0x080026ad   Thumb Code    56  oled.o(i.OLED_I2C_Start)
    OLED_I2C_Stop                            0x080026e9   Thumb Code    38  oled.o(i.OLED_I2C_Stop)
    OLED_I2C_WaitAck                         0x08002715   Thumb Code    46  oled.o(i.OLED_I2C_WaitAck)
    OLED_Init                                0x08002749   Thumb Code   294  oled.o(i.OLED_Init)
    OLED_Refresh                             0x08002875   Thumb Code   100  oled.o(i.OLED_Refresh)
    OLED_Send_Byte                           0x080028dd   Thumb Code    78  oled.o(i.OLED_Send_Byte)
    OLED_ShowPicture                         0x08002931   Thumb Code   218  oled.o(i.OLED_ShowPicture)
    OLED_WR_Byte                             0x08002a0b   Thumb Code    56  oled.o(i.OLED_WR_Byte)
    PendSV_Handler                           0x08002a43   Thumb Code     2  stm32f10x_it.o(i.PendSV_Handler)
    RCC_APB1PeriphClockCmd                   0x08002b3d   Thumb Code    26  stm32f10x_rcc.o(i.RCC_APB1PeriphClockCmd)
    RCC_APB2PeriphClockCmd                   0x08002b5d   Thumb Code    26  stm32f10x_rcc.o(i.RCC_APB2PeriphClockCmd)
    RCC_GetClocksFreq                        0x08002b7d   Thumb Code   192  stm32f10x_rcc.o(i.RCC_GetClocksFreq)
    RandomFace_Init                          0x08002c51   Thumb Code    46  random.o(i.RandomFace_Init)
    RandomFace_SetEnable                     0x08002c8d   Thumb Code    26  random.o(i.RandomFace_SetEnable)
    RandomFace_Update                        0x08002cb1   Thumb Code    72  random.o(i.RandomFace_Update)
    SPI1_Init                                0x08002dd9   Thumb Code   164  spi.o(i.SPI1_Init)
    SPI_Cmd                                  0x08002e89   Thumb Code    24  stm32f10x_spi.o(i.SPI_Cmd)
    SPI_I2S_GetFlagStatus                    0x08002ea1   Thumb Code    18  stm32f10x_spi.o(i.SPI_I2S_GetFlagStatus)
    SPI_I2S_ReceiveData                      0x08002eb3   Thumb Code     6  stm32f10x_spi.o(i.SPI_I2S_ReceiveData)
    SPI_I2S_SendData                         0x08002eb9   Thumb Code     4  stm32f10x_spi.o(i.SPI_I2S_SendData)
    SPI_Init                                 0x08002ebd   Thumb Code    60  stm32f10x_spi.o(i.SPI_Init)
    SPI_TransmitReceive                      0x08002ef9   Thumb Code   158  spi.o(i.SPI_TransmitReceive)
    SVC_Handler                              0x08002fa1   Thumb Code     2  stm32f10x_it.o(i.SVC_Handler)
    Servo_ExecuteSequence                    0x080030e9   Thumb Code   112  pwm.o(i.Servo_ExecuteSequence)
    Servo_GetState                           0x08003171   Thumb Code    24  pwm.o(i.Servo_GetState)
    Servo_IsSequenceCompleted                0x0800318d   Thumb Code     6  pwm.o(i.Servo_IsSequenceCompleted)
    Servo_Set_NonBlocking                    0x08003199   Thumb Code    82  pwm.o(i.Servo_Set_NonBlocking)
    Servo_Set_simple                         0x080031f5   Thumb Code   118  pwm.o(i.Servo_Set_simple)
    Servo_StopSequence                       0x08003275   Thumb Code    46  pwm.o(i.Servo_StopSequence)
    Servo_UpdateSequence                     0x080032b5   Thumb Code   218  pwm.o(i.Servo_UpdateSequence)
    Servo_Update_NonBlocking                 0x080033a9   Thumb Code   258  pwm.o(i.Servo_Update_NonBlocking)
    SysTick_Handler                          0x0800363d   Thumb Code    24  stm32f10x_it.o(i.SysTick_Handler)
    SystemInit                               0x08003659   Thumb Code    78  system_stm32f10x.o(i.SystemInit)
    SystemManager_Init                       0x080036b9   Thumb Code    92  system_manager.o(i.SystemManager_Init)
    SystemManager_Run                        0x080037b1   Thumb Code    24  system_manager.o(i.SystemManager_Run)
    SystemManager_Start                      0x080037cd   Thumb Code    74  system_manager.o(i.SystemManager_Start)
    SystemManager_UpdateSpecialCases         0x08003821   Thumb Code   360  system_manager.o(i.SystemManager_UpdateSpecialCases)
    TIM_ARRPreloadConfig                     0x08003a75   Thumb Code    24  stm32f10x_tim.o(i.TIM_ARRPreloadConfig)
    TIM_CCPreloadControl                     0x08003a8d   Thumb Code    24  stm32f10x_tim.o(i.TIM_CCPreloadControl)
    TIM_Cmd                                  0x08003aa5   Thumb Code    24  stm32f10x_tim.o(i.TIM_Cmd)
    TIM_CtrlPWMOutputs                       0x08003abd   Thumb Code    30  stm32f10x_tim.o(i.TIM_CtrlPWMOutputs)
    TIM_OC1Init                              0x08003add   Thumb Code   132  stm32f10x_tim.o(i.TIM_OC1Init)
    TIM_OC1PreloadConfig                     0x08003b75   Thumb Code    18  stm32f10x_tim.o(i.TIM_OC1PreloadConfig)
    TIM_OC2Init                              0x08003b89   Thumb Code   154  stm32f10x_tim.o(i.TIM_OC2Init)
    TIM_OC2PreloadConfig                     0x08003c2d   Thumb Code    26  stm32f10x_tim.o(i.TIM_OC2PreloadConfig)
    TIM_OC3Init                              0x08003c49   Thumb Code   150  stm32f10x_tim.o(i.TIM_OC3Init)
    TIM_OC3PreloadConfig                     0x08003ce9   Thumb Code    18  stm32f10x_tim.o(i.TIM_OC3PreloadConfig)
    TIM_OC4Init                              0x08003cfd   Thumb Code   114  stm32f10x_tim.o(i.TIM_OC4Init)
    TIM_OC4PreloadConfig                     0x08003d79   Thumb Code    26  stm32f10x_tim.o(i.TIM_OC4PreloadConfig)
    TIM_SetCompare1                          0x08003d93   Thumb Code     4  stm32f10x_tim.o(i.TIM_SetCompare1)
    TIM_SetCompare2                          0x08003d97   Thumb Code     4  stm32f10x_tim.o(i.TIM_SetCompare2)
    TIM_SetCompare3                          0x08003d9b   Thumb Code     4  stm32f10x_tim.o(i.TIM_SetCompare3)
    TIM_SetCompare4                          0x08003d9f   Thumb Code     6  stm32f10x_tim.o(i.TIM_SetCompare4)
    TIM_TimeBaseInit                         0x08003da5   Thumb Code   122  stm32f10x_tim.o(i.TIM_TimeBaseInit)
    TaskScheduler_Init                       0x08003e49   Thumb Code    48  task_scheduler.o(i.TaskScheduler_Init)
    TaskScheduler_Register                   0x08003e85   Thumb Code   136  task_scheduler.o(i.TaskScheduler_Register)
    TaskScheduler_Run                        0x08003f15   Thumb Code   126  task_scheduler.o(i.TaskScheduler_Run)
    TaskScheduler_Start                      0x08003fa1   Thumb Code     8  task_scheduler.o(i.TaskScheduler_Start)
    Touch_Init                               0x08004009   Thumb Code    96  touch.o(i.Touch_Init)
    Touch_Process                            0x0800409d   Thumb Code   276  touch.o(i.Touch_Process)
    USART1_Config                            0x080041dd   Thumb Code   178  usart.o(i.USART1_Config)
    USART1_IRQHandler                        0x080042a1   Thumb Code     8  stm32f10x_it.o(i.USART1_IRQHandler)
    USART1_IRQHandler_Impl                   0x080042a9   Thumb Code    42  usart.o(i.USART1_IRQHandler_Impl)
    USART_ClearITPendingBit                  0x080042d9   Thumb Code    30  stm32f10x_usart.o(i.USART_ClearITPendingBit)
    USART_Cmd                                0x080042f7   Thumb Code    24  stm32f10x_usart.o(i.USART_Cmd)
    USART_GetFlagStatus                      0x0800430f   Thumb Code    26  stm32f10x_usart.o(i.USART_GetFlagStatus)
    USART_GetITStatus                        0x08004329   Thumb Code    84  stm32f10x_usart.o(i.USART_GetITStatus)
    USART_ITConfig                           0x0800437d   Thumb Code    74  stm32f10x_usart.o(i.USART_ITConfig)
    USART_Init                               0x080043c9   Thumb Code   210  stm32f10x_usart.o(i.USART_Init)
    USART_ProcessVoiceData                   0x080044a1   Thumb Code    58  usart.o(i.USART_ProcessVoiceData)
    USART_ReceiveData                        0x080044e1   Thumb Code    10  stm32f10x_usart.o(i.USART_ReceiveData)
    USART_RegisterVoiceCallback              0x080044ed   Thumb Code     6  usart.o(i.USART_RegisterVoiceCallback)
    USART_SendData                           0x080044f9   Thumb Code     8  stm32f10x_usart.o(i.USART_SendData)
    UsageFault_Handler                       0x080047b9   Thumb Code     4  stm32f10x_it.o(i.UsageFault_Handler)
    VoiceCommand_To_FaceType                 0x080049cd   Thumb Code   182  face.o(i.VoiceCommand_To_FaceType)
    W25Q64_Init                              0x08004a85   Thumb Code    60  w25q64.o(i.W25Q64_Init)
    W25Q64_ReadData                          0x08004ac5   Thumb Code   110  w25q64.o(i.W25Q64_ReadData)
    W25Q64_ReadID                            0x08004b3d   Thumb Code    74  w25q64.o(i.W25Q64_ReadID)
    __0printf                                0x08004b8d   Thumb Code    22  printfa.o(i.__0printf)
    __1printf                                0x08004b8d   Thumb Code     0  printfa.o(i.__0printf)
    __2printf                                0x08004b8d   Thumb Code     0  printfa.o(i.__0printf)
    __c89printf                              0x08004b8d   Thumb Code     0  printfa.o(i.__0printf)
    printf                                   0x08004b8d   Thumb Code     0  printfa.o(i.__0printf)
    __ARM_fpclassifyf                        0x08004bad   Thumb Code    38  fpclassifyf.o(i.__ARM_fpclassifyf)
    __mathlib_flt_infnan2                    0x08004bd3   Thumb Code     4  funder.o(i.__mathlib_flt_infnan2)
    __mathlib_flt_underflow                  0x08004bd7   Thumb Code    10  funder.o(i.__mathlib_flt_underflow)
    __scatterload_copy                       0x08004be1   Thumb Code    14  handlers.o(i.__scatterload_copy)
    __scatterload_null                       0x08004bef   Thumb Code     2  handlers.o(i.__scatterload_null)
    __scatterload_zeroinit                   0x08004bf1   Thumb Code    14  handlers.o(i.__scatterload_zeroinit)
    __set_errno                              0x08004c01   Thumb Code     6  errno.o(i.__set_errno)
    atan2f                                   0x08005681   Thumb Code   528  atan2f.o(i.atan2f)
    delay                                    0x080058dd   Thumb Code    14  si2c.o(i.delay)
    fputc                                    0x080058ed   Thumb Code    32  usart.o(i.fputc)
    main                                     0x08005995   Thumb Code    30  main.o(i.main)
    sqrtf                                    0x08005c05   Thumb Code    44  sqrtf.o(i.sqrtf)
    Region$$Table$$Base                      0x08006b88   Number         0  anon$$obj.o(Region$$Table)
    Region$$Table$$Limit                     0x08006ba8   Number         0  anon$$obj.o(Region$$Table)
    ulTicks                                  0x20000484   Data           4  delay.o(.data)
    __stdout                                 0x2000054c   Data           4  stdout.o(.data)
    OLED_GRAM                                0x20000cdc   Data        1152  oled.o(.bss)
    __initial_sp                             0x20001560   Data           0  startup_stm32f10x_md.o(STACK)



==============================================================================

Memory Map of the image

  Image Entry point : 0x080000ed

  Load Region LR_IROM1 (Base: 0x08000000, Size: 0x000070fc, Max: 0x00010000, ABSOLUTE, COMPRESSED[0x00006bdc])

    Execution Region ER_IROM1 (Exec base: 0x08000000, Load base: 0x08000000, Size: 0x00006ba8, Max: 0x00010000, ABSOLUTE)

    Exec Addr    Load Addr    Size         Type   Attr      Idx    E Section Name        Object

    0x08000000   0x08000000   0x000000ec   Data   RO            3    RESET               startup_stm32f10x_md.o
    0x080000ec   0x080000ec   0x00000000   Code   RO         4881  * .ARM.Collect$$$$00000000  mc_w.l(entry.o)
    0x080000ec   0x080000ec   0x00000004   Code   RO         5191    .ARM.Collect$$$$00000001  mc_w.l(entry2.o)
    0x080000f0   0x080000f0   0x00000004   Code   RO         5194    .ARM.Collect$$$$00000004  mc_w.l(entry5.o)
    0x080000f4   0x080000f4   0x00000000   Code   RO         5196    .ARM.Collect$$$$00000008  mc_w.l(entry7b.o)
    0x080000f4   0x080000f4   0x00000000   Code   RO         5198    .ARM.Collect$$$$0000000A  mc_w.l(entry8b.o)
    0x080000f4   0x080000f4   0x00000008   Code   RO         5199    .ARM.Collect$$$$0000000B  mc_w.l(entry9a.o)
    0x080000fc   0x080000fc   0x00000000   Code   RO         5201    .ARM.Collect$$$$0000000D  mc_w.l(entry10a.o)
    0x080000fc   0x080000fc   0x00000000   Code   RO         5203    .ARM.Collect$$$$0000000F  mc_w.l(entry11a.o)
    0x080000fc   0x080000fc   0x00000004   Code   RO         5192    .ARM.Collect$$$$00002712  mc_w.l(entry2.o)
    0x08000100   0x08000100   0x00000024   Code   RO            4    .text               startup_stm32f10x_md.o
    0x08000124   0x08000124   0x00000024   Code   RO         4884    .text               mc_w.l(memcpya.o)
    0x08000148   0x08000148   0x00000024   Code   RO         4886    .text               mc_w.l(memseta.o)
    0x0800016c   0x0800016c   0x000000b0   Code   RO         5151    .text               mf_w.l(fadd.o)
    0x0800021c   0x0800021c   0x00000064   Code   RO         5153    .text               mf_w.l(fmul.o)
    0x08000280   0x08000280   0x0000007c   Code   RO         5155    .text               mf_w.l(fdiv.o)
    0x080002fc   0x080002fc   0x000000de   Code   RO         5157    .text               mf_w.l(ddiv.o)
    0x080003da   0x080003da   0x00000012   Code   RO         5159    .text               mf_w.l(fflti.o)
    0x080003ec   0x080003ec   0x0000000a   Code   RO         5161    .text               mf_w.l(ffltui.o)
    0x080003f6   0x080003f6   0x0000001a   Code   RO         5163    .text               mf_w.l(dfltui.o)
    0x08000410   0x08000410   0x00000028   Code   RO         5165    .text               mf_w.l(ffixui.o)
    0x08000438   0x08000438   0x00000026   Code   RO         5167    .text               mf_w.l(f2d.o)
    0x0800045e   0x0800045e   0x00000038   Code   RO         5169    .text               mf_w.l(d2f.o)
    0x08000496   0x08000496   0x00000002   PAD
    0x08000498   0x08000498   0x00000014   Code   RO         5171    .text               mf_w.l(cfcmple.o)
    0x080004ac   0x080004ac   0x00000014   Code   RO         5173    .text               mf_w.l(cfrcmple.o)
    0x080004c0   0x080004c0   0x0000002c   Code   RO         5206    .text               mc_w.l(uidiv.o)
    0x080004ec   0x080004ec   0x00000062   Code   RO         5208    .text               mc_w.l(uldiv.o)
    0x0800054e   0x0800054e   0x00000000   Code   RO         5217    .text               mc_w.l(iusefp.o)
    0x0800054e   0x0800054e   0x0000006e   Code   RO         5218    .text               mf_w.l(fepilogue.o)
    0x080005bc   0x080005bc   0x0000005e   Code   RO         5220    .text               mf_w.l(fsqrt.o)
    0x0800061a   0x0800061a   0x000000ba   Code   RO         5222    .text               mf_w.l(depilogue.o)
    0x080006d4   0x080006d4   0x0000014e   Code   RO         5224    .text               mf_w.l(dadd.o)
    0x08000822   0x08000822   0x000000e4   Code   RO         5226    .text               mf_w.l(dmul.o)
    0x08000906   0x08000906   0x00000030   Code   RO         5228    .text               mf_w.l(dfixul.o)
    0x08000936   0x08000936   0x00000002   PAD
    0x08000938   0x08000938   0x00000030   Code   RO         5230    .text               mf_w.l(cdrcmple.o)
    0x08000968   0x08000968   0x00000024   Code   RO         5232    .text               mc_w.l(init.o)
    0x0800098c   0x0800098c   0x0000001e   Code   RO         5234    .text               mc_w.l(llshl.o)
    0x080009aa   0x080009aa   0x00000020   Code   RO         5236    .text               mc_w.l(llushr.o)
    0x080009ca   0x080009ca   0x00000024   Code   RO         5238    .text               mc_w.l(llsshr.o)
    0x080009ee   0x080009ee   0x00000018   Code   RO         5240    .text               mf_w.l(fscalb.o)
    0x08000a06   0x08000a06   0x00000056   Code   RO         5250    .text               mc_w.l(__dczerorl2.o)
    0x08000a5c   0x08000a5c   0x00000016   Code   RO          202    i.ADC_Cmd           stm32f10x_adc.o
    0x08000a72   0x08000a72   0x00000014   Code   RO          210    i.ADC_GetCalibrationStatus  stm32f10x_adc.o
    0x08000a86   0x08000a86   0x00000008   Code   RO          211    i.ADC_GetConversionValue  stm32f10x_adc.o
    0x08000a8e   0x08000a8e   0x00000012   Code   RO          213    i.ADC_GetFlagStatus  stm32f10x_adc.o
    0x08000aa0   0x08000aa0   0x00000014   Code   RO          216    i.ADC_GetResetCalibrationStatus  stm32f10x_adc.o
    0x08000ab4   0x08000ab4   0x00000050   Code   RO          220    i.ADC_Init          stm32f10x_adc.o
    0x08000b04   0x08000b04   0x000000b8   Code   RO          224    i.ADC_RegularChannelConfig  stm32f10x_adc.o
    0x08000bbc   0x08000bbc   0x0000000a   Code   RO          225    i.ADC_ResetCalibration  stm32f10x_adc.o
    0x08000bc6   0x08000bc6   0x00000016   Code   RO          227    i.ADC_SoftwareStartConvCmd  stm32f10x_adc.o
    0x08000bdc   0x08000bdc   0x0000000a   Code   RO          229    i.ADC_StartCalibration  stm32f10x_adc.o
    0x08000be6   0x08000be6   0x00000002   PAD
    0x08000be8   0x08000be8   0x00000020   Code   RO         3424    i.Action_Comfortable_NonBlocking  pwm.o
    0x08000c08   0x08000c08   0x0000003a   Code   RO         3425    i.Action_Init       pwm.o
    0x08000c42   0x08000c42   0x00000002   PAD
    0x08000c44   0x08000c44   0x00000020   Code   RO         3427    i.Action_Sad_NonBlocking  pwm.o
    0x08000c64   0x08000c64   0x00000020   Code   RO         3429    i.Action_Smile_NonBlocking  pwm.o
    0x08000c84   0x08000c84   0x000000d4   Code   RO         3430    i.Action_Struggle_NonBlocking  pwm.o
    0x08000d58   0x08000d58   0x000000ac   Code   RO         4036    i.App_MPU6050_Init  mpu6050.o
    0x08000e04   0x08000e04   0x00000244   Code   RO         4037    i.App_MPU6050_Update  mpu6050.o
    0x08001048   0x08001048   0x000001d8   Code   RO         3431    i.App_PWM_Init      pwm.o
    0x08001220   0x08001220   0x0000008c   Code   RO         4472    i.Battery_ADC_Init  battery.o
    0x080012ac   0x080012ac   0x0000003c   Code   RO         4473    i.Battery_ADC_Read  battery.o
    0x080012e8   0x080012e8   0x0000003c   Code   RO         4474    i.Battery_CalculateVoltage  battery.o
    0x08001324   0x08001324   0x0000000c   Code   RO         4478    i.Battery_GetVoltage  battery.o
    0x08001330   0x08001330   0x0000016c   Code   RO         4269    i.Battery_HandleLowPower  system_manager.o
    0x0800149c   0x0800149c   0x00000038   Code   RO         4479    i.Battery_Init      battery.o
    0x080014d4   0x080014d4   0x00000014   Code   RO         4481    i.Battery_IsLow     battery.o
    0x080014e8   0x080014e8   0x00000028   Code   RO         4482    i.Battery_Update    battery.o
    0x08001510   0x08001510   0x000000c8   Code   RO         4483    i.Battery_UpdateState  battery.o
    0x080015d8   0x080015d8   0x00000054   Code   RO         4484    i.Battery_UpdateVoltage  battery.o
    0x0800162c   0x0800162c   0x00000004   Code   RO         4795    i.BusFault_Handler  stm32f10x_it.o
    0x08001630   0x08001630   0x000001d4   Code   RO         3432    i.Complex_Dance_NonBlocking  pwm.o
    0x08001804   0x08001804   0x00000020   Code   RO         3433    i.Complex_Eat_NonBlocking  pwm.o
    0x08001824   0x08001824   0x00000002   Code   RO         4796    i.DebugMon_Handler  stm32f10x_it.o
    0x08001826   0x08001826   0x00000002   PAD
    0x08001828   0x08001828   0x00000018   Code   RO         3902    i.Default_Touch_End_Handler  touch.o
    0x08001840   0x08001840   0x00000012   Code   RO         3903    i.Default_Touch_Start_Handler  touch.o
    0x08001852   0x08001852   0x00000002   PAD
    0x08001854   0x08001854   0x000000d4   Code   RO         3987    i.Delay_Init        delay.o
    0x08001928   0x08001928   0x00000024   Code   RO         3988    i.Delay_ms          delay.o
    0x0800194c   0x0800194c   0x00000058   Code   RO         3250    i.DisplayFrame      face.o
    0x080019a4   0x080019a4   0x000000ec   Code   RO         4270    i.ExpressionWithServo  system_manager.o
    0x08001a90   0x08001a90   0x0000002c   Code   RO         3252    i.Face_EnterStaticMode  face.o
    0x08001abc   0x08001abc   0x0000000c   Code   RO         3253    i.Face_ExitStaticMode  face.o
    0x08001ac8   0x08001ac8   0x0000000c   Code   RO         3254    i.Face_GetCurrentExpression  face.o
    0x08001ad4   0x08001ad4   0x00000044   Code   RO         3258    i.Face_Init         face.o
    0x08001b18   0x08001b18   0x0000000c   Code   RO         3259    i.Face_IsStaticMode  face.o
    0x08001b24   0x08001b24   0x00000074   Code   RO         3260    i.Face_PlayFlashSequenceRange  face.o
    0x08001b98   0x08001b98   0x000000c4   Code   RO         3261    i.Face_RequestExpression  face.o
    0x08001c5c   0x08001c5c   0x00000070   Code   RO         3264    i.Face_Update       face.o
    0x08001ccc   0x08001ccc   0x00000116   Code   RO         1347    i.GPIO_Init         stm32f10x_gpio.o
    0x08001de2   0x08001de2   0x00000002   PAD
    0x08001de4   0x08001de4   0x00000090   Code   RO         1349    i.GPIO_PinRemapConfig  stm32f10x_gpio.o
    0x08001e74   0x08001e74   0x00000012   Code   RO         1351    i.GPIO_ReadInputDataBit  stm32f10x_gpio.o
    0x08001e86   0x08001e86   0x00000004   Code   RO         1354    i.GPIO_ResetBits    stm32f10x_gpio.o
    0x08001e8a   0x08001e8a   0x00000004   Code   RO         1355    i.GPIO_SetBits      stm32f10x_gpio.o
    0x08001e8e   0x08001e8e   0x0000000a   Code   RO         1358    i.GPIO_WriteBit     stm32f10x_gpio.o
    0x08001e98   0x08001e98   0x00000034   Code   RO         3817    i.GetBuffer         usart.o
    0x08001ecc   0x08001ecc   0x00000018   Code   RO         3265    i.GetRandomDelay    face.o
    0x08001ee4   0x08001ee4   0x00000026   Code   RO         3748    i.GetRandomInRange  random.o
    0x08001f0a   0x08001f0a   0x0000005c   Code   RO         3266    i.GetSingleFrameAddress  face.o
    0x08001f66   0x08001f66   0x00000002   PAD
    0x08001f68   0x08001f68   0x0000002c   Code   RO         3267    i.GetSingleFrameDisplayTime  face.o
    0x08001f94   0x08001f94   0x00000010   Code   RO         3990    i.GetTick           delay.o
    0x08001fa4   0x08001fa4   0x00000014   Code   RO         3905    i.Get_Touch_State   touch.o
    0x08001fb8   0x08001fb8   0x00000004   Code   RO         4797    i.HardFault_Handler  stm32f10x_it.o
    0x08001fbc   0x08001fbc   0x00000020   Code   RO         3434    i.Head_Around_NonBlocking  pwm.o
    0x08001fdc   0x08001fdc   0x00000020   Code   RO         3435    i.Head_Down_NonBlocking  pwm.o
    0x08001ffc   0x08001ffc   0x00000020   Code   RO         3436    i.Head_LD_NonBlocking  pwm.o
    0x0800201c   0x0800201c   0x00000020   Code   RO         3437    i.Head_LU_NonBlocking  pwm.o
    0x0800203c   0x0800203c   0x00000020   Code   RO         3438    i.Head_Left_NonBlocking  pwm.o
    0x0800205c   0x0800205c   0x00000020   Code   RO         3440    i.Head_RD_NonBlocking  pwm.o
    0x0800207c   0x0800207c   0x00000020   Code   RO         3441    i.Head_RU_NonBlocking  pwm.o
    0x0800209c   0x0800209c   0x00000020   Code   RO         3442    i.Head_Response_NonBlocking  pwm.o
    0x080020bc   0x080020bc   0x00000020   Code   RO         3443    i.Head_Right_NonBlocking  pwm.o
    0x080020dc   0x080020dc   0x00000020   Code   RO         3444    i.Head_Shake_NonBlocking  pwm.o
    0x080020fc   0x080020fc   0x00000020   Code   RO         3445    i.Head_Up_NonBlocking  pwm.o
    0x0800211c   0x0800211c   0x00000010   Code   RO         4605    i.IIC_delay         oled.o
    0x0800212c   0x0800212c   0x00000010   Code   RO         1665    i.IWDG_Enable       stm32f10x_iwdg.o
    0x0800213c   0x0800213c   0x00000022   Code   RO         4762    i.IWDG_Init         main.o
    0x0800215e   0x0800215e   0x00000002   PAD
    0x08002160   0x08002160   0x00000010   Code   RO         1667    i.IWDG_ReloadCounter  stm32f10x_iwdg.o
    0x08002170   0x08002170   0x0000000c   Code   RO         1668    i.IWDG_SetPrescaler  stm32f10x_iwdg.o
    0x0800217c   0x0800217c   0x0000000c   Code   RO         1669    i.IWDG_SetReload    stm32f10x_iwdg.o
    0x08002188   0x08002188   0x0000000c   Code   RO         1670    i.IWDG_WriteAccessCmd  stm32f10x_iwdg.o
    0x08002194   0x08002194   0x0000001c   Code   RO         3818    i.IsBufferEmpty     usart.o
    0x080021b0   0x080021b0   0x0000002c   Code   RO         3819    i.IsBufferFull      usart.o
    0x080021dc   0x080021dc   0x00000030   Code   RO         4271    i.IsVoiceCommandAllowed  system_manager.o
    0x0800220c   0x0800220c   0x0000003c   Code   RO         3906    i.Is_Allow_Other_Actions  touch.o
    0x08002248   0x08002248   0x0000000c   Code   RO         3907    i.Is_Touching       touch.o
    0x08002254   0x08002254   0x00000058   Code   RO         4272    i.MPU6050_ActionHandler  system_manager.o
    0x080022ac   0x080022ac   0x0000000c   Code   RO         4039    i.MPU6050_GetCurrentState  mpu6050.o
    0x080022b8   0x080022b8   0x00000014   Code   RO         4040    i.MPU6050_IgnoreActionsFor  mpu6050.o
    0x080022cc   0x080022cc   0x00000014   Code   RO         4041    i.MPU6050_IsAllowOtherActions  mpu6050.o
    0x080022e0   0x080022e0   0x00000024   Code   RO         4042    i.MPU6050_NotifyVomitComplete  mpu6050.o
    0x08002304   0x08002304   0x0000000c   Code   RO         4043    i.MPU6050_RegisterActionCallback  mpu6050.o
    0x08002310   0x08002310   0x0000000c   Code   RO         4044    i.MPU6050_RegisterLieCallback  mpu6050.o
    0x0800231c   0x0800231c   0x0000000c   Code   RO         4045    i.MPU6050_RegisterStandCallback  mpu6050.o
    0x08002328   0x08002328   0x00000004   Code   RO         4798    i.MemManage_Handler  stm32f10x_it.o
    0x0800232c   0x0800232c   0x000000ec   Code   RO         4212    i.My_SI2C_Init      si2c.o
    0x08002418   0x08002418   0x000000e6   Code   RO         4214    i.My_SI2C_RegReadBytes  si2c.o
    0x080024fe   0x080024fe   0x00000092   Code   RO         4215    i.My_SI2C_RegWriteBytes  si2c.o
    0x08002590   0x08002590   0x00000002   Code   RO         4799    i.NMI_Handler       stm32f10x_it.o
    0x08002592   0x08002592   0x00000002   PAD
    0x08002594   0x08002594   0x00000070   Code   RO          137    i.NVIC_Init         misc.o
    0x08002604   0x08002604   0x00000030   Code   RO         4606    i.OLED_Clear        oled.o
    0x08002634   0x08002634   0x00000078   Code   RO         4613    i.OLED_DrawPoint    oled.o
    0x080026ac   0x080026ac   0x0000003c   Code   RO         4614    i.OLED_I2C_Start    oled.o
    0x080026e8   0x080026e8   0x0000002c   Code   RO         4615    i.OLED_I2C_Stop     oled.o
    0x08002714   0x08002714   0x00000034   Code   RO         4616    i.OLED_I2C_WaitAck  oled.o
    0x08002748   0x08002748   0x0000012c   Code   RO         4617    i.OLED_Init         oled.o
    0x08002874   0x08002874   0x00000068   Code   RO         4619    i.OLED_Refresh      oled.o
    0x080028dc   0x080028dc   0x00000054   Code   RO         4621    i.OLED_Send_Byte    oled.o
    0x08002930   0x08002930   0x000000da   Code   RO         4625    i.OLED_ShowPicture  oled.o
    0x08002a0a   0x08002a0a   0x00000038   Code   RO         4627    i.OLED_WR_Byte      oled.o
    0x08002a42   0x08002a42   0x00000002   Code   RO         4800    i.PendSV_Handler    stm32f10x_it.o
    0x08002a44   0x08002a44   0x00000070   Code   RO         3749    i.PlayRandomFace    random.o
    0x08002ab4   0x08002ab4   0x00000054   Code   RO         3820    i.ProcessVoiceCommand  usart.o
    0x08002b08   0x08002b08   0x00000034   Code   RO         3821    i.PutBuffer         usart.o
    0x08002b3c   0x08002b3c   0x00000020   Code   RO         1775    i.RCC_APB1PeriphClockCmd  stm32f10x_rcc.o
    0x08002b5c   0x08002b5c   0x00000020   Code   RO         1777    i.RCC_APB2PeriphClockCmd  stm32f10x_rcc.o
    0x08002b7c   0x08002b7c   0x000000d4   Code   RO         1785    i.RCC_GetClocksFreq  stm32f10x_rcc.o
    0x08002c50   0x08002c50   0x0000003c   Code   RO         3751    i.RandomFace_Init   random.o
    0x08002c8c   0x08002c8c   0x00000024   Code   RO         3753    i.RandomFace_SetEnable  random.o
    0x08002cb0   0x08002cb0   0x00000050   Code   RO         3755    i.RandomFace_Update  random.o
    0x08002d00   0x08002d00   0x00000088   Code   RO         4217    i.ReceiveByte       si2c.o
    0x08002d88   0x08002d88   0x00000050   Code   RO         3268    i.ResetFaceState    face.o
    0x08002dd8   0x08002dd8   0x000000b0   Code   RO         3663    i.SPI1_Init         spi.o
    0x08002e88   0x08002e88   0x00000018   Code   RO         2263    i.SPI_Cmd           stm32f10x_spi.o
    0x08002ea0   0x08002ea0   0x00000012   Code   RO         2271    i.SPI_I2S_GetFlagStatus  stm32f10x_spi.o
    0x08002eb2   0x08002eb2   0x00000006   Code   RO         2274    i.SPI_I2S_ReceiveData  stm32f10x_spi.o
    0x08002eb8   0x08002eb8   0x00000004   Code   RO         2275    i.SPI_I2S_SendData  stm32f10x_spi.o
    0x08002ebc   0x08002ebc   0x0000003c   Code   RO         2276    i.SPI_Init          stm32f10x_spi.o
    0x08002ef8   0x08002ef8   0x000000a8   Code   RO         3664    i.SPI_TransmitReceive  spi.o
    0x08002fa0   0x08002fa0   0x00000002   Code   RO         4801    i.SVC_Handler       stm32f10x_it.o
    0x08002fa2   0x08002fa2   0x00000002   PAD
    0x08002fa4   0x08002fa4   0x00000078   Code   RO         3756    i.SelectRandomFace  random.o
    0x0800301c   0x0800301c   0x00000086   Code   RO         4218    i.SendByte          si2c.o
    0x080030a2   0x080030a2   0x00000046   Code   RO         4219    i.SendStop          si2c.o
    0x080030e8   0x080030e8   0x00000088   Code   RO         3448    i.Servo_ExecuteSequence  pwm.o
    0x08003170   0x08003170   0x0000001c   Code   RO         3450    i.Servo_GetState    pwm.o
    0x0800318c   0x0800318c   0x0000000c   Code   RO         3451    i.Servo_IsSequenceCompleted  pwm.o
    0x08003198   0x08003198   0x0000005c   Code   RO         3454    i.Servo_Set_NonBlocking  pwm.o
    0x080031f4   0x080031f4   0x00000080   Code   RO         3455    i.Servo_Set_simple  pwm.o
    0x08003274   0x08003274   0x00000040   Code   RO         3456    i.Servo_StopSequence  pwm.o
    0x080032b4   0x080032b4   0x000000f4   Code   RO         3457    i.Servo_UpdateSequence  pwm.o
    0x080033a8   0x080033a8   0x0000010c   Code   RO         3458    i.Servo_Update_NonBlocking  pwm.o
    0x080034b4   0x080034b4   0x00000008   Code   RO           24    i.SetSysClock       system_stm32f10x.o
    0x080034bc   0x080034bc   0x000000e0   Code   RO           25    i.SetSysClockTo72   system_stm32f10x.o
    0x0800359c   0x0800359c   0x00000064   Code   RO         3757    i.ShouldPlayNewFace  random.o
    0x08003600   0x08003600   0x0000003c   Code   RO         3909    i.Start_Shy_Action  touch.o
    0x0800363c   0x0800363c   0x0000001c   Code   RO         4802    i.SysTick_Handler   stm32f10x_it.o
    0x08003658   0x08003658   0x00000060   Code   RO           27    i.SystemInit        system_stm32f10x.o
    0x080036b8   0x080036b8   0x00000070   Code   RO         4275    i.SystemManager_Init  system_manager.o
    0x08003728   0x08003728   0x0000004c   Code   RO         4276    i.SystemManager_OnLieDown  system_manager.o
    0x08003774   0x08003774   0x0000003c   Code   RO         4277    i.SystemManager_OnStandUp  system_manager.o
    0x080037b0   0x080037b0   0x0000001c   Code   RO         4279    i.SystemManager_Run  system_manager.o
    0x080037cc   0x080037cc   0x00000054   Code   RO         4280    i.SystemManager_Start  system_manager.o
    0x08003820   0x08003820   0x00000188   Code   RO         4281    i.SystemManager_UpdateSpecialCases  system_manager.o
    0x080039a8   0x080039a8   0x000000cc   Code   RO         4282    i.System_RegisterTasks  system_manager.o
    0x08003a74   0x08003a74   0x00000018   Code   RO         2409    i.TIM_ARRPreloadConfig  stm32f10x_tim.o
    0x08003a8c   0x08003a8c   0x00000018   Code   RO         2412    i.TIM_CCPreloadControl  stm32f10x_tim.o
    0x08003aa4   0x08003aa4   0x00000018   Code   RO         2421    i.TIM_Cmd           stm32f10x_tim.o
    0x08003abc   0x08003abc   0x0000001e   Code   RO         2423    i.TIM_CtrlPWMOutputs  stm32f10x_tim.o
    0x08003ada   0x08003ada   0x00000002   PAD
    0x08003adc   0x08003adc   0x00000098   Code   RO         2450    i.TIM_OC1Init       stm32f10x_tim.o
    0x08003b74   0x08003b74   0x00000012   Code   RO         2453    i.TIM_OC1PreloadConfig  stm32f10x_tim.o
    0x08003b86   0x08003b86   0x00000002   PAD
    0x08003b88   0x08003b88   0x000000a4   Code   RO         2455    i.TIM_OC2Init       stm32f10x_tim.o
    0x08003c2c   0x08003c2c   0x0000001a   Code   RO         2458    i.TIM_OC2PreloadConfig  stm32f10x_tim.o
    0x08003c46   0x08003c46   0x00000002   PAD
    0x08003c48   0x08003c48   0x000000a0   Code   RO         2460    i.TIM_OC3Init       stm32f10x_tim.o
    0x08003ce8   0x08003ce8   0x00000012   Code   RO         2463    i.TIM_OC3PreloadConfig  stm32f10x_tim.o
    0x08003cfa   0x08003cfa   0x00000002   PAD
    0x08003cfc   0x08003cfc   0x0000007c   Code   RO         2465    i.TIM_OC4Init       stm32f10x_tim.o
    0x08003d78   0x08003d78   0x0000001a   Code   RO         2467    i.TIM_OC4PreloadConfig  stm32f10x_tim.o
    0x08003d92   0x08003d92   0x00000004   Code   RO         2482    i.TIM_SetCompare1   stm32f10x_tim.o
    0x08003d96   0x08003d96   0x00000004   Code   RO         2483    i.TIM_SetCompare2   stm32f10x_tim.o
    0x08003d9a   0x08003d9a   0x00000004   Code   RO         2484    i.TIM_SetCompare3   stm32f10x_tim.o
    0x08003d9e   0x08003d9e   0x00000006   Code   RO         2485    i.TIM_SetCompare4   stm32f10x_tim.o
    0x08003da4   0x08003da4   0x000000a4   Code   RO         2492    i.TIM_TimeBaseInit  stm32f10x_tim.o
    0x08003e48   0x08003e48   0x0000003c   Code   RO         4417    i.TaskScheduler_Init  task_scheduler.o
    0x08003e84   0x08003e84   0x00000090   Code   RO         4418    i.TaskScheduler_Register  task_scheduler.o
    0x08003f14   0x08003f14   0x0000008c   Code   RO         4419    i.TaskScheduler_Run  task_scheduler.o
    0x08003fa0   0x08003fa0   0x0000000c   Code   RO         4421    i.TaskScheduler_Start  task_scheduler.o
    0x08003fac   0x08003fac   0x0000000c   Code   RO         4283    i.Task_Battery_Update  system_manager.o
    0x08003fb8   0x08003fb8   0x00000008   Code   RO         4284    i.Task_Face_Update  system_manager.o
    0x08003fc0   0x08003fc0   0x00000008   Code   RO         4285    i.Task_MPU6050_Update  system_manager.o
    0x08003fc8   0x08003fc8   0x00000020   Code   RO         4286    i.Task_RandomFace_Update  system_manager.o
    0x08003fe8   0x08003fe8   0x0000000c   Code   RO         4287    i.Task_Servo_Update  system_manager.o
    0x08003ff4   0x08003ff4   0x00000002   Code   RO         4288    i.Task_System_Monitor  system_manager.o
    0x08003ff6   0x08003ff6   0x00000008   Code   RO         4289    i.Task_Touch_Process  system_manager.o
    0x08003ffe   0x08003ffe   0x00000008   Code   RO         4290    i.Task_Voice_Process  system_manager.o
    0x08004006   0x08004006   0x00000002   PAD
    0x08004008   0x08004008   0x00000094   Code   RO         3911    i.Touch_Init        touch.o
    0x0800409c   0x0800409c   0x00000140   Code   RO         3912    i.Touch_Process     touch.o
    0x080041dc   0x080041dc   0x000000c4   Code   RO         3822    i.USART1_Config     usart.o
    0x080042a0   0x080042a0   0x00000008   Code   RO         4803    i.USART1_IRQHandler  stm32f10x_it.o
    0x080042a8   0x080042a8   0x00000030   Code   RO         3823    i.USART1_IRQHandler_Impl  usart.o
    0x080042d8   0x080042d8   0x0000001e   Code   RO         2957    i.USART_ClearITPendingBit  stm32f10x_usart.o
    0x080042f6   0x080042f6   0x00000018   Code   RO         2960    i.USART_Cmd         stm32f10x_usart.o
    0x0800430e   0x0800430e   0x0000001a   Code   RO         2963    i.USART_GetFlagStatus  stm32f10x_usart.o
    0x08004328   0x08004328   0x00000054   Code   RO         2964    i.USART_GetITStatus  stm32f10x_usart.o
    0x0800437c   0x0800437c   0x0000004a   Code   RO         2966    i.USART_ITConfig    stm32f10x_usart.o
    0x080043c6   0x080043c6   0x00000002   PAD
    0x080043c8   0x080043c8   0x000000d8   Code   RO         2967    i.USART_Init        stm32f10x_usart.o
    0x080044a0   0x080044a0   0x00000040   Code   RO         3827    i.USART_ProcessVoiceData  usart.o
    0x080044e0   0x080044e0   0x0000000a   Code   RO         2974    i.USART_ReceiveData  stm32f10x_usart.o
    0x080044ea   0x080044ea   0x00000002   PAD
    0x080044ec   0x080044ec   0x0000000c   Code   RO         3828    i.USART_RegisterVoiceCallback  usart.o
    0x080044f8   0x080044f8   0x00000008   Code   RO         2977    i.USART_SendData    stm32f10x_usart.o
    0x08004500   0x08004500   0x000000e4   Code   RO         3269    i.UpdateBlinkSpecial  face.o
    0x080045e4   0x080045e4   0x00000084   Code   RO         3270    i.UpdateDynamicSequence  face.o
    0x08004668   0x08004668   0x00000130   Code   RO         3271    i.UpdateSimpleFace  face.o
    0x08004798   0x08004798   0x00000020   Code   RO         3272    i.UpdateSpecialFace  face.o
    0x080047b8   0x080047b8   0x00000004   Code   RO         4804    i.UsageFault_Handler  stm32f10x_it.o
    0x080047bc   0x080047bc   0x00000210   Code   RO         4291    i.VoiceCommandHandler  system_manager.o
    0x080049cc   0x080049cc   0x000000b6   Code   RO         3273    i.VoiceCommand_To_FaceType  face.o
    0x08004a82   0x08004a82   0x00000002   PAD
    0x08004a84   0x08004a84   0x00000040   Code   RO         3688    i.W25Q64_Init       w25q64.o
    0x08004ac4   0x08004ac4   0x00000078   Code   RO         3690    i.W25Q64_ReadData   w25q64.o
    0x08004b3c   0x08004b3c   0x00000050   Code   RO         3691    i.W25Q64_ReadID     w25q64.o
    0x08004b8c   0x08004b8c   0x00000020   Code   RO         5123    i.__0printf         mc_w.l(printfa.o)
    0x08004bac   0x08004bac   0x00000026   Code   RO         5175    i.__ARM_fpclassifyf  m_ws.l(fpclassifyf.o)
    0x08004bd2   0x08004bd2   0x00000004   Code   RO         5179    i.__mathlib_flt_infnan2  m_ws.l(funder.o)
    0x08004bd6   0x08004bd6   0x0000000a   Code   RO         5183    i.__mathlib_flt_underflow  m_ws.l(funder.o)
    0x08004be0   0x08004be0   0x0000000e   Code   RO         5244    i.__scatterload_copy  mc_w.l(handlers.o)
    0x08004bee   0x08004bee   0x00000002   Code   RO         5245    i.__scatterload_null  mc_w.l(handlers.o)
    0x08004bf0   0x08004bf0   0x0000000e   Code   RO         5246    i.__scatterload_zeroinit  mc_w.l(handlers.o)
    0x08004bfe   0x08004bfe   0x00000002   PAD
    0x08004c00   0x08004c00   0x0000000c   Code   RO         5212    i.__set_errno       mc_w.l(errno.o)
    0x08004c0c   0x08004c0c   0x00000164   Code   RO         5130    i._fp_digits        mc_w.l(printfa.o)
    0x08004d70   0x08004d70   0x000006dc   Code   RO         5131    i._printf_core      mc_w.l(printfa.o)
    0x0800544c   0x0800544c   0x00000024   Code   RO         5132    i._printf_post_padding  mc_w.l(printfa.o)
    0x08005470   0x08005470   0x0000002e   Code   RO         5133    i._printf_pre_padding  mc_w.l(printfa.o)
    0x0800549e   0x0800549e   0x00000002   PAD
    0x080054a0   0x080054a0   0x000001e0   Code   RO         4048    i.angles_update     mpu6050.o
    0x08005680   0x08005680   0x0000025c   Code   RO         4866    i.atan2f            m_ws.l(atan2f.o)
    0x080058dc   0x080058dc   0x0000000e   Code   RO         4220    i.delay             si2c.o
    0x080058ea   0x080058ea   0x00000002   PAD
    0x080058ec   0x080058ec   0x00000024   Code   RO         3829    i.fputc             usart.o
    0x08005910   0x08005910   0x00000084   Code   RO         4050    i.is_shaking        mpu6050.o
    0x08005994   0x08005994   0x0000001e   Code   RO         4763    i.main              main.o
    0x080059b2   0x080059b2   0x00000002   PAD
    0x080059b4   0x080059b4   0x00000214   Code   RO         4051    i.motion_detection_update  mpu6050.o
    0x08005bc8   0x08005bc8   0x00000020   Code   RO         4052    i.reg_read          mpu6050.o
    0x08005be8   0x08005be8   0x0000001c   Code   RO         4053    i.reg_write         mpu6050.o
    0x08005c04   0x08005c04   0x0000002c   Code   RO         4874    i.sqrtf             m_ws.l(sqrtf.o)
    0x08005c30   0x08005c30   0x00000018   Code   RO         4054    i.trigger_action    mpu6050.o
    0x08005c48   0x08005c48   0x00000acc   Data   RO         3276    .constdata          face.o
    0x08006714   0x08006714   0x000002fe   Data   RO         3461    .constdata          pwm.o
    0x08006a12   0x08006a12   0x00000002   PAD
    0x08006a14   0x08006a14   0x000000f4   Data   RO         3759    .constdata          random.o
    0x08006b08   0x08006b08   0x0000003c   Data   RO         3915    .constdata          touch.o
    0x08006b44   0x08006b44   0x00000042   Data   RO         4292    .conststring        system_manager.o
    0x08006b86   0x08006b86   0x00000002   PAD
    0x08006b88   0x08006b88   0x00000020   Data   RO         5242    Region$$Table       anon$$obj.o


    Execution Region RW_IRAM1 (Exec base: 0x20000000, Load base: 0x08006ba8, Size: 0x00001560, Max: 0x00005000, ABSOLUTE, COMPRESSED[0x00000034])

    Exec Addr    Load Addr    Size         Type   Attr      Idx    E Section Name        Object

    0x20000000   COMPRESSED   0x00000400   Data   RW         3275    .ccmram             face.o
    0x20000400   COMPRESSED   0x00000014   Data   RW         1805    .data               stm32f10x_rcc.o
    0x20000414   COMPRESSED   0x00000009   Data   RW         3277    .data               face.o
    0x2000041d   COMPRESSED   0x00000003   PAD
    0x20000420   COMPRESSED   0x00000016   Data   RW         3462    .data               pwm.o
    0x20000436   COMPRESSED   0x00000001   Data   RW         3760    .data               random.o
    0x20000437   COMPRESSED   0x00000001   PAD
    0x20000438   COMPRESSED   0x00000014   Data   RW         3831    .data               usart.o
    0x2000044c   COMPRESSED   0x00000038   Data   RW         3916    .data               touch.o
    0x20000484   COMPRESSED   0x0000000c   Data   RW         3992    .data               delay.o
    0x20000490   COMPRESSED   0x0000007d   Data   RW         4056    .data               mpu6050.o
    0x2000050d   COMPRESSED   0x00000003   PAD
    0x20000510   COMPRESSED   0x00000028   Data   RW         4293    .data               system_manager.o
    0x20000538   COMPRESSED   0x00000002   Data   RW         4424    .data               task_scheduler.o
    0x2000053a   COMPRESSED   0x00000002   PAD
    0x2000053c   COMPRESSED   0x0000000e   Data   RW         4485    .data               battery.o
    0x2000054a   COMPRESSED   0x00000002   PAD
    0x2000054c   COMPRESSED   0x00000004   Data   RW         5205    .data               mc_w.l(stdout.o)
    0x20000550   COMPRESSED   0x00000004   Data   RW         5213    .data               mc_w.l(errno.o)
    0x20000554        -       0x00000360   Zero   RW         3274    .bss                face.o
    0x200008b4        -       0x000001f8   Zero   RW         3460    .bss                pwm.o
    0x20000aac        -       0x0000001c   Zero   RW         3758    .bss                random.o
    0x20000ac8        -       0x00000010   Zero   RW         3830    .bss                usart.o
    0x20000ad8        -       0x00000010   Zero   RW         4055    .bss                mpu6050.o
    0x20000ae8        -       0x000001f4   Zero   RW         4423    .bss                task_scheduler.o
    0x20000cdc        -       0x00000480   Zero   RW         4628    .bss                oled.o
    0x2000115c   COMPRESSED   0x00000004   PAD
    0x20001160        -       0x00000400   Zero   RW            1    STACK               startup_stm32f10x_md.o


==============================================================================

Image component sizes


      Code (inc. data)   RO Data    RW Data    ZI Data      Debug   Object Name

       672        154          0         14          0       4761   battery.o
         0          0          0          0          0       4496   core_cm3.o
       264         28          0         12          0       2032   delay.o
      1778        160       2764       1033        864      16901   face.o
        64          0          0          0          0        835   main.o
       112         12          0          0          0     213188   misc.o
      2104        322          0        125         16       9248   mpu6050.o
      1102         44          0          0       1152       7464   oled.o
      2662        240        766         22        504      16151   pwm.o
       546         52        244          1         28       4753   random.o
       966         18          0          0          0       5110   si2c.o
       344         22          0          0          0       1738   spi.o
        36          8        236          0       1024        796   startup_stm32f10x_md.o
       394         10          0          0          0      18037   stm32f10x_adc.o
       458          6          0          0          0      12970   stm32f10x_gpio.o
        60          4          0          0          0       4002   stm32f10x_it.o
        68         30          0          0          0       2190   stm32f10x_iwdg.o
       276         32          0         20          0      12854   stm32f10x_rcc.o
       112          0          0          0          0      10346   stm32f10x_spi.o
       972         92          0          0          0      30060   stm32f10x_tim.o
       472          6          0          0          0      12271   stm32f10x_usart.o
      2310        524         66         40          0      12642   system_manager.o
       328         28          0          0          0      51921   system_stm32f10x.o
       356         38          0          2        500       3088   task_scheduler.o
       662        136         60         56          0       5842   touch.o
       616         92          0         20         16       5708   usart.o
       264         20          0          0          0       2000   w25q64.o

    ----------------------------------------------------------------------
     18036       2078       4172       1356       4108     471404   Object Totals
         0          0         32          0          0          0   (incl. Generated)
        38          0          4         11          4          0   (incl. Padding)

    ----------------------------------------------------------------------

      Code (inc. data)   RO Data    RW Data    ZI Data      Debug   Library Member Name

       604         76          0          0          0        116   atan2f.o
        38          0          0          0          0         68   fpclassifyf.o
        14          0          0          0          0        136   funder.o
        44          0          0          0          0         80   sqrtf.o
        86          0          0          0          0          0   __dczerorl2.o
         0          0          0          0          0          0   entry.o
         0          0          0          0          0          0   entry10a.o
         0          0          0          0          0          0   entry11a.o
         8          4          0          0          0          0   entry2.o
         4          0          0          0          0          0   entry5.o
         0          0          0          0          0          0   entry7b.o
         0          0          0          0          0          0   entry8b.o
         8          4          0          0          0          0   entry9a.o
        12          6          0          4          0         68   errno.o
        30          0          0          0          0          0   handlers.o
        36          8          0          0          0         68   init.o
         0          0          0          0          0          0   iusefp.o
        30          0          0          0          0         68   llshl.o
        36          0          0          0          0         68   llsshr.o
        32          0          0          0          0         68   llushr.o
        36          0          0          0          0         68   memcpya.o
        36          0          0          0          0        108   memseta.o
      2226         90          0          0          0        444   printfa.o
         0          0          0          4          0          0   stdout.o
        44          0          0          0          0         80   uidiv.o
        98          0          0          0          0         92   uldiv.o
        48          0          0          0          0         68   cdrcmple.o
        20          0          0          0          0         68   cfcmple.o
        20          0          0          0          0         68   cfrcmple.o
        56          0          0          0          0         88   d2f.o
       334          0          0          0          0        148   dadd.o
       222          0          0          0          0        100   ddiv.o
       186          0          0          0          0        176   depilogue.o
        48          0          0          0          0         68   dfixul.o
        26          0          0          0          0         76   dfltui.o
       228          0          0          0          0         96   dmul.o
        38          0          0          0          0         68   f2d.o
       176          0          0          0          0        140   fadd.o
       124          0          0          0          0         88   fdiv.o
       110          0          0          0          0        168   fepilogue.o
        40          0          0          0          0         68   ffixui.o
        18          0          0          0          0         68   fflti.o
        10          0          0          0          0         68   ffltui.o
       100          0          0          0          0         76   fmul.o
        24          0          0          0          0         68   fscalb.o
        94          0          0          0          0         96   fsqrt.o

    ----------------------------------------------------------------------
      5352        188          0          8          0       3396   Library Totals
         8          0          0          0          0          0   (incl. Padding)

    ----------------------------------------------------------------------

      Code (inc. data)   RO Data    RW Data    ZI Data      Debug   Library Name

       700         76          0          0          0        400   m_ws.l
      2722        112          0          8          0       1132   mc_w.l
      1922          0          0          0          0       1864   mf_w.l

    ----------------------------------------------------------------------
      5352        188          0          8          0       3396   Library Totals

    ----------------------------------------------------------------------

==============================================================================


      Code (inc. data)   RO Data    RW Data    ZI Data      Debug   

     23388       2266       4172       1364       4108     462240   Grand Totals
     23388       2266       4172         52       4108     462240   ELF Image Totals (compressed)
     23388       2266       4172         52          0          0   ROM Totals

==============================================================================

    Total RO  Size (Code + RO Data)                27560 (  26.91kB)
    Total RW  Size (RW Data + ZI Data)              5472 (   5.34kB)
    Total ROM Size (Code + RO Data + RW Data)      27612 (  26.96kB)

==============================================================================

